[0.023s] Invoking command in '/home/ljhua/ROBOCON2026/lidar_test/rc2026/build/linefit_ground_segmentation': CMAKE_PREFIX_PATH=/opt/ros/humble /usr/bin/cmake /home/ljhua/ROBOCON2026/lidar_test/rc2026/src/rm_perception/linefit_ground_segementation_ros2/linefit_ground_segmentation -DAMENT_CMAKE_SYMLINK_INSTALL=1 -DCMAKE_INSTALL_PREFIX=/home/ljhua/ROBOCON2026/lidar_test/rc2026/install/linefit_ground_segmentation
[0.508s] -- The C compiler identification is GNU 11.4.0
[0.508s] -- The CXX compiler identification is GNU 11.4.0
[0.509s] -- Detecting C compiler ABI info
[0.509s] -- Detecting C compiler ABI info - done
[0.509s] -- Check for working C compiler: /usr/bin/cc - skipped
[0.509s] -- Detecting C compile features
[0.509s] -- Detecting C compile features - done
[0.509s] -- Detecting CXX compiler ABI info
[0.509s] -- Detecting CXX compiler ABI info - done
[0.509s] -- Check for working CXX compiler: /usr/bin/c++ - skipped
[0.510s] -- Detecting CXX compile features
[0.510s] -- Detecting CXX compile features - done
[0.510s] -- Found ament_cmake_auto: 1.3.12 (/opt/ros/humble/share/ament_cmake_auto/cmake)
[0.765s] -- Found Python3: /usr/bin/python3 (found version "3.10.12") found components: Interpreter 
[0.821s] -- Override CMake install command with custom implementation using symlinks instead of copying resources
[0.960s] -- Found rosidl_generator_c: 3.1.7 (/opt/ros/humble/share/rosidl_generator_c/cmake)
[0.963s] -- Found rosidl_adapter: 3.1.7 (/opt/ros/humble/share/rosidl_adapter/cmake)
[0.968s] -- Found rosidl_generator_cpp: 3.1.7 (/opt/ros/humble/share/rosidl_generator_cpp/cmake)
[0.976s] -- Using all available rosidl_typesupport_c: rosidl_typesupport_fastrtps_c;rosidl_typesupport_introspection_c
[0.987s] -- Using all available rosidl_typesupport_cpp: rosidl_typesupport_fastrtps_cpp;rosidl_typesupport_introspection_cpp
[1.015s] -- Found rmw_implementation_cmake: 6.1.2 (/opt/ros/humble/share/rmw_implementation_cmake/cmake)
[1.017s] -- Found rmw_fastrtps_cpp: 6.2.8 (/opt/ros/humble/share/rmw_fastrtps_cpp/cmake)
[1.075s] -- Found OpenSSL: /usr/lib/x86_64-linux-gnu/libcrypto.so (found version "3.0.2")  
[1.098s] -- Found FastRTPS: /opt/ros/humble/include  
[1.127s] -- Using RMW implementation 'rmw_fastrtps_cpp' as default
[1.134s] -- Looking for pthread.h
[1.193s] -- Looking for pthread.h - found
[1.193s] -- Performing Test CMAKE_HAVE_LIBC_PTHREAD
[1.254s] -- Performing Test CMAKE_HAVE_LIBC_PTHREAD - Success
[1.256s] -- Found Threads: TRUE  
[1.378s] -- Checking for module 'eigen3'
[1.387s] --   Found eigen3, version 3.4.0
[1.414s] -- Found Eigen: /usr/include/eigen3 (Required is at least version "3.1") 
[1.414s] -- Eigen found (include: /usr/include/eigen3, version: 3.4.0)
[1.447s] -- Checking for module 'flann'
[1.456s] --   Found flann, version 1.9.1
[1.482s] -- Found FLANN: /usr/lib/x86_64-linux-gnu/libflann_cpp.so  
[1.483s] -- FLANN found (include: /usr/include, lib: /usr/lib/x86_64-linux-gnu/libflann_cpp.so)
[2.405s] -- Checking for module 'libusb-1.0'
[2.438s] --   Found libusb-1.0, version 1.0.25
[2.501s] -- Found libusb: /usr/lib/x86_64-linux-gnu/libusb-1.0.so  
[2.502s] -- OpenNI found (version: 1.5.4.0, include: /usr/include/ni, lib: /usr/lib/libOpenNI.so;libusb::libusb)
[2.621s] -- OpenNI2 found (version: 2.2.0.33, include: /usr/include/openni2, lib: /usr/lib/x86_64-linux-gnu/libOpenNI2.so;libusb::libusb)
[2.823s] -- Eigen found (include: /usr/include/eigen3, version: 3.4.0)
[2.829s] -- OpenNI found (version: 1.5.4.0, include: /usr/include/ni, lib: /usr/lib/libOpenNI.so;libusb::libusb)
[2.838s] -- OpenNI2 found (version: 2.2.0.33, include: /usr/include/openni2, lib: /usr/lib/x86_64-linux-gnu/libOpenNI2.so;libusb::libusb)
[2.958s] -- Found Qhull version 8.0.2
[3.063s] -- OpenNI found (version: 1.5.4.0, include: /usr/include/ni, lib: /usr/lib/libOpenNI.so;libusb::libusb)
[3.161s] -- Found PCL_COMMON: /usr/lib/x86_64-linux-gnu/libpcl_common.so  
[3.162s] -- Found PCL_KDTREE: /usr/lib/x86_64-linux-gnu/libpcl_kdtree.so  
[3.162s] -- Found PCL_OCTREE: /usr/lib/x86_64-linux-gnu/libpcl_octree.so  
[3.163s] -- Found PCL_SEARCH: /usr/lib/x86_64-linux-gnu/libpcl_search.so  
[3.164s] -- Found PCL_SAMPLE_CONSENSUS: /usr/lib/x86_64-linux-gnu/libpcl_sample_consensus.so  
[3.164s] -- Found PCL_FILTERS: /usr/lib/x86_64-linux-gnu/libpcl_filters.so  
[3.165s] -- Found PCL_2D: /usr/include/pcl-1.12  
[3.165s] -- Found PCL_GEOMETRY: /usr/include/pcl-1.12  
[3.165s] -- Found PCL_IO: /usr/lib/x86_64-linux-gnu/libpcl_io.so  
[3.166s] -- Found PCL_FEATURES: /usr/lib/x86_64-linux-gnu/libpcl_features.so  
[3.167s] -- Found PCL_ML: /usr/lib/x86_64-linux-gnu/libpcl_ml.so  
[3.167s] -- Found PCL_SEGMENTATION: /usr/lib/x86_64-linux-gnu/libpcl_segmentation.so  
[3.168s] -- Found PCL_VISUALIZATION: /usr/lib/x86_64-linux-gnu/libpcl_visualization.so  
[3.169s] -- Found PCL_SURFACE: /usr/lib/x86_64-linux-gnu/libpcl_surface.so  
[3.169s] -- Found PCL_REGISTRATION: /usr/lib/x86_64-linux-gnu/libpcl_registration.so  
[3.170s] -- Found PCL_KEYPOINTS: /usr/lib/x86_64-linux-gnu/libpcl_keypoints.so  
[3.171s] -- Found PCL_TRACKING: /usr/lib/x86_64-linux-gnu/libpcl_tracking.so  
[3.171s] -- Found PCL_RECOGNITION: /usr/lib/x86_64-linux-gnu/libpcl_recognition.so  
[3.172s] -- Found PCL_STEREO: /usr/lib/x86_64-linux-gnu/libpcl_stereo.so  
[3.173s] -- Found PCL_APPS: /usr/lib/x86_64-linux-gnu/libpcl_apps.so  
[3.173s] -- Found PCL_IN_HAND_SCANNER: /usr/include/pcl-1.12  
[3.174s] -- Found PCL_MODELER: /usr/include/pcl-1.12  
[3.175s] -- Found PCL_POINT_CLOUD_EDITOR: /usr/include/pcl-1.12  
[3.175s] -- Found PCL_OUTOFCORE: /usr/lib/x86_64-linux-gnu/libpcl_outofcore.so  
[3.176s] -- Found PCL_PEOPLE: /usr/lib/x86_64-linux-gnu/libpcl_people.so  
[3.200s] -- Found eigen3_cmake_module: 0.1.1 (/opt/ros/humble/share/eigen3_cmake_module/cmake)
[3.201s] -- Found Eigen3: TRUE (found version "3.4.0") 
[3.201s] -- Ensuring Eigen3 include directory is part of orocos-kdl CMake target
[3.270s] [0mIn this package, headers install destination is set to `include` by ament_auto_package. It is recommended to install `include/linefit_ground_segmentation` instead and will be the default behavior of ament_auto_package from ROS 2 Kilted Kaiju. On distributions before Kilted, ament_auto_package behaves the same way when you use USE_SCOPED_HEADER_INSTALL_DIR option.[0m
[3.275s] -- Configuring done
[3.314s] -- Generating done
[3.320s] -- Build files have been written to: /home/ljhua/ROBOCON2026/lidar_test/rc2026/build/linefit_ground_segmentation
[3.333s] Invoked command in '/home/ljhua/ROBOCON2026/lidar_test/rc2026/build/linefit_ground_segmentation' returned '0': CMAKE_PREFIX_PATH=/opt/ros/humble /usr/bin/cmake /home/ljhua/ROBOCON2026/lidar_test/rc2026/src/rm_perception/linefit_ground_segementation_ros2/linefit_ground_segmentation -DAMENT_CMAKE_SYMLINK_INSTALL=1 -DCMAKE_INSTALL_PREFIX=/home/ljhua/ROBOCON2026/lidar_test/rc2026/install/linefit_ground_segmentation
[3.335s] Invoking command in '/home/ljhua/ROBOCON2026/lidar_test/rc2026/build/linefit_ground_segmentation': CMAKE_PREFIX_PATH=/opt/ros/humble /usr/bin/cmake --build /home/ljhua/ROBOCON2026/lidar_test/rc2026/build/linefit_ground_segmentation -- -j20 -l20
[3.371s] [ 40%] [32mBuilding CXX object CMakeFiles/linefit_ground_segmentation.dir/src/segment.cc.o[0m
[3.371s] [ 40%] [32mBuilding CXX object CMakeFiles/linefit_ground_segmentation.dir/src/viewer.cc.o[0m
[3.373s] [ 60%] [32mBuilding CXX object CMakeFiles/linefit_ground_segmentation.dir/src/bin.cc.o[0m
[3.374s] [ 80%] [32mBuilding CXX object CMakeFiles/linefit_ground_segmentation.dir/src/ground_segmentation.cc.o[0m
[15.296s] [100%] [32m[1mLinking CXX shared library liblinefit_ground_segmentation.so[0m
[15.759s] [100%] Built target linefit_ground_segmentation
[15.768s] Invoked command in '/home/ljhua/ROBOCON2026/lidar_test/rc2026/build/linefit_ground_segmentation' returned '0': CMAKE_PREFIX_PATH=/opt/ros/humble /usr/bin/cmake --build /home/ljhua/ROBOCON2026/lidar_test/rc2026/build/linefit_ground_segmentation -- -j20 -l20
[15.770s] Invoking command in '/home/ljhua/ROBOCON2026/lidar_test/rc2026/build/linefit_ground_segmentation': CMAKE_PREFIX_PATH=/opt/ros/humble /usr/bin/cmake --install /home/ljhua/ROBOCON2026/lidar_test/rc2026/build/linefit_ground_segmentation
[15.778s] -- Install configuration: ""
[15.778s] -- Execute custom install script
[15.779s] -- Symlinking: /home/ljhua/ROBOCON2026/lidar_test/rc2026/install/linefit_ground_segmentation/include/ground_segmentation/bin.h
[15.787s] -- Symlinking: /home/ljhua/ROBOCON2026/lidar_test/rc2026/install/linefit_ground_segmentation/include/ground_segmentation/ground_segmentation.h
[15.793s] -- Symlinking: /home/ljhua/ROBOCON2026/lidar_test/rc2026/install/linefit_ground_segmentation/include/ground_segmentation/segment.h
[15.799s] -- Symlinking: /home/ljhua/ROBOCON2026/lidar_test/rc2026/install/linefit_ground_segmentation/include/ground_segmentation/typedefs.h
[15.809s] -- Symlinking: /home/ljhua/ROBOCON2026/lidar_test/rc2026/install/linefit_ground_segmentation/include/ground_segmentation/viewer.h
[15.818s] -- Symlinking: /home/ljhua/ROBOCON2026/lidar_test/rc2026/install/linefit_ground_segmentation/share/linefit_ground_segmentation/environment/library_path.sh
[15.826s] -- Symlinking: /home/ljhua/ROBOCON2026/lidar_test/rc2026/install/linefit_ground_segmentation/share/linefit_ground_segmentation/environment/library_path.dsv
[15.835s] -- Symlinking: /home/ljhua/ROBOCON2026/lidar_test/rc2026/install/linefit_ground_segmentation/lib/liblinefit_ground_segmentation.so
[15.842s] -- Symlinking: /home/ljhua/ROBOCON2026/lidar_test/rc2026/install/linefit_ground_segmentation/share/ament_index/resource_index/package_run_dependencies/linefit_ground_segmentation
[15.852s] -- Symlinking: /home/ljhua/ROBOCON2026/lidar_test/rc2026/install/linefit_ground_segmentation/share/ament_index/resource_index/parent_prefix_path/linefit_ground_segmentation
[15.857s] -- Symlinking: /home/ljhua/ROBOCON2026/lidar_test/rc2026/install/linefit_ground_segmentation/share/linefit_ground_segmentation/environment/ament_prefix_path.sh
[15.865s] -- Symlinking: /home/ljhua/ROBOCON2026/lidar_test/rc2026/install/linefit_ground_segmentation/share/linefit_ground_segmentation/environment/ament_prefix_path.dsv
[15.875s] -- Symlinking: /home/ljhua/ROBOCON2026/lidar_test/rc2026/install/linefit_ground_segmentation/share/linefit_ground_segmentation/environment/path.sh
[15.884s] -- Symlinking: /home/ljhua/ROBOCON2026/lidar_test/rc2026/install/linefit_ground_segmentation/share/linefit_ground_segmentation/environment/path.dsv
[15.894s] -- Symlinking: /home/ljhua/ROBOCON2026/lidar_test/rc2026/install/linefit_ground_segmentation/share/linefit_ground_segmentation/local_setup.bash
[15.900s] -- Symlinking: /home/ljhua/ROBOCON2026/lidar_test/rc2026/install/linefit_ground_segmentation/share/linefit_ground_segmentation/local_setup.sh
[15.906s] -- Symlinking: /home/ljhua/ROBOCON2026/lidar_test/rc2026/install/linefit_ground_segmentation/share/linefit_ground_segmentation/local_setup.zsh
[15.916s] -- Symlinking: /home/ljhua/ROBOCON2026/lidar_test/rc2026/install/linefit_ground_segmentation/share/linefit_ground_segmentation/local_setup.dsv
[15.924s] -- Symlinking: /home/ljhua/ROBOCON2026/lidar_test/rc2026/install/linefit_ground_segmentation/share/linefit_ground_segmentation/package.dsv
[15.934s] -- Symlinking: /home/ljhua/ROBOCON2026/lidar_test/rc2026/install/linefit_ground_segmentation/share/ament_index/resource_index/packages/linefit_ground_segmentation
[15.941s] -- Symlinking: /home/ljhua/ROBOCON2026/lidar_test/rc2026/install/linefit_ground_segmentation/share/linefit_ground_segmentation/cmake/ament_cmake_export_dependencies-extras.cmake
[15.950s] -- Symlinking: /home/ljhua/ROBOCON2026/lidar_test/rc2026/install/linefit_ground_segmentation/share/linefit_ground_segmentation/cmake/ament_cmake_export_include_directories-extras.cmake
[15.959s] -- Symlinking: /home/ljhua/ROBOCON2026/lidar_test/rc2026/install/linefit_ground_segmentation/share/linefit_ground_segmentation/cmake/ament_cmake_export_libraries-extras.cmake
[15.966s] -- Symlinking: /home/ljhua/ROBOCON2026/lidar_test/rc2026/install/linefit_ground_segmentation/share/linefit_ground_segmentation/cmake/linefit_ground_segmentationConfig.cmake
[15.975s] -- Symlinking: /home/ljhua/ROBOCON2026/lidar_test/rc2026/install/linefit_ground_segmentation/share/linefit_ground_segmentation/cmake/linefit_ground_segmentationConfig-version.cmake
[15.981s] -- Symlinking: /home/ljhua/ROBOCON2026/lidar_test/rc2026/install/linefit_ground_segmentation/share/linefit_ground_segmentation/package.xml
[15.989s] Invoked command in '/home/ljhua/ROBOCON2026/lidar_test/rc2026/build/linefit_ground_segmentation' returned '0': CMAKE_PREFIX_PATH=/opt/ros/humble /usr/bin/cmake --install /home/ljhua/ROBOCON2026/lidar_test/rc2026/build/linefit_ground_segmentation
