[0.010s] Invoking command in '/home/ljhua/ROBOCON2026/lidar_test/CSU-RM-Sentry/build/linefit_ground_segmentation_ros': AMENT_PREFIX_PATH=/home/ljhua/ROBOCON2026/lidar_test/CSU-RM-Sentry/install/linefit_ground_segmentation:${AMENT_PREFIX_PATH} CMAKE_PREFIX_PATH=/home/ljhua/ROBOCON2026/lidar_test/CSU-RM-Sentry/install/linefit_ground_segmentation:/opt/ros/humble LD_LIBRARY_PATH=/home/ljhua/ROBOCON2026/lidar_test/CSU-RM-Sentry/install/linefit_ground_segmentation/lib:${LD_LIBRARY_PATH} /usr/bin/cmake /home/ljhua/ROBOCON2026/lidar_test/CSU-RM-Sentry/src/rm_perception/linefit_ground_segementation_ros2/linefit_ground_segmentation_ros -DAMENT_CMAKE_SYMLINK_INSTALL=1 -DCMAKE_INSTALL_PREFIX=/home/ljhua/ROBOCON2026/lidar_test/CSU-RM-Sentry/install/linefit_ground_segmentation_ros
[0.064s] -- The C compiler identification is GNU 11.4.0
[0.127s] -- The CXX compiler identification is GNU 11.4.0
[0.137s] -- Detecting C compiler ABI info
[0.233s] -- Detecting C compiler ABI info - done
[0.242s] -- Check for working C compiler: /usr/bin/cc - skipped
[0.242s] -- Detecting C compile features
[0.243s] -- Detecting C compile features - done
[0.249s] -- Detecting CXX compiler ABI info
[0.353s] -- Detecting CXX compiler ABI info - done
[0.364s] -- Check for working CXX compiler: /usr/bin/c++ - skipped
[0.364s] -- Detecting CXX compile features
[0.365s] -- Detecting CXX compile features - done
[0.372s] -- Found ament_cmake_auto: 1.3.12 (/opt/ros/humble/share/ament_cmake_auto/cmake)
[1.005s] -- Found Python3: /usr/bin/python3 (found version "3.10.12") found components: Interpreter 
[1.074s] -- Override CMake install command with custom implementation using symlinks instead of copying resources
[1.197s] -- Found rosidl_generator_c: 3.1.7 (/opt/ros/humble/share/rosidl_generator_c/cmake)
[1.201s] -- Found rosidl_adapter: 3.1.7 (/opt/ros/humble/share/rosidl_adapter/cmake)
[1.209s] -- Found rosidl_generator_cpp: 3.1.7 (/opt/ros/humble/share/rosidl_generator_cpp/cmake)
[1.219s] -- Using all available rosidl_typesupport_c: rosidl_typesupport_fastrtps_c;rosidl_typesupport_introspection_c
[1.235s] -- Using all available rosidl_typesupport_cpp: rosidl_typesupport_fastrtps_cpp;rosidl_typesupport_introspection_cpp
[1.275s] -- Found rmw_implementation_cmake: 6.1.2 (/opt/ros/humble/share/rmw_implementation_cmake/cmake)
[1.278s] -- Found rmw_fastrtps_cpp: 6.2.8 (/opt/ros/humble/share/rmw_fastrtps_cpp/cmake)
[1.354s] -- Found OpenSSL: /usr/lib/x86_64-linux-gnu/libcrypto.so (found version "3.0.2")  
[1.385s] -- Found FastRTPS: /opt/ros/humble/include  
[1.427s] -- Using RMW implementation 'rmw_fastrtps_cpp' as default
[1.435s] -- Looking for pthread.h
[1.500s] -- Looking for pthread.h - found
[1.500s] -- Performing Test CMAKE_HAVE_LIBC_PTHREAD
[1.557s] -- Performing Test CMAKE_HAVE_LIBC_PTHREAD - Success
[1.558s] -- Found Threads: TRUE  
[1.759s] -- Checking for module 'eigen3'
[1.769s] --   Found eigen3, version 3.4.0
[1.797s] -- Found Eigen: /usr/include/eigen3 (Required is at least version "3.1") 
[1.797s] -- Eigen found (include: /usr/include/eigen3, version: 3.4.0)
[1.832s] -- Checking for module 'flann'
[1.844s] --   Found flann, version 1.9.1
[1.885s] -- Found FLANN: /usr/lib/x86_64-linux-gnu/libflann_cpp.so  
[1.886s] -- FLANN found (include: /usr/include, lib: /usr/lib/x86_64-linux-gnu/libflann_cpp.so)
[2.795s] -- Checking for module 'libusb-1.0'
[2.809s] --   Found libusb-1.0, version 1.0.25
[2.847s] -- Found libusb: /usr/lib/x86_64-linux-gnu/libusb-1.0.so  
[2.849s] -- OpenNI found (version: 1.5.4.0, include: /usr/include/ni, lib: /usr/lib/libOpenNI.so;libusb::libusb)
[2.908s] -- OpenNI2 found (version: 2.2.0.33, include: /usr/include/openni2, lib: /usr/lib/x86_64-linux-gnu/libOpenNI2.so;libusb::libusb)
[3.061s] -- Eigen found (include: /usr/include/eigen3, version: 3.4.0)
[3.068s] -- OpenNI found (version: 1.5.4.0, include: /usr/include/ni, lib: /usr/lib/libOpenNI.so;libusb::libusb)
[3.074s] -- OpenNI2 found (version: 2.2.0.33, include: /usr/include/openni2, lib: /usr/lib/x86_64-linux-gnu/libOpenNI2.so;libusb::libusb)
[3.220s] -- Found Qhull version 8.0.2
[3.359s] -- OpenNI found (version: 1.5.4.0, include: /usr/include/ni, lib: /usr/lib/libOpenNI.so;libusb::libusb)
[3.479s] -- Found PCL_COMMON: /usr/lib/x86_64-linux-gnu/libpcl_common.so  
[3.480s] -- Found PCL_KDTREE: /usr/lib/x86_64-linux-gnu/libpcl_kdtree.so  
[3.481s] -- Found PCL_OCTREE: /usr/lib/x86_64-linux-gnu/libpcl_octree.so  
[3.482s] -- Found PCL_SEARCH: /usr/lib/x86_64-linux-gnu/libpcl_search.so  
[3.483s] -- Found PCL_SAMPLE_CONSENSUS: /usr/lib/x86_64-linux-gnu/libpcl_sample_consensus.so  
[3.483s] -- Found PCL_FILTERS: /usr/lib/x86_64-linux-gnu/libpcl_filters.so  
[3.484s] -- Found PCL_2D: /usr/include/pcl-1.12  
[3.484s] -- Found PCL_GEOMETRY: /usr/include/pcl-1.12  
[3.485s] -- Found PCL_IO: /usr/lib/x86_64-linux-gnu/libpcl_io.so  
[3.486s] -- Found PCL_FEATURES: /usr/lib/x86_64-linux-gnu/libpcl_features.so  
[3.487s] -- Found PCL_ML: /usr/lib/x86_64-linux-gnu/libpcl_ml.so  
[3.488s] -- Found PCL_SEGMENTATION: /usr/lib/x86_64-linux-gnu/libpcl_segmentation.so  
[3.489s] -- Found PCL_VISUALIZATION: /usr/lib/x86_64-linux-gnu/libpcl_visualization.so  
[3.490s] -- Found PCL_SURFACE: /usr/lib/x86_64-linux-gnu/libpcl_surface.so  
[3.491s] -- Found PCL_REGISTRATION: /usr/lib/x86_64-linux-gnu/libpcl_registration.so  
[3.492s] -- Found PCL_KEYPOINTS: /usr/lib/x86_64-linux-gnu/libpcl_keypoints.so  
[3.492s] -- Found PCL_TRACKING: /usr/lib/x86_64-linux-gnu/libpcl_tracking.so  
[3.493s] -- Found PCL_RECOGNITION: /usr/lib/x86_64-linux-gnu/libpcl_recognition.so  
[3.495s] -- Found PCL_STEREO: /usr/lib/x86_64-linux-gnu/libpcl_stereo.so  
[3.496s] -- Found PCL_APPS: /usr/lib/x86_64-linux-gnu/libpcl_apps.so  
[3.497s] -- Found PCL_IN_HAND_SCANNER: /usr/include/pcl-1.12  
[3.497s] -- Found PCL_MODELER: /usr/include/pcl-1.12  
[3.497s] -- Found PCL_POINT_CLOUD_EDITOR: /usr/include/pcl-1.12  
[3.498s] -- Found PCL_OUTOFCORE: /usr/lib/x86_64-linux-gnu/libpcl_outofcore.so  
[3.504s] -- Found PCL_PEOPLE: /usr/lib/x86_64-linux-gnu/libpcl_people.so  
[3.519s] -- Found eigen3_cmake_module: 0.1.1 (/opt/ros/humble/share/eigen3_cmake_module/cmake)
[3.521s] -- Found Eigen3: TRUE (found version "3.4.0") 
[3.521s] -- Ensuring Eigen3 include directory is part of orocos-kdl CMake target
[3.545s] -- Configuring done
[3.594s] -- Generating done
[3.609s] -- Build files have been written to: /home/ljhua/ROBOCON2026/lidar_test/CSU-RM-Sentry/build/linefit_ground_segmentation_ros
[3.626s] Invoked command in '/home/ljhua/ROBOCON2026/lidar_test/CSU-RM-Sentry/build/linefit_ground_segmentation_ros' returned '0': AMENT_PREFIX_PATH=/home/ljhua/ROBOCON2026/lidar_test/CSU-RM-Sentry/install/linefit_ground_segmentation:${AMENT_PREFIX_PATH} CMAKE_PREFIX_PATH=/home/ljhua/ROBOCON2026/lidar_test/CSU-RM-Sentry/install/linefit_ground_segmentation:/opt/ros/humble LD_LIBRARY_PATH=/home/ljhua/ROBOCON2026/lidar_test/CSU-RM-Sentry/install/linefit_ground_segmentation/lib:${LD_LIBRARY_PATH} /usr/bin/cmake /home/ljhua/ROBOCON2026/lidar_test/CSU-RM-Sentry/src/rm_perception/linefit_ground_segementation_ros2/linefit_ground_segmentation_ros -DAMENT_CMAKE_SYMLINK_INSTALL=1 -DCMAKE_INSTALL_PREFIX=/home/ljhua/ROBOCON2026/lidar_test/CSU-RM-Sentry/install/linefit_ground_segmentation_ros
[3.627s] Invoking command in '/home/ljhua/ROBOCON2026/lidar_test/CSU-RM-Sentry/build/linefit_ground_segmentation_ros': AMENT_PREFIX_PATH=/home/ljhua/ROBOCON2026/lidar_test/CSU-RM-Sentry/install/linefit_ground_segmentation:${AMENT_PREFIX_PATH} CMAKE_PREFIX_PATH=/home/ljhua/ROBOCON2026/lidar_test/CSU-RM-Sentry/install/linefit_ground_segmentation:/opt/ros/humble LD_LIBRARY_PATH=/home/ljhua/ROBOCON2026/lidar_test/CSU-RM-Sentry/install/linefit_ground_segmentation/lib:${LD_LIBRARY_PATH} /usr/bin/cmake --build /home/ljhua/ROBOCON2026/lidar_test/CSU-RM-Sentry/build/linefit_ground_segmentation_ros -- -j20 -l20
[3.674s] [ 25%] [32mBuilding CXX object CMakeFiles/ground_segmentation_node.dir/src/ground_segmentation_node.cc.o[0m
[3.675s] [ 50%] [32mBuilding CXX object CMakeFiles/ground_segmentation_test_node.dir/src/ground_segmentation_test_node.cc.o[0m
[13.140s] [ 75%] [32m[1mLinking CXX executable ground_segmentation_test_node[0m
[13.665s] [ 75%] Built target ground_segmentation_test_node
[21.288s] [100%] [32m[1mLinking CXX executable ground_segmentation_node[0m
[21.786s] [100%] Built target ground_segmentation_node
[21.796s] Invoked command in '/home/ljhua/ROBOCON2026/lidar_test/CSU-RM-Sentry/build/linefit_ground_segmentation_ros' returned '0': AMENT_PREFIX_PATH=/home/ljhua/ROBOCON2026/lidar_test/CSU-RM-Sentry/install/linefit_ground_segmentation:${AMENT_PREFIX_PATH} CMAKE_PREFIX_PATH=/home/ljhua/ROBOCON2026/lidar_test/CSU-RM-Sentry/install/linefit_ground_segmentation:/opt/ros/humble LD_LIBRARY_PATH=/home/ljhua/ROBOCON2026/lidar_test/CSU-RM-Sentry/install/linefit_ground_segmentation/lib:${LD_LIBRARY_PATH} /usr/bin/cmake --build /home/ljhua/ROBOCON2026/lidar_test/CSU-RM-Sentry/build/linefit_ground_segmentation_ros -- -j20 -l20
[21.798s] Invoking command in '/home/ljhua/ROBOCON2026/lidar_test/CSU-RM-Sentry/build/linefit_ground_segmentation_ros': AMENT_PREFIX_PATH=/home/ljhua/ROBOCON2026/lidar_test/CSU-RM-Sentry/install/linefit_ground_segmentation:${AMENT_PREFIX_PATH} CMAKE_PREFIX_PATH=/home/ljhua/ROBOCON2026/lidar_test/CSU-RM-Sentry/install/linefit_ground_segmentation:/opt/ros/humble LD_LIBRARY_PATH=/home/ljhua/ROBOCON2026/lidar_test/CSU-RM-Sentry/install/linefit_ground_segmentation/lib:${LD_LIBRARY_PATH} /usr/bin/cmake --install /home/ljhua/ROBOCON2026/lidar_test/CSU-RM-Sentry/build/linefit_ground_segmentation_ros
[21.803s] -- Install configuration: ""
[21.804s] -- Execute custom install script
[21.804s] -- Symlinking: /home/ljhua/ROBOCON2026/lidar_test/CSU-RM-Sentry/install/linefit_ground_segmentation_ros/lib/linefit_ground_segmentation_ros/ground_segmentation_node
[21.814s] -- Symlinking: /home/ljhua/ROBOCON2026/lidar_test/CSU-RM-Sentry/install/linefit_ground_segmentation_ros/lib/linefit_ground_segmentation_ros/ground_segmentation_test_node
[21.827s] -- Symlinking: /home/ljhua/ROBOCON2026/lidar_test/CSU-RM-Sentry/install/linefit_ground_segmentation_ros/share/linefit_ground_segmentation_ros/launch/segmentation.launch.py
[21.835s] -- Symlinking: /home/ljhua/ROBOCON2026/lidar_test/CSU-RM-Sentry/install/linefit_ground_segmentation_ros/share/linefit_ground_segmentation_ros/launch/segmentation_params.yaml
[21.842s] -- Symlinking: /home/ljhua/ROBOCON2026/lidar_test/CSU-RM-Sentry/install/linefit_ground_segmentation_ros/share/linefit_ground_segmentation_ros/launch/test.launch.py
[21.849s] -- Symlinking: /home/ljhua/ROBOCON2026/lidar_test/CSU-RM-Sentry/install/linefit_ground_segmentation_ros/share/ament_index/resource_index/package_run_dependencies/linefit_ground_segmentation_ros
[21.856s] -- Symlinking: /home/ljhua/ROBOCON2026/lidar_test/CSU-RM-Sentry/install/linefit_ground_segmentation_ros/share/ament_index/resource_index/parent_prefix_path/linefit_ground_segmentation_ros
[21.862s] -- Symlinking: /home/ljhua/ROBOCON2026/lidar_test/CSU-RM-Sentry/install/linefit_ground_segmentation_ros/share/linefit_ground_segmentation_ros/environment/ament_prefix_path.sh
[21.868s] -- Symlinking: /home/ljhua/ROBOCON2026/lidar_test/CSU-RM-Sentry/install/linefit_ground_segmentation_ros/share/linefit_ground_segmentation_ros/environment/ament_prefix_path.dsv
[21.874s] -- Symlinking: /home/ljhua/ROBOCON2026/lidar_test/CSU-RM-Sentry/install/linefit_ground_segmentation_ros/share/linefit_ground_segmentation_ros/environment/path.sh
[21.881s] -- Symlinking: /home/ljhua/ROBOCON2026/lidar_test/CSU-RM-Sentry/install/linefit_ground_segmentation_ros/share/linefit_ground_segmentation_ros/environment/path.dsv
[21.889s] -- Symlinking: /home/ljhua/ROBOCON2026/lidar_test/CSU-RM-Sentry/install/linefit_ground_segmentation_ros/share/linefit_ground_segmentation_ros/local_setup.bash
[21.896s] -- Symlinking: /home/ljhua/ROBOCON2026/lidar_test/CSU-RM-Sentry/install/linefit_ground_segmentation_ros/share/linefit_ground_segmentation_ros/local_setup.sh
[21.903s] -- Symlinking: /home/ljhua/ROBOCON2026/lidar_test/CSU-RM-Sentry/install/linefit_ground_segmentation_ros/share/linefit_ground_segmentation_ros/local_setup.zsh
[21.910s] -- Symlinking: /home/ljhua/ROBOCON2026/lidar_test/CSU-RM-Sentry/install/linefit_ground_segmentation_ros/share/linefit_ground_segmentation_ros/local_setup.dsv
[21.917s] -- Symlinking: /home/ljhua/ROBOCON2026/lidar_test/CSU-RM-Sentry/install/linefit_ground_segmentation_ros/share/linefit_ground_segmentation_ros/package.dsv
[21.923s] -- Symlinking: /home/ljhua/ROBOCON2026/lidar_test/CSU-RM-Sentry/install/linefit_ground_segmentation_ros/share/ament_index/resource_index/packages/linefit_ground_segmentation_ros
[21.932s] -- Symlinking: /home/ljhua/ROBOCON2026/lidar_test/CSU-RM-Sentry/install/linefit_ground_segmentation_ros/share/linefit_ground_segmentation_ros/cmake/ament_cmake_export_dependencies-extras.cmake
[21.939s] -- Symlinking: /home/ljhua/ROBOCON2026/lidar_test/CSU-RM-Sentry/install/linefit_ground_segmentation_ros/share/linefit_ground_segmentation_ros/cmake/linefit_ground_segmentation_rosConfig.cmake
[21.947s] -- Symlinking: /home/ljhua/ROBOCON2026/lidar_test/CSU-RM-Sentry/install/linefit_ground_segmentation_ros/share/linefit_ground_segmentation_ros/cmake/linefit_ground_segmentation_rosConfig-version.cmake
[21.954s] -- Symlinking: /home/ljhua/ROBOCON2026/lidar_test/CSU-RM-Sentry/install/linefit_ground_segmentation_ros/share/linefit_ground_segmentation_ros/package.xml
[21.963s] Invoked command in '/home/ljhua/ROBOCON2026/lidar_test/CSU-RM-Sentry/build/linefit_ground_segmentation_ros' returned '0': AMENT_PREFIX_PATH=/home/ljhua/ROBOCON2026/lidar_test/CSU-RM-Sentry/install/linefit_ground_segmentation:${AMENT_PREFIX_PATH} CMAKE_PREFIX_PATH=/home/ljhua/ROBOCON2026/lidar_test/CSU-RM-Sentry/install/linefit_ground_segmentation:/opt/ros/humble LD_LIBRARY_PATH=/home/ljhua/ROBOCON2026/lidar_test/CSU-RM-Sentry/install/linefit_ground_segmentation/lib:${LD_LIBRARY_PATH} /usr/bin/cmake --install /home/ljhua/ROBOCON2026/lidar_test/CSU-RM-Sentry/build/linefit_ground_segmentation_ros
