[0.025s] Invoking command in '/home/ljhua/ROBOCON2026/lidar_test/rc2026/build/linefit_ground_segmentation': CMAKE_PREFIX_PATH=/opt/ros/humble /usr/bin/cmake --build /home/ljhua/ROBOCON2026/lidar_test/rc2026/build/linefit_ground_segmentation -- -j20 -l20
[0.524s] [100%] Built target linefit_ground_segmentation
[0.531s] Invoked command in '/home/ljhua/ROBOCON2026/lidar_test/rc2026/build/linefit_ground_segmentation' returned '0': CMAKE_PREFIX_PATH=/opt/ros/humble /usr/bin/cmake --build /home/ljhua/ROBOCON2026/lidar_test/rc2026/build/linefit_ground_segmentation -- -j20 -l20
[0.537s] Invoking command in '/home/ljhua/ROBOCON2026/lidar_test/rc2026/build/linefit_ground_segmentation': CMAKE_PREFIX_PATH=/opt/ros/humble /usr/bin/cmake --install /home/ljhua/ROBOCON2026/lidar_test/rc2026/build/linefit_ground_segmentation
[0.550s] -- Install configuration: ""
[0.551s] -- Execute custom install script
[0.552s] -- Up-to-date symlink: /home/ljhua/ROBOCON2026/lidar_test/rc2026/install/linefit_ground_segmentation/include/ground_segmentation/bin.h
[0.553s] -- Up-to-date symlink: /home/ljhua/ROBOCON2026/lidar_test/rc2026/install/linefit_ground_segmentation/include/ground_segmentation/ground_segmentation.h
[0.553s] -- Up-to-date symlink: /home/ljhua/ROBOCON2026/lidar_test/rc2026/install/linefit_ground_segmentation/include/ground_segmentation/segment.h
[0.554s] -- Up-to-date symlink: /home/ljhua/ROBOCON2026/lidar_test/rc2026/install/linefit_ground_segmentation/include/ground_segmentation/typedefs.h
[0.554s] -- Up-to-date symlink: /home/ljhua/ROBOCON2026/lidar_test/rc2026/install/linefit_ground_segmentation/include/ground_segmentation/viewer.h
[0.556s] -- Up-to-date symlink: /home/ljhua/ROBOCON2026/lidar_test/rc2026/install/linefit_ground_segmentation/share/linefit_ground_segmentation/environment/library_path.sh
[0.556s] -- Up-to-date symlink: /home/ljhua/ROBOCON2026/lidar_test/rc2026/install/linefit_ground_segmentation/share/linefit_ground_segmentation/environment/library_path.dsv
[0.556s] -- Up-to-date symlink: /home/ljhua/ROBOCON2026/lidar_test/rc2026/install/linefit_ground_segmentation/lib/liblinefit_ground_segmentation.so
[0.556s] -- Up-to-date symlink: /home/ljhua/ROBOCON2026/lidar_test/rc2026/install/linefit_ground_segmentation/share/ament_index/resource_index/package_run_dependencies/linefit_ground_segmentation
[0.556s] -- Up-to-date symlink: /home/ljhua/ROBOCON2026/lidar_test/rc2026/install/linefit_ground_segmentation/share/ament_index/resource_index/parent_prefix_path/linefit_ground_segmentation
[0.556s] -- Up-to-date symlink: /home/ljhua/ROBOCON2026/lidar_test/rc2026/install/linefit_ground_segmentation/share/linefit_ground_segmentation/environment/ament_prefix_path.sh
[0.556s] -- Up-to-date symlink: /home/ljhua/ROBOCON2026/lidar_test/rc2026/install/linefit_ground_segmentation/share/linefit_ground_segmentation/environment/ament_prefix_path.dsv
[0.556s] -- Up-to-date symlink: /home/ljhua/ROBOCON2026/lidar_test/rc2026/install/linefit_ground_segmentation/share/linefit_ground_segmentation/environment/path.sh
[0.556s] -- Up-to-date symlink: /home/ljhua/ROBOCON2026/lidar_test/rc2026/install/linefit_ground_segmentation/share/linefit_ground_segmentation/environment/path.dsv
[0.556s] -- Up-to-date symlink: /home/ljhua/ROBOCON2026/lidar_test/rc2026/install/linefit_ground_segmentation/share/linefit_ground_segmentation/local_setup.bash
[0.556s] -- Up-to-date symlink: /home/ljhua/ROBOCON2026/lidar_test/rc2026/install/linefit_ground_segmentation/share/linefit_ground_segmentation/local_setup.sh
[0.556s] -- Up-to-date symlink: /home/ljhua/ROBOCON2026/lidar_test/rc2026/install/linefit_ground_segmentation/share/linefit_ground_segmentation/local_setup.zsh
[0.556s] -- Up-to-date symlink: /home/ljhua/ROBOCON2026/lidar_test/rc2026/install/linefit_ground_segmentation/share/linefit_ground_segmentation/local_setup.dsv
[0.556s] -- Symlinking: /home/ljhua/ROBOCON2026/lidar_test/rc2026/install/linefit_ground_segmentation/share/linefit_ground_segmentation/package.dsv
[0.573s] -- Up-to-date symlink: /home/ljhua/ROBOCON2026/lidar_test/rc2026/install/linefit_ground_segmentation/share/ament_index/resource_index/packages/linefit_ground_segmentation
[0.574s] -- Up-to-date symlink: /home/ljhua/ROBOCON2026/lidar_test/rc2026/install/linefit_ground_segmentation/share/linefit_ground_segmentation/cmake/ament_cmake_export_dependencies-extras.cmake
[0.574s] -- Up-to-date symlink: /home/ljhua/ROBOCON2026/lidar_test/rc2026/install/linefit_ground_segmentation/share/linefit_ground_segmentation/cmake/ament_cmake_export_include_directories-extras.cmake
[0.574s] -- Up-to-date symlink: /home/ljhua/ROBOCON2026/lidar_test/rc2026/install/linefit_ground_segmentation/share/linefit_ground_segmentation/cmake/ament_cmake_export_libraries-extras.cmake
[0.574s] -- Up-to-date symlink: /home/ljhua/ROBOCON2026/lidar_test/rc2026/install/linefit_ground_segmentation/share/linefit_ground_segmentation/cmake/linefit_ground_segmentationConfig.cmake
[0.574s] -- Up-to-date symlink: /home/ljhua/ROBOCON2026/lidar_test/rc2026/install/linefit_ground_segmentation/share/linefit_ground_segmentation/cmake/linefit_ground_segmentationConfig-version.cmake
[0.574s] -- Up-to-date symlink: /home/ljhua/ROBOCON2026/lidar_test/rc2026/install/linefit_ground_segmentation/share/linefit_ground_segmentation/package.xml
[0.579s] Invoked command in '/home/ljhua/ROBOCON2026/lidar_test/rc2026/build/linefit_ground_segmentation' returned '0': CMAKE_PREFIX_PATH=/opt/ros/humble /usr/bin/cmake --install /home/ljhua/ROBOCON2026/lidar_test/rc2026/build/linefit_ground_segmentation
