[0.008s] Invoking command in '/home/ljhua/ROBOCON2026/lidar_test/CSU-RM-Sentry/build/fast_lio': AMENT_PREFIX_PATH=/home/ljhua/ROBOCON2026/lidar_test/CSU-RM-Sentry/install/livox_ros_driver2:${AMENT_PREFIX_PATH} CMAKE_PREFIX_PATH=/home/ljhua/ROBOCON2026/lidar_test/CSU-RM-Sentry/install/livox_ros_driver2:/opt/ros/humble LD_LIBRARY_PATH=/home/ljhua/ROBOCON2026/lidar_test/CSU-RM-Sentry/install/livox_ros_driver2/lib:${LD_LIBRARY_PATH} PYTHONPATH=/home/ljhua/ROBOCON2026/lidar_test/CSU-RM-Sentry/install/livox_ros_driver2/local/lib/python3.10/dist-packages:${PYTHONPATH} /usr/bin/cmake --build /home/ljhua/ROBOCON2026/lidar_test/CSU-RM-Sentry/build/fast_lio -- -j20 -l20
[0.048s] [35m[1mConsolidate compiler generated dependencies of target fast_lio__rosidl_generator_c[0m
[0.052s] [  2%] Built target fast_lio__cpp
[0.055s] [ 11%] Built target fast_lio__rosidl_generator_c
[0.059s] [35m[1mConsolidate compiler generated dependencies of target fast_lio__rosidl_typesupport_fastrtps_cpp[0m
[0.061s] [35m[1mConsolidate compiler generated dependencies of target fast_lio__rosidl_typesupport_introspection_cpp[0m
[0.061s] [35m[1mConsolidate compiler generated dependencies of target fast_lio__rosidl_typesupport_cpp[0m
[0.062s] [ 11%] Built target ament_cmake_python_symlink_fast_lio
[0.062s] [35m[1mConsolidate compiler generated dependencies of target fast_lio__rosidl_typesupport_c[0m
[0.065s] [35m[1mConsolidate compiler generated dependencies of target fast_lio__rosidl_typesupport_fastrtps_c[0m
[0.065s] [35m[1mConsolidate compiler generated dependencies of target fast_lio__rosidl_typesupport_introspection_c[0m
[0.069s] [ 20%] Built target fast_lio__rosidl_typesupport_cpp
[0.070s] [ 28%] Built target fast_lio__rosidl_typesupport_c
[0.070s] [ 37%] Built target fast_lio__rosidl_typesupport_introspection_cpp
[0.073s] [ 45%] Built target fast_lio__rosidl_typesupport_fastrtps_cpp
[0.074s] [ 54%] Built target fast_lio__rosidl_typesupport_introspection_c
[0.075s] [ 62%] Built target fast_lio__rosidl_typesupport_fastrtps_c
[0.081s] [35m[1mConsolidate compiler generated dependencies of target fastlio_mapping[0m
[0.092s] [ 62%] Built target fast_lio
[0.110s] [ 65%] Built target fast_lio__py
[0.110s] [ 77%] Built target fastlio_mapping
[0.117s] [35m[1mConsolidate compiler generated dependencies of target fast_lio__rosidl_generator_py[0m
[0.129s] [ 82%] Built target fast_lio__rosidl_generator_py
[0.136s] [35m[1mConsolidate compiler generated dependencies of target fast_lio__rosidl_typesupport_introspection_c__pyext[0m
[0.137s] [35m[1mConsolidate compiler generated dependencies of target fast_lio__rosidl_typesupport_c__pyext[0m
[0.137s] [35m[1mConsolidate compiler generated dependencies of target fast_lio__rosidl_typesupport_fastrtps_c__pyext[0m
[0.147s] [ 88%] Built target fast_lio__rosidl_typesupport_c__pyext
[0.149s] [ 94%] Built target fast_lio__rosidl_typesupport_introspection_c__pyext
[0.149s] [100%] Built target fast_lio__rosidl_typesupport_fastrtps_c__pyext
[0.324s] running egg_info
[0.333s] writing fast_lio.egg-info/PKG-INFO
[0.333s] writing dependency_links to fast_lio.egg-info/dependency_links.txt
[0.333s] writing top-level names to fast_lio.egg-info/top_level.txt
[0.367s] reading manifest file 'fast_lio.egg-info/SOURCES.txt'
[0.367s] writing manifest file 'fast_lio.egg-info/SOURCES.txt'
[0.398s] [100%] Built target ament_cmake_python_build_fast_lio_egg
[0.407s] Invoked command in '/home/ljhua/ROBOCON2026/lidar_test/CSU-RM-Sentry/build/fast_lio' returned '0': AMENT_PREFIX_PATH=/home/ljhua/ROBOCON2026/lidar_test/CSU-RM-Sentry/install/livox_ros_driver2:${AMENT_PREFIX_PATH} CMAKE_PREFIX_PATH=/home/ljhua/ROBOCON2026/lidar_test/CSU-RM-Sentry/install/livox_ros_driver2:/opt/ros/humble LD_LIBRARY_PATH=/home/ljhua/ROBOCON2026/lidar_test/CSU-RM-Sentry/install/livox_ros_driver2/lib:${LD_LIBRARY_PATH} PYTHONPATH=/home/ljhua/ROBOCON2026/lidar_test/CSU-RM-Sentry/install/livox_ros_driver2/local/lib/python3.10/dist-packages:${PYTHONPATH} /usr/bin/cmake --build /home/ljhua/ROBOCON2026/lidar_test/CSU-RM-Sentry/build/fast_lio -- -j20 -l20
[0.409s] Invoking command in '/home/ljhua/ROBOCON2026/lidar_test/CSU-RM-Sentry/build/fast_lio': AMENT_PREFIX_PATH=/home/ljhua/ROBOCON2026/lidar_test/CSU-RM-Sentry/install/livox_ros_driver2:${AMENT_PREFIX_PATH} CMAKE_PREFIX_PATH=/home/ljhua/ROBOCON2026/lidar_test/CSU-RM-Sentry/install/livox_ros_driver2:/opt/ros/humble LD_LIBRARY_PATH=/home/ljhua/ROBOCON2026/lidar_test/CSU-RM-Sentry/install/livox_ros_driver2/lib:${LD_LIBRARY_PATH} PYTHONPATH=/home/ljhua/ROBOCON2026/lidar_test/CSU-RM-Sentry/install/livox_ros_driver2/local/lib/python3.10/dist-packages:${PYTHONPATH} /usr/bin/cmake --install /home/ljhua/ROBOCON2026/lidar_test/CSU-RM-Sentry/build/fast_lio
[0.417s] -- Install configuration: "Release"
[0.418s] -- Execute custom install script
[0.418s] -- Up-to-date symlink: /home/ljhua/ROBOCON2026/lidar_test/CSU-RM-Sentry/install/fast_lio/share/ament_index/resource_index/rosidl_interfaces/fast_lio
[0.418s] -- Up-to-date symlink: /home/ljhua/ROBOCON2026/lidar_test/CSU-RM-Sentry/install/fast_lio/include/fast_lio/fast_lio/msg/detail/pose6_d__functions.h
[0.418s] -- Up-to-date symlink: /home/ljhua/ROBOCON2026/lidar_test/CSU-RM-Sentry/install/fast_lio/include/fast_lio/fast_lio/msg/detail/pose6_d__struct.h
[0.418s] -- Up-to-date symlink: /home/ljhua/ROBOCON2026/lidar_test/CSU-RM-Sentry/install/fast_lio/include/fast_lio/fast_lio/msg/detail/pose6_d__type_support.h
[0.418s] -- Up-to-date symlink: /home/ljhua/ROBOCON2026/lidar_test/CSU-RM-Sentry/install/fast_lio/include/fast_lio/fast_lio/msg/pose6_d.h
[0.419s] -- Up-to-date symlink: /home/ljhua/ROBOCON2026/lidar_test/CSU-RM-Sentry/install/fast_lio/include/fast_lio/fast_lio/msg/rosidl_generator_c__visibility_control.h
[0.419s] -- Up-to-date symlink: /home/ljhua/ROBOCON2026/lidar_test/CSU-RM-Sentry/install/fast_lio/share/fast_lio/environment/library_path.sh
[0.419s] -- Up-to-date symlink: /home/ljhua/ROBOCON2026/lidar_test/CSU-RM-Sentry/install/fast_lio/share/fast_lio/environment/library_path.dsv
[0.420s] -- Up-to-date symlink: /home/ljhua/ROBOCON2026/lidar_test/CSU-RM-Sentry/install/fast_lio/include/fast_lio/fast_lio/msg/detail/pose6_d__rosidl_typesupport_fastrtps_c.h
[0.420s] -- Up-to-date symlink: /home/ljhua/ROBOCON2026/lidar_test/CSU-RM-Sentry/install/fast_lio/include/fast_lio/fast_lio/msg/rosidl_typesupport_fastrtps_c__visibility_control.h
[0.420s] -- Up-to-date symlink: /home/ljhua/ROBOCON2026/lidar_test/CSU-RM-Sentry/install/fast_lio/include/fast_lio/fast_lio/msg/detail/pose6_d__builder.hpp
[0.420s] -- Up-to-date symlink: /home/ljhua/ROBOCON2026/lidar_test/CSU-RM-Sentry/install/fast_lio/include/fast_lio/fast_lio/msg/detail/pose6_d__struct.hpp
[0.420s] -- Up-to-date symlink: /home/ljhua/ROBOCON2026/lidar_test/CSU-RM-Sentry/install/fast_lio/include/fast_lio/fast_lio/msg/detail/pose6_d__traits.hpp
[0.421s] -- Up-to-date symlink: /home/ljhua/ROBOCON2026/lidar_test/CSU-RM-Sentry/install/fast_lio/include/fast_lio/fast_lio/msg/detail/pose6_d__type_support.hpp
[0.421s] -- Up-to-date symlink: /home/ljhua/ROBOCON2026/lidar_test/CSU-RM-Sentry/install/fast_lio/include/fast_lio/fast_lio/msg/pose6_d.hpp
[0.421s] -- Up-to-date symlink: /home/ljhua/ROBOCON2026/lidar_test/CSU-RM-Sentry/install/fast_lio/include/fast_lio/fast_lio/msg/rosidl_generator_cpp__visibility_control.hpp
[0.421s] -- Up-to-date symlink: /home/ljhua/ROBOCON2026/lidar_test/CSU-RM-Sentry/install/fast_lio/include/fast_lio/fast_lio/msg/detail/pose6_d__rosidl_typesupport_fastrtps_cpp.hpp
[0.421s] -- Up-to-date symlink: /home/ljhua/ROBOCON2026/lidar_test/CSU-RM-Sentry/install/fast_lio/include/fast_lio/fast_lio/msg/rosidl_typesupport_fastrtps_cpp__visibility_control.h
[0.422s] -- Up-to-date symlink: /home/ljhua/ROBOCON2026/lidar_test/CSU-RM-Sentry/install/fast_lio/include/fast_lio/fast_lio/msg/detail/pose6_d__rosidl_typesupport_introspection_c.h
[0.422s] -- Up-to-date symlink: /home/ljhua/ROBOCON2026/lidar_test/CSU-RM-Sentry/install/fast_lio/include/fast_lio/fast_lio/msg/rosidl_typesupport_introspection_c__visibility_control.h
[0.422s] -- Up-to-date symlink: /home/ljhua/ROBOCON2026/lidar_test/CSU-RM-Sentry/install/fast_lio/include/fast_lio/fast_lio/msg/detail/pose6_d__rosidl_typesupport_introspection_cpp.hpp
[0.422s] -- Up-to-date symlink: /home/ljhua/ROBOCON2026/lidar_test/CSU-RM-Sentry/install/fast_lio/share/fast_lio/environment/pythonpath.sh
[0.423s] -- Up-to-date symlink: /home/ljhua/ROBOCON2026/lidar_test/CSU-RM-Sentry/install/fast_lio/share/fast_lio/environment/pythonpath.dsv
[0.423s] -- Up-to-date symlink: /home/ljhua/ROBOCON2026/lidar_test/CSU-RM-Sentry/install/fast_lio/local/lib/python3.10/dist-packages/fast_lio-0.0.0-py3.10.egg-info/PKG-INFO
[0.423s] -- Up-to-date symlink: /home/ljhua/ROBOCON2026/lidar_test/CSU-RM-Sentry/install/fast_lio/local/lib/python3.10/dist-packages/fast_lio-0.0.0-py3.10.egg-info/SOURCES.txt
[0.423s] -- Up-to-date symlink: /home/ljhua/ROBOCON2026/lidar_test/CSU-RM-Sentry/install/fast_lio/local/lib/python3.10/dist-packages/fast_lio-0.0.0-py3.10.egg-info/dependency_links.txt
[0.423s] -- Up-to-date symlink: /home/ljhua/ROBOCON2026/lidar_test/CSU-RM-Sentry/install/fast_lio/local/lib/python3.10/dist-packages/fast_lio-0.0.0-py3.10.egg-info/top_level.txt
[0.424s] -- Up-to-date symlink: /home/ljhua/ROBOCON2026/lidar_test/CSU-RM-Sentry/install/fast_lio/local/lib/python3.10/dist-packages/fast_lio/__init__.py
[0.424s] -- Up-to-date symlink: /home/ljhua/ROBOCON2026/lidar_test/CSU-RM-Sentry/install/fast_lio/local/lib/python3.10/dist-packages/fast_lio/_fast_lio_s.ep.rosidl_typesupport_c.c
[0.424s] -- Up-to-date symlink: /home/ljhua/ROBOCON2026/lidar_test/CSU-RM-Sentry/install/fast_lio/local/lib/python3.10/dist-packages/fast_lio/_fast_lio_s.ep.rosidl_typesupport_fastrtps_c.c
[0.424s] -- Up-to-date symlink: /home/ljhua/ROBOCON2026/lidar_test/CSU-RM-Sentry/install/fast_lio/local/lib/python3.10/dist-packages/fast_lio/_fast_lio_s.ep.rosidl_typesupport_introspection_c.c
[0.424s] -- Up-to-date symlink: /home/ljhua/ROBOCON2026/lidar_test/CSU-RM-Sentry/install/fast_lio/local/lib/python3.10/dist-packages/fast_lio/fast_lio_s__rosidl_typesupport_c.cpython-310-x86_64-linux-gnu.so
[0.424s] -- Up-to-date symlink: /home/ljhua/ROBOCON2026/lidar_test/CSU-RM-Sentry/install/fast_lio/local/lib/python3.10/dist-packages/fast_lio/fast_lio_s__rosidl_typesupport_fastrtps_c.cpython-310-x86_64-linux-gnu.so
[0.425s] -- Up-to-date symlink: /home/ljhua/ROBOCON2026/lidar_test/CSU-RM-Sentry/install/fast_lio/local/lib/python3.10/dist-packages/fast_lio/fast_lio_s__rosidl_typesupport_introspection_c.cpython-310-x86_64-linux-gnu.so
[0.425s] -- Up-to-date symlink: /home/ljhua/ROBOCON2026/lidar_test/CSU-RM-Sentry/install/fast_lio/local/lib/python3.10/dist-packages/fast_lio/libfast_lio__rosidl_generator_py.so
[0.425s] -- Up-to-date symlink: /home/ljhua/ROBOCON2026/lidar_test/CSU-RM-Sentry/install/fast_lio/local/lib/python3.10/dist-packages/fast_lio/msg/__init__.py
[0.425s] -- Up-to-date symlink: /home/ljhua/ROBOCON2026/lidar_test/CSU-RM-Sentry/install/fast_lio/local/lib/python3.10/dist-packages/fast_lio/msg/_pose6_d.py
[0.425s] -- Up-to-date symlink: /home/ljhua/ROBOCON2026/lidar_test/CSU-RM-Sentry/install/fast_lio/local/lib/python3.10/dist-packages/fast_lio/msg/_pose6_d_s.c
[0.425s] -- Up-to-date symlink: /home/ljhua/ROBOCON2026/lidar_test/CSU-RM-Sentry/install/fast_lio/local/lib/python3.10/dist-packages/fast_lio/fast_lio_s__rosidl_typesupport_fastrtps_c.cpython-310-x86_64-linux-gnu.so
[0.426s] -- Up-to-date symlink: /home/ljhua/ROBOCON2026/lidar_test/CSU-RM-Sentry/install/fast_lio/local/lib/python3.10/dist-packages/fast_lio/fast_lio_s__rosidl_typesupport_introspection_c.cpython-310-x86_64-linux-gnu.so
[0.426s] -- Up-to-date symlink: /home/ljhua/ROBOCON2026/lidar_test/CSU-RM-Sentry/install/fast_lio/local/lib/python3.10/dist-packages/fast_lio/fast_lio_s__rosidl_typesupport_c.cpython-310-x86_64-linux-gnu.so
[0.426s] -- Up-to-date symlink: /home/ljhua/ROBOCON2026/lidar_test/CSU-RM-Sentry/install/fast_lio/share/fast_lio/msg/Pose6D.idl
[0.426s] -- Up-to-date symlink: /home/ljhua/ROBOCON2026/lidar_test/CSU-RM-Sentry/install/fast_lio/share/fast_lio/msg/Pose6D.msg
[0.426s] -- Up-to-date symlink: /home/ljhua/ROBOCON2026/lidar_test/CSU-RM-Sentry/install/fast_lio/lib/fast_lio/fastlio_mapping
[0.426s] -- Up-to-date symlink: /home/ljhua/ROBOCON2026/lidar_test/CSU-RM-Sentry/install/fast_lio/share/fast_lio/config/avia.yaml
[0.427s] -- Up-to-date symlink: /home/ljhua/ROBOCON2026/lidar_test/CSU-RM-Sentry/install/fast_lio/share/fast_lio/config/horizon.yaml
[0.427s] -- Up-to-date symlink: /home/ljhua/ROBOCON2026/lidar_test/CSU-RM-Sentry/install/fast_lio/share/fast_lio/config/mid360.yaml
[0.427s] -- Up-to-date symlink: /home/ljhua/ROBOCON2026/lidar_test/CSU-RM-Sentry/install/fast_lio/share/fast_lio/config/ouster64.yaml
[0.427s] -- Up-to-date symlink: /home/ljhua/ROBOCON2026/lidar_test/CSU-RM-Sentry/install/fast_lio/share/fast_lio/config/velodyne.yaml
[0.427s] -- Up-to-date symlink: /home/ljhua/ROBOCON2026/lidar_test/CSU-RM-Sentry/install/fast_lio/share/fast_lio/launch/gdb_debug_example.launch
[0.427s] -- Up-to-date symlink: /home/ljhua/ROBOCON2026/lidar_test/CSU-RM-Sentry/install/fast_lio/share/fast_lio/launch/mapping.launch.py
[0.427s] -- Up-to-date symlink: /home/ljhua/ROBOCON2026/lidar_test/CSU-RM-Sentry/install/fast_lio/share/fast_lio/launch/mapping_avia.launch
[0.427s] -- Up-to-date symlink: /home/ljhua/ROBOCON2026/lidar_test/CSU-RM-Sentry/install/fast_lio/share/fast_lio/launch/mapping_horizon.launch
[0.427s] -- Up-to-date symlink: /home/ljhua/ROBOCON2026/lidar_test/CSU-RM-Sentry/install/fast_lio/share/fast_lio/launch/mapping_ouster64.launch
[0.427s] -- Up-to-date symlink: /home/ljhua/ROBOCON2026/lidar_test/CSU-RM-Sentry/install/fast_lio/share/fast_lio/launch/mapping_velodyne.launch
[0.427s] -- Up-to-date symlink: /home/ljhua/ROBOCON2026/lidar_test/CSU-RM-Sentry/install/fast_lio/share/fast_lio/rviz/fastlio.rviz
[0.428s] -- Up-to-date symlink: /home/ljhua/ROBOCON2026/lidar_test/CSU-RM-Sentry/install/fast_lio/share/ament_index/resource_index/package_run_dependencies/fast_lio
[0.428s] -- Up-to-date symlink: /home/ljhua/ROBOCON2026/lidar_test/CSU-RM-Sentry/install/fast_lio/share/ament_index/resource_index/parent_prefix_path/fast_lio
[0.428s] -- Up-to-date symlink: /home/ljhua/ROBOCON2026/lidar_test/CSU-RM-Sentry/install/fast_lio/share/fast_lio/environment/ament_prefix_path.sh
[0.428s] -- Up-to-date symlink: /home/ljhua/ROBOCON2026/lidar_test/CSU-RM-Sentry/install/fast_lio/share/fast_lio/environment/ament_prefix_path.dsv
[0.428s] -- Up-to-date symlink: /home/ljhua/ROBOCON2026/lidar_test/CSU-RM-Sentry/install/fast_lio/share/fast_lio/environment/path.sh
[0.428s] -- Up-to-date symlink: /home/ljhua/ROBOCON2026/lidar_test/CSU-RM-Sentry/install/fast_lio/share/fast_lio/environment/path.dsv
[0.428s] -- Up-to-date symlink: /home/ljhua/ROBOCON2026/lidar_test/CSU-RM-Sentry/install/fast_lio/share/fast_lio/local_setup.bash
[0.429s] -- Up-to-date symlink: /home/ljhua/ROBOCON2026/lidar_test/CSU-RM-Sentry/install/fast_lio/share/fast_lio/local_setup.sh
[0.429s] -- Up-to-date symlink: /home/ljhua/ROBOCON2026/lidar_test/CSU-RM-Sentry/install/fast_lio/share/fast_lio/local_setup.zsh
[0.429s] -- Up-to-date symlink: /home/ljhua/ROBOCON2026/lidar_test/CSU-RM-Sentry/install/fast_lio/share/fast_lio/local_setup.dsv
[0.429s] -- Symlinking: /home/ljhua/ROBOCON2026/lidar_test/CSU-RM-Sentry/install/fast_lio/share/fast_lio/package.dsv
[0.437s] -- Up-to-date symlink: /home/ljhua/ROBOCON2026/lidar_test/CSU-RM-Sentry/install/fast_lio/share/ament_index/resource_index/packages/fast_lio
[0.438s] -- Up-to-date symlink: /home/ljhua/ROBOCON2026/lidar_test/CSU-RM-Sentry/install/fast_lio/share/fast_lio/cmake/rosidl_cmake-extras.cmake
[0.438s] -- Up-to-date symlink: /home/ljhua/ROBOCON2026/lidar_test/CSU-RM-Sentry/install/fast_lio/share/fast_lio/cmake/ament_cmake_export_include_directories-extras.cmake
[0.438s] -- Up-to-date symlink: /home/ljhua/ROBOCON2026/lidar_test/CSU-RM-Sentry/install/fast_lio/share/fast_lio/cmake/ament_cmake_export_libraries-extras.cmake
[0.438s] -- Up-to-date symlink: /home/ljhua/ROBOCON2026/lidar_test/CSU-RM-Sentry/install/fast_lio/share/fast_lio/cmake/ament_cmake_export_targets-extras.cmake
[0.438s] -- Up-to-date symlink: /home/ljhua/ROBOCON2026/lidar_test/CSU-RM-Sentry/install/fast_lio/share/fast_lio/cmake/rosidl_cmake_export_typesupport_targets-extras.cmake
[0.439s] -- Up-to-date symlink: /home/ljhua/ROBOCON2026/lidar_test/CSU-RM-Sentry/install/fast_lio/share/fast_lio/cmake/ament_cmake_export_dependencies-extras.cmake
[0.439s] -- Up-to-date symlink: /home/ljhua/ROBOCON2026/lidar_test/CSU-RM-Sentry/install/fast_lio/share/fast_lio/cmake/rosidl_cmake_export_typesupport_libraries-extras.cmake
[0.439s] -- Up-to-date symlink: /home/ljhua/ROBOCON2026/lidar_test/CSU-RM-Sentry/install/fast_lio/share/fast_lio/cmake/fast_lioConfig.cmake
[0.439s] -- Up-to-date symlink: /home/ljhua/ROBOCON2026/lidar_test/CSU-RM-Sentry/install/fast_lio/share/fast_lio/cmake/fast_lioConfig-version.cmake
[0.439s] -- Up-to-date symlink: /home/ljhua/ROBOCON2026/lidar_test/CSU-RM-Sentry/install/fast_lio/share/fast_lio/package.xml
[0.439s] -- Up-to-date: /home/ljhua/ROBOCON2026/lidar_test/CSU-RM-Sentry/install/fast_lio/lib/libfast_lio__rosidl_generator_c.so
[0.440s] -- Up-to-date: /home/ljhua/ROBOCON2026/lidar_test/CSU-RM-Sentry/install/fast_lio/lib/libfast_lio__rosidl_typesupport_fastrtps_c.so
[0.440s] -- Up-to-date: /home/ljhua/ROBOCON2026/lidar_test/CSU-RM-Sentry/install/fast_lio/lib/libfast_lio__rosidl_typesupport_fastrtps_cpp.so
[0.440s] -- Up-to-date: /home/ljhua/ROBOCON2026/lidar_test/CSU-RM-Sentry/install/fast_lio/lib/libfast_lio__rosidl_typesupport_introspection_c.so
[0.440s] -- Up-to-date: /home/ljhua/ROBOCON2026/lidar_test/CSU-RM-Sentry/install/fast_lio/lib/libfast_lio__rosidl_typesupport_c.so
[0.440s] -- Up-to-date: /home/ljhua/ROBOCON2026/lidar_test/CSU-RM-Sentry/install/fast_lio/lib/libfast_lio__rosidl_typesupport_introspection_cpp.so
[0.441s] -- Up-to-date: /home/ljhua/ROBOCON2026/lidar_test/CSU-RM-Sentry/install/fast_lio/lib/libfast_lio__rosidl_typesupport_cpp.so
[0.463s] Listing '/home/ljhua/ROBOCON2026/lidar_test/CSU-RM-Sentry/install/fast_lio/local/lib/python3.10/dist-packages/fast_lio'...
[0.463s] Listing '/home/ljhua/ROBOCON2026/lidar_test/CSU-RM-Sentry/install/fast_lio/local/lib/python3.10/dist-packages/fast_lio/msg'...
[0.467s] -- Up-to-date: /home/ljhua/ROBOCON2026/lidar_test/CSU-RM-Sentry/install/fast_lio/lib/libfast_lio__rosidl_generator_py.so
[0.467s] -- Up-to-date: /home/ljhua/ROBOCON2026/lidar_test/CSU-RM-Sentry/install/fast_lio/share/fast_lio/cmake/export_fast_lio__rosidl_generator_cExport.cmake
[0.467s] -- Up-to-date: /home/ljhua/ROBOCON2026/lidar_test/CSU-RM-Sentry/install/fast_lio/share/fast_lio/cmake/export_fast_lio__rosidl_generator_cExport-release.cmake
[0.467s] -- Up-to-date: /home/ljhua/ROBOCON2026/lidar_test/CSU-RM-Sentry/install/fast_lio/share/fast_lio/cmake/export_fast_lio__rosidl_typesupport_fastrtps_cExport.cmake
[0.467s] -- Up-to-date: /home/ljhua/ROBOCON2026/lidar_test/CSU-RM-Sentry/install/fast_lio/share/fast_lio/cmake/export_fast_lio__rosidl_typesupport_fastrtps_cExport-release.cmake
[0.467s] -- Up-to-date: /home/ljhua/ROBOCON2026/lidar_test/CSU-RM-Sentry/install/fast_lio/share/fast_lio/cmake/export_fast_lio__rosidl_generator_cppExport.cmake
[0.467s] -- Up-to-date: /home/ljhua/ROBOCON2026/lidar_test/CSU-RM-Sentry/install/fast_lio/share/fast_lio/cmake/export_fast_lio__rosidl_typesupport_fastrtps_cppExport.cmake
[0.467s] -- Up-to-date: /home/ljhua/ROBOCON2026/lidar_test/CSU-RM-Sentry/install/fast_lio/share/fast_lio/cmake/export_fast_lio__rosidl_typesupport_fastrtps_cppExport-release.cmake
[0.467s] -- Up-to-date: /home/ljhua/ROBOCON2026/lidar_test/CSU-RM-Sentry/install/fast_lio/share/fast_lio/cmake/fast_lio__rosidl_typesupport_introspection_cExport.cmake
[0.467s] -- Up-to-date: /home/ljhua/ROBOCON2026/lidar_test/CSU-RM-Sentry/install/fast_lio/share/fast_lio/cmake/fast_lio__rosidl_typesupport_introspection_cExport-release.cmake
[0.467s] -- Up-to-date: /home/ljhua/ROBOCON2026/lidar_test/CSU-RM-Sentry/install/fast_lio/share/fast_lio/cmake/fast_lio__rosidl_typesupport_cExport.cmake
[0.467s] -- Up-to-date: /home/ljhua/ROBOCON2026/lidar_test/CSU-RM-Sentry/install/fast_lio/share/fast_lio/cmake/fast_lio__rosidl_typesupport_cExport-release.cmake
[0.467s] -- Up-to-date: /home/ljhua/ROBOCON2026/lidar_test/CSU-RM-Sentry/install/fast_lio/share/fast_lio/cmake/fast_lio__rosidl_typesupport_introspection_cppExport.cmake
[0.467s] -- Up-to-date: /home/ljhua/ROBOCON2026/lidar_test/CSU-RM-Sentry/install/fast_lio/share/fast_lio/cmake/fast_lio__rosidl_typesupport_introspection_cppExport-release.cmake
[0.467s] -- Up-to-date: /home/ljhua/ROBOCON2026/lidar_test/CSU-RM-Sentry/install/fast_lio/share/fast_lio/cmake/fast_lio__rosidl_typesupport_cppExport.cmake
[0.467s] -- Up-to-date: /home/ljhua/ROBOCON2026/lidar_test/CSU-RM-Sentry/install/fast_lio/share/fast_lio/cmake/fast_lio__rosidl_typesupport_cppExport-release.cmake
[0.467s] -- Up-to-date: /home/ljhua/ROBOCON2026/lidar_test/CSU-RM-Sentry/install/fast_lio/share/fast_lio/cmake/export_fast_lio__rosidl_generator_pyExport.cmake
[0.468s] -- Up-to-date: /home/ljhua/ROBOCON2026/lidar_test/CSU-RM-Sentry/install/fast_lio/share/fast_lio/cmake/export_fast_lio__rosidl_generator_pyExport-release.cmake
[0.469s] Invoked command in '/home/ljhua/ROBOCON2026/lidar_test/CSU-RM-Sentry/build/fast_lio' returned '0': AMENT_PREFIX_PATH=/home/ljhua/ROBOCON2026/lidar_test/CSU-RM-Sentry/install/livox_ros_driver2:${AMENT_PREFIX_PATH} CMAKE_PREFIX_PATH=/home/ljhua/ROBOCON2026/lidar_test/CSU-RM-Sentry/install/livox_ros_driver2:/opt/ros/humble LD_LIBRARY_PATH=/home/ljhua/ROBOCON2026/lidar_test/CSU-RM-Sentry/install/livox_ros_driver2/lib:${LD_LIBRARY_PATH} PYTHONPATH=/home/ljhua/ROBOCON2026/lidar_test/CSU-RM-Sentry/install/livox_ros_driver2/local/lib/python3.10/dist-packages:${PYTHONPATH} /usr/bin/cmake --install /home/ljhua/ROBOCON2026/lidar_test/CSU-RM-Sentry/build/fast_lio
