[0.023s] Invoking command in '/home/ljhua/ROBOCON2026/lidar_test/rc2026/build/imu_complementary_filter': CMAKE_PREFIX_PATH=/opt/ros/humble /usr/bin/cmake --build /home/ljhua/ROBOCON2026/lidar_test/rc2026/build/imu_complementary_filter -- -j20 -l20
[0.501s] [ 60%] Built target complementary_filter
[0.501s] [100%] Built target complementary_filter_node
[0.514s] Invoked command in '/home/ljhua/ROBOCON2026/lidar_test/rc2026/build/imu_complementary_filter' returned '0': CMAKE_PREFIX_PATH=/opt/ros/humble /usr/bin/cmake --build /home/ljhua/ROBOCON2026/lidar_test/rc2026/build/imu_complementary_filter -- -j20 -l20
[0.514s] Invoking command in '/home/ljhua/ROBOCON2026/lidar_test/rc2026/build/imu_complementary_filter': CMAKE_PREFIX_PATH=/opt/ros/humble /usr/bin/cmake --install /home/ljhua/ROBOCON2026/lidar_test/rc2026/build/imu_complementary_filter
[0.526s] -- Install configuration: ""
[0.527s] -- Execute custom install script
[0.528s] -- Up-to-date symlink: /home/ljhua/ROBOCON2026/lidar_test/rc2026/install/imu_complementary_filter/lib/imu_complementary_filter/complementary_filter_node
[0.528s] -- Up-to-date symlink: /home/ljhua/ROBOCON2026/lidar_test/rc2026/install/imu_complementary_filter/include/imu_complementary_filter/complementary_filter.h
[0.529s] -- Up-to-date symlink: /home/ljhua/ROBOCON2026/lidar_test/rc2026/install/imu_complementary_filter/include/imu_complementary_filter/complementary_filter_ros.h
[0.530s] -- Up-to-date symlink: /home/ljhua/ROBOCON2026/lidar_test/rc2026/install/imu_complementary_filter/share/imu_complementary_filter/launch/complementary_filter.launch.py
[0.530s] -- Up-to-date symlink: /home/ljhua/ROBOCON2026/lidar_test/rc2026/install/imu_complementary_filter/share/imu_complementary_filter/environment/library_path.sh
[0.530s] -- Up-to-date symlink: /home/ljhua/ROBOCON2026/lidar_test/rc2026/install/imu_complementary_filter/share/imu_complementary_filter/environment/library_path.dsv
[0.530s] -- Up-to-date symlink: /home/ljhua/ROBOCON2026/lidar_test/rc2026/install/imu_complementary_filter/share/ament_index/resource_index/package_run_dependencies/imu_complementary_filter
[0.530s] -- Up-to-date symlink: /home/ljhua/ROBOCON2026/lidar_test/rc2026/install/imu_complementary_filter/share/ament_index/resource_index/parent_prefix_path/imu_complementary_filter
[0.530s] -- Up-to-date symlink: /home/ljhua/ROBOCON2026/lidar_test/rc2026/install/imu_complementary_filter/share/imu_complementary_filter/environment/ament_prefix_path.sh
[0.530s] -- Up-to-date symlink: /home/ljhua/ROBOCON2026/lidar_test/rc2026/install/imu_complementary_filter/share/imu_complementary_filter/environment/ament_prefix_path.dsv
[0.530s] -- Up-to-date symlink: /home/ljhua/ROBOCON2026/lidar_test/rc2026/install/imu_complementary_filter/share/imu_complementary_filter/environment/path.sh
[0.530s] -- Up-to-date symlink: /home/ljhua/ROBOCON2026/lidar_test/rc2026/install/imu_complementary_filter/share/imu_complementary_filter/environment/path.dsv
[0.530s] -- Up-to-date symlink: /home/ljhua/ROBOCON2026/lidar_test/rc2026/install/imu_complementary_filter/share/imu_complementary_filter/local_setup.bash
[0.530s] -- Up-to-date symlink: /home/ljhua/ROBOCON2026/lidar_test/rc2026/install/imu_complementary_filter/share/imu_complementary_filter/local_setup.sh
[0.530s] -- Up-to-date symlink: /home/ljhua/ROBOCON2026/lidar_test/rc2026/install/imu_complementary_filter/share/imu_complementary_filter/local_setup.zsh
[0.530s] -- Up-to-date symlink: /home/ljhua/ROBOCON2026/lidar_test/rc2026/install/imu_complementary_filter/share/imu_complementary_filter/local_setup.dsv
[0.530s] -- Symlinking: /home/ljhua/ROBOCON2026/lidar_test/rc2026/install/imu_complementary_filter/share/imu_complementary_filter/package.dsv
[0.538s] -- Up-to-date symlink: /home/ljhua/ROBOCON2026/lidar_test/rc2026/install/imu_complementary_filter/share/ament_index/resource_index/packages/imu_complementary_filter
[0.539s] -- Up-to-date symlink: /home/ljhua/ROBOCON2026/lidar_test/rc2026/install/imu_complementary_filter/share/imu_complementary_filter/cmake/ament_cmake_export_include_directories-extras.cmake
[0.539s] -- Up-to-date symlink: /home/ljhua/ROBOCON2026/lidar_test/rc2026/install/imu_complementary_filter/share/imu_complementary_filter/cmake/ament_cmake_export_libraries-extras.cmake
[0.539s] -- Up-to-date symlink: /home/ljhua/ROBOCON2026/lidar_test/rc2026/install/imu_complementary_filter/share/imu_complementary_filter/cmake/ament_cmake_export_targets-extras.cmake
[0.539s] -- Up-to-date symlink: /home/ljhua/ROBOCON2026/lidar_test/rc2026/install/imu_complementary_filter/share/imu_complementary_filter/cmake/imu_complementary_filterConfig.cmake
[0.540s] -- Up-to-date symlink: /home/ljhua/ROBOCON2026/lidar_test/rc2026/install/imu_complementary_filter/share/imu_complementary_filter/cmake/imu_complementary_filterConfig-version.cmake
[0.540s] -- Up-to-date symlink: /home/ljhua/ROBOCON2026/lidar_test/rc2026/install/imu_complementary_filter/share/imu_complementary_filter/package.xml
[0.541s] -- Up-to-date: /home/ljhua/ROBOCON2026/lidar_test/rc2026/install/imu_complementary_filter/lib/libcomplementary_filter.so
[0.541s] -- Up-to-date: /home/ljhua/ROBOCON2026/lidar_test/rc2026/install/imu_complementary_filter/share/imu_complementary_filter/cmake/export_imu_complementary_filterExport.cmake
[0.541s] -- Up-to-date: /home/ljhua/ROBOCON2026/lidar_test/rc2026/install/imu_complementary_filter/share/imu_complementary_filter/cmake/export_imu_complementary_filterExport-noconfig.cmake
[0.568s] Invoked command in '/home/ljhua/ROBOCON2026/lidar_test/rc2026/build/imu_complementary_filter' returned '0': CMAKE_PREFIX_PATH=/opt/ros/humble /usr/bin/cmake --install /home/ljhua/ROBOCON2026/lidar_test/rc2026/build/imu_complementary_filter
