running develop
running egg_info
creating rc_serial_driver.egg-info
writing rc_serial_driver.egg-info/PKG-INFO
writing dependency_links to rc_serial_driver.egg-info/dependency_links.txt
writing entry points to rc_serial_driver.egg-info/entry_points.txt
writing requirements to rc_serial_driver.egg-info/requires.txt
writing top-level names to rc_serial_driver.egg-info/top_level.txt
writing manifest file 'rc_serial_driver.egg-info/SOURCES.txt'
reading manifest file 'rc_serial_driver.egg-info/SOURCES.txt'
writing manifest file 'rc_serial_driver.egg-info/SOURCES.txt'
running build_ext
Creating /home/ljhua/ROBOCON2026/lidar_test/rc2026/install/rc_serial_driver/lib/python3.10/site-packages/rc-serial-driver.egg-link (link to .)
Installing serial_driver_node script to /home/ljhua/ROBOCON2026/lidar_test/rc2026/install/rc_serial_driver/lib/rc_serial_driver

Installed /home/ljhua/ROBOCON2026/lidar_test/rc2026/build/rc_serial_driver
running symlink_data
creating /home/ljhua/ROBOCON2026/lidar_test/rc2026/install/rc_serial_driver/share/ament_index
creating /home/ljhua/ROBOCON2026/lidar_test/rc2026/install/rc_serial_driver/share/ament_index/resource_index
creating /home/ljhua/ROBOCON2026/lidar_test/rc2026/install/rc_serial_driver/share/ament_index/resource_index/packages
symbolically linking /home/ljhua/ROBOCON2026/lidar_test/rc2026/build/rc_serial_driver/resource/rc_serial_driver -> /home/ljhua/ROBOCON2026/lidar_test/rc2026/install/rc_serial_driver/share/ament_index/resource_index/packages
symbolically linking /home/ljhua/ROBOCON2026/lidar_test/rc2026/build/rc_serial_driver/package.xml -> /home/ljhua/ROBOCON2026/lidar_test/rc2026/install/rc_serial_driver/share/rc_serial_driver
creating /home/ljhua/ROBOCON2026/lidar_test/rc2026/install/rc_serial_driver/share/rc_serial_driver/launch
symbolically linking /home/ljhua/ROBOCON2026/lidar_test/rc2026/build/rc_serial_driver/launch/serial_driver.launch.py -> /home/ljhua/ROBOCON2026/lidar_test/rc2026/install/rc_serial_driver/share/rc_serial_driver/launch
creating /home/ljhua/ROBOCON2026/lidar_test/rc2026/install/rc_serial_driver/share/rc_serial_driver/config
symbolically linking /home/ljhua/ROBOCON2026/lidar_test/rc2026/build/rc_serial_driver/config/serial_driver_params.yaml -> /home/ljhua/ROBOCON2026/lidar_test/rc2026/install/rc_serial_driver/share/rc_serial_driver/config
