[1.083s] Invoking command in '/home/ljhua/ROBOCON2026/lidar_test/rc2026/build/rc_serial_driver': PYTHONPATH=/home/ljhua/ROBOCON2026/lidar_test/rc2026/build/rc_serial_driver/prefix_override:/usr/lib/python3/dist-packages/colcon_core/task/python/colcon_distutils_commands:/home/ljhua/ROBOCON2026/lidar_test/rc2026/install/rc_serial_driver/lib/python3.10/site-packages:${PYTHONPATH} /usr/bin/python3 -W ignore:setup.py install is deprecated -W ignore:easy_install command is deprecated setup.py develop --editable --build-directory /home/ljhua/ROBOCON2026/lidar_test/rc2026/build/rc_serial_driver/build --no-deps symlink_data
[1.330s] running develop
[1.476s] running egg_info
[1.476s] creating rc_serial_driver.egg-info
[1.484s] writing rc_serial_driver.egg-info/PKG-INFO
[1.485s] writing dependency_links to rc_serial_driver.egg-info/dependency_links.txt
[1.485s] writing entry points to rc_serial_driver.egg-info/entry_points.txt
[1.485s] writing requirements to rc_serial_driver.egg-info/requires.txt
[1.485s] writing top-level names to rc_serial_driver.egg-info/top_level.txt
[1.485s] writing manifest file 'rc_serial_driver.egg-info/SOURCES.txt'
[1.503s] reading manifest file 'rc_serial_driver.egg-info/SOURCES.txt'
[1.503s] writing manifest file 'rc_serial_driver.egg-info/SOURCES.txt'
[1.513s] running build_ext
[1.514s] Creating /home/ljhua/ROBOCON2026/lidar_test/rc2026/install/rc_serial_driver/lib/python3.10/site-packages/rc-serial-driver.egg-link (link to .)
[1.514s] Installing serial_driver_node script to /home/ljhua/ROBOCON2026/lidar_test/rc2026/install/rc_serial_driver/lib/rc_serial_driver
[1.514s] 
[1.514s] Installed /home/ljhua/ROBOCON2026/lidar_test/rc2026/build/rc_serial_driver
[1.514s] running symlink_data
[1.515s] creating /home/ljhua/ROBOCON2026/lidar_test/rc2026/install/rc_serial_driver/share/ament_index
[1.515s] creating /home/ljhua/ROBOCON2026/lidar_test/rc2026/install/rc_serial_driver/share/ament_index/resource_index
[1.515s] creating /home/ljhua/ROBOCON2026/lidar_test/rc2026/install/rc_serial_driver/share/ament_index/resource_index/packages
[1.515s] symbolically linking /home/ljhua/ROBOCON2026/lidar_test/rc2026/build/rc_serial_driver/resource/rc_serial_driver -> /home/ljhua/ROBOCON2026/lidar_test/rc2026/install/rc_serial_driver/share/ament_index/resource_index/packages
[1.515s] symbolically linking /home/ljhua/ROBOCON2026/lidar_test/rc2026/build/rc_serial_driver/package.xml -> /home/ljhua/ROBOCON2026/lidar_test/rc2026/install/rc_serial_driver/share/rc_serial_driver
[1.515s] creating /home/ljhua/ROBOCON2026/lidar_test/rc2026/install/rc_serial_driver/share/rc_serial_driver/launch
[1.515s] symbolically linking /home/ljhua/ROBOCON2026/lidar_test/rc2026/build/rc_serial_driver/launch/serial_driver.launch.py -> /home/ljhua/ROBOCON2026/lidar_test/rc2026/install/rc_serial_driver/share/rc_serial_driver/launch
[1.515s] creating /home/ljhua/ROBOCON2026/lidar_test/rc2026/install/rc_serial_driver/share/rc_serial_driver/config
[1.515s] symbolically linking /home/ljhua/ROBOCON2026/lidar_test/rc2026/build/rc_serial_driver/config/serial_driver_params.yaml -> /home/ljhua/ROBOCON2026/lidar_test/rc2026/install/rc_serial_driver/share/rc_serial_driver/config
[1.555s] Invoked command in '/home/ljhua/ROBOCON2026/lidar_test/rc2026/build/rc_serial_driver' returned '0': PYTHONPATH=/home/ljhua/ROBOCON2026/lidar_test/rc2026/build/rc_serial_driver/prefix_override:/usr/lib/python3/dist-packages/colcon_core/task/python/colcon_distutils_commands:/home/ljhua/ROBOCON2026/lidar_test/rc2026/install/rc_serial_driver/lib/python3.10/site-packages:${PYTHONPATH} /usr/bin/python3 -W ignore:setup.py install is deprecated -W ignore:easy_install command is deprecated setup.py develop --editable --build-directory /home/ljhua/ROBOCON2026/lidar_test/rc2026/build/rc_serial_driver/build --no-deps symlink_data
