[0.008s] Invoking command in '/home/ljhua/ROBOCON2026/lidar_test/rc2026/build/linefit_ground_segmentation_ros': AMENT_PREFIX_PATH=/home/ljhua/ROBOCON2026/lidar_test/rc2026/install/linefit_ground_segmentation:${AMENT_PREFIX_PATH} CMAKE_PREFIX_PATH=/home/ljhua/ROBOCON2026/lidar_test/rc2026/install/linefit_ground_segmentation:/opt/ros/humble LD_LIBRARY_PATH=/home/ljhua/ROBOCON2026/lidar_test/rc2026/install/linefit_ground_segmentation/lib:${LD_LIBRARY_PATH} /usr/bin/cmake /home/ljhua/ROBOCON2026/lidar_test/rc2026/src/rm_perception/linefit_ground_segementation_ros2/linefit_ground_segmentation_ros -DAMENT_CMAKE_SYMLINK_INSTALL=1 -DCMAKE_INSTALL_PREFIX=/home/ljhua/ROBOCON2026/lidar_test/rc2026/install/linefit_ground_segmentation_ros
[0.064s] -- The C compiler identification is GNU 11.4.0
[0.127s] -- The CXX compiler identification is GNU 11.4.0
[0.136s] -- Detecting C compiler ABI info
[0.208s] -- Detecting C compiler ABI info - done
[0.218s] -- Check for working C compiler: /usr/bin/cc - skipped
[0.218s] -- Detecting C compile features
[0.219s] -- Detecting C compile features - done
[0.222s] -- Detecting CXX compiler ABI info
[0.311s] -- Detecting CXX compiler ABI info - done
[0.321s] -- Check for working CXX compiler: /usr/bin/c++ - skipped
[0.321s] -- Detecting CXX compile features
[0.322s] -- Detecting CXX compile features - done
[0.325s] -- Found ament_cmake_auto: 1.3.12 (/opt/ros/humble/share/ament_cmake_auto/cmake)
[0.895s] -- Found Python3: /usr/bin/python3 (found version "3.10.12") found components: Interpreter 
[0.954s] -- Override CMake install command with custom implementation using symlinks instead of copying resources
[1.070s] -- Found rosidl_generator_c: 3.1.7 (/opt/ros/humble/share/rosidl_generator_c/cmake)
[1.074s] -- Found rosidl_adapter: 3.1.7 (/opt/ros/humble/share/rosidl_adapter/cmake)
[1.080s] -- Found rosidl_generator_cpp: 3.1.7 (/opt/ros/humble/share/rosidl_generator_cpp/cmake)
[1.088s] -- Using all available rosidl_typesupport_c: rosidl_typesupport_fastrtps_c;rosidl_typesupport_introspection_c
[1.099s] -- Using all available rosidl_typesupport_cpp: rosidl_typesupport_fastrtps_cpp;rosidl_typesupport_introspection_cpp
[1.139s] -- Found rmw_implementation_cmake: 6.1.2 (/opt/ros/humble/share/rmw_implementation_cmake/cmake)
[1.142s] -- Found rmw_fastrtps_cpp: 6.2.8 (/opt/ros/humble/share/rmw_fastrtps_cpp/cmake)
[1.237s] -- Found OpenSSL: /usr/lib/x86_64-linux-gnu/libcrypto.so (found version "3.0.2")  
[1.271s] -- Found FastRTPS: /opt/ros/humble/include  
[1.321s] -- Using RMW implementation 'rmw_fastrtps_cpp' as default
[1.332s] -- Looking for pthread.h
[1.408s] -- Looking for pthread.h - found
[1.408s] -- Performing Test CMAKE_HAVE_LIBC_PTHREAD
[1.486s] -- Performing Test CMAKE_HAVE_LIBC_PTHREAD - Success
[1.487s] -- Found Threads: TRUE  
[1.768s] -- Checking for module 'eigen3'
[1.781s] --   Found eigen3, version 3.4.0
[1.811s] -- Found Eigen: /usr/include/eigen3 (Required is at least version "3.1") 
[1.811s] -- Eigen found (include: /usr/include/eigen3, version: 3.4.0)
[1.854s] -- Checking for module 'flann'
[1.867s] --   Found flann, version 1.9.1
[1.906s] -- Found FLANN: /usr/lib/x86_64-linux-gnu/libflann_cpp.so  
[1.907s] -- FLANN found (include: /usr/include, lib: /usr/lib/x86_64-linux-gnu/libflann_cpp.so)
[2.877s] -- Checking for module 'libusb-1.0'
[2.891s] --   Found libusb-1.0, version 1.0.25
[2.926s] -- Found libusb: /usr/lib/x86_64-linux-gnu/libusb-1.0.so  
[2.927s] -- OpenNI found (version: 1.5.4.0, include: /usr/include/ni, lib: /usr/lib/libOpenNI.so;libusb::libusb)
[2.983s] -- OpenNI2 found (version: 2.2.0.33, include: /usr/include/openni2, lib: /usr/lib/x86_64-linux-gnu/libOpenNI2.so;libusb::libusb)
[3.114s] -- Eigen found (include: /usr/include/eigen3, version: 3.4.0)
[3.121s] -- OpenNI found (version: 1.5.4.0, include: /usr/include/ni, lib: /usr/lib/libOpenNI.so;libusb::libusb)
[3.128s] -- OpenNI2 found (version: 2.2.0.33, include: /usr/include/openni2, lib: /usr/lib/x86_64-linux-gnu/libOpenNI2.so;libusb::libusb)
[3.281s] -- Found Qhull version 8.0.2
[3.389s] -- OpenNI found (version: 1.5.4.0, include: /usr/include/ni, lib: /usr/lib/libOpenNI.so;libusb::libusb)
[3.492s] -- Found PCL_COMMON: /usr/lib/x86_64-linux-gnu/libpcl_common.so  
[3.492s] -- Found PCL_KDTREE: /usr/lib/x86_64-linux-gnu/libpcl_kdtree.so  
[3.493s] -- Found PCL_OCTREE: /usr/lib/x86_64-linux-gnu/libpcl_octree.so  
[3.493s] -- Found PCL_SEARCH: /usr/lib/x86_64-linux-gnu/libpcl_search.so  
[3.494s] -- Found PCL_SAMPLE_CONSENSUS: /usr/lib/x86_64-linux-gnu/libpcl_sample_consensus.so  
[3.495s] -- Found PCL_FILTERS: /usr/lib/x86_64-linux-gnu/libpcl_filters.so  
[3.495s] -- Found PCL_2D: /usr/include/pcl-1.12  
[3.495s] -- Found PCL_GEOMETRY: /usr/include/pcl-1.12  
[3.496s] -- Found PCL_IO: /usr/lib/x86_64-linux-gnu/libpcl_io.so  
[3.496s] -- Found PCL_FEATURES: /usr/lib/x86_64-linux-gnu/libpcl_features.so  
[3.497s] -- Found PCL_ML: /usr/lib/x86_64-linux-gnu/libpcl_ml.so  
[3.498s] -- Found PCL_SEGMENTATION: /usr/lib/x86_64-linux-gnu/libpcl_segmentation.so  
[3.499s] -- Found PCL_VISUALIZATION: /usr/lib/x86_64-linux-gnu/libpcl_visualization.so  
[3.499s] -- Found PCL_SURFACE: /usr/lib/x86_64-linux-gnu/libpcl_surface.so  
[3.500s] -- Found PCL_REGISTRATION: /usr/lib/x86_64-linux-gnu/libpcl_registration.so  
[3.501s] -- Found PCL_KEYPOINTS: /usr/lib/x86_64-linux-gnu/libpcl_keypoints.so  
[3.501s] -- Found PCL_TRACKING: /usr/lib/x86_64-linux-gnu/libpcl_tracking.so  
[3.502s] -- Found PCL_RECOGNITION: /usr/lib/x86_64-linux-gnu/libpcl_recognition.so  
[3.503s] -- Found PCL_STEREO: /usr/lib/x86_64-linux-gnu/libpcl_stereo.so  
[3.503s] -- Found PCL_APPS: /usr/lib/x86_64-linux-gnu/libpcl_apps.so  
[3.504s] -- Found PCL_IN_HAND_SCANNER: /usr/include/pcl-1.12  
[3.504s] -- Found PCL_MODELER: /usr/include/pcl-1.12  
[3.504s] -- Found PCL_POINT_CLOUD_EDITOR: /usr/include/pcl-1.12  
[3.505s] -- Found PCL_OUTOFCORE: /usr/lib/x86_64-linux-gnu/libpcl_outofcore.so  
[3.505s] -- Found PCL_PEOPLE: /usr/lib/x86_64-linux-gnu/libpcl_people.so  
[3.521s] -- Found eigen3_cmake_module: 0.1.1 (/opt/ros/humble/share/eigen3_cmake_module/cmake)
[3.522s] -- Found Eigen3: TRUE (found version "3.4.0") 
[3.522s] -- Ensuring Eigen3 include directory is part of orocos-kdl CMake target
[3.540s] -- Configuring done
[3.581s] -- Generating done
[3.591s] -- Build files have been written to: /home/ljhua/ROBOCON2026/lidar_test/rc2026/build/linefit_ground_segmentation_ros
[3.604s] Invoked command in '/home/ljhua/ROBOCON2026/lidar_test/rc2026/build/linefit_ground_segmentation_ros' returned '0': AMENT_PREFIX_PATH=/home/ljhua/ROBOCON2026/lidar_test/rc2026/install/linefit_ground_segmentation:${AMENT_PREFIX_PATH} CMAKE_PREFIX_PATH=/home/ljhua/ROBOCON2026/lidar_test/rc2026/install/linefit_ground_segmentation:/opt/ros/humble LD_LIBRARY_PATH=/home/ljhua/ROBOCON2026/lidar_test/rc2026/install/linefit_ground_segmentation/lib:${LD_LIBRARY_PATH} /usr/bin/cmake /home/ljhua/ROBOCON2026/lidar_test/rc2026/src/rm_perception/linefit_ground_segementation_ros2/linefit_ground_segmentation_ros -DAMENT_CMAKE_SYMLINK_INSTALL=1 -DCMAKE_INSTALL_PREFIX=/home/ljhua/ROBOCON2026/lidar_test/rc2026/install/linefit_ground_segmentation_ros
[3.606s] Invoking command in '/home/ljhua/ROBOCON2026/lidar_test/rc2026/build/linefit_ground_segmentation_ros': AMENT_PREFIX_PATH=/home/ljhua/ROBOCON2026/lidar_test/rc2026/install/linefit_ground_segmentation:${AMENT_PREFIX_PATH} CMAKE_PREFIX_PATH=/home/ljhua/ROBOCON2026/lidar_test/rc2026/install/linefit_ground_segmentation:/opt/ros/humble LD_LIBRARY_PATH=/home/ljhua/ROBOCON2026/lidar_test/rc2026/install/linefit_ground_segmentation/lib:${LD_LIBRARY_PATH} /usr/bin/cmake --build /home/ljhua/ROBOCON2026/lidar_test/rc2026/build/linefit_ground_segmentation_ros -- -j20 -l20
[3.660s] [ 25%] [32mBuilding CXX object CMakeFiles/ground_segmentation_test_node.dir/src/ground_segmentation_test_node.cc.o[0m
[3.663s] [ 50%] [32mBuilding CXX object CMakeFiles/ground_segmentation_node.dir/src/ground_segmentation_node.cc.o[0m
[11.071s] [ 75%] [32m[1mLinking CXX executable ground_segmentation_test_node[0m
[11.454s] [ 75%] Built target ground_segmentation_test_node
[16.692s] [100%] [32m[1mLinking CXX executable ground_segmentation_node[0m
[17.093s] [100%] Built target ground_segmentation_node
[17.103s] Invoked command in '/home/ljhua/ROBOCON2026/lidar_test/rc2026/build/linefit_ground_segmentation_ros' returned '0': AMENT_PREFIX_PATH=/home/ljhua/ROBOCON2026/lidar_test/rc2026/install/linefit_ground_segmentation:${AMENT_PREFIX_PATH} CMAKE_PREFIX_PATH=/home/ljhua/ROBOCON2026/lidar_test/rc2026/install/linefit_ground_segmentation:/opt/ros/humble LD_LIBRARY_PATH=/home/ljhua/ROBOCON2026/lidar_test/rc2026/install/linefit_ground_segmentation/lib:${LD_LIBRARY_PATH} /usr/bin/cmake --build /home/ljhua/ROBOCON2026/lidar_test/rc2026/build/linefit_ground_segmentation_ros -- -j20 -l20
[17.104s] Invoking command in '/home/ljhua/ROBOCON2026/lidar_test/rc2026/build/linefit_ground_segmentation_ros': AMENT_PREFIX_PATH=/home/ljhua/ROBOCON2026/lidar_test/rc2026/install/linefit_ground_segmentation:${AMENT_PREFIX_PATH} CMAKE_PREFIX_PATH=/home/ljhua/ROBOCON2026/lidar_test/rc2026/install/linefit_ground_segmentation:/opt/ros/humble LD_LIBRARY_PATH=/home/ljhua/ROBOCON2026/lidar_test/rc2026/install/linefit_ground_segmentation/lib:${LD_LIBRARY_PATH} /usr/bin/cmake --install /home/ljhua/ROBOCON2026/lidar_test/rc2026/build/linefit_ground_segmentation_ros
[17.109s] -- Install configuration: ""
[17.110s] -- Execute custom install script
[17.110s] -- Symlinking: /home/ljhua/ROBOCON2026/lidar_test/rc2026/install/linefit_ground_segmentation_ros/lib/linefit_ground_segmentation_ros/ground_segmentation_node
[17.119s] -- Symlinking: /home/ljhua/ROBOCON2026/lidar_test/rc2026/install/linefit_ground_segmentation_ros/lib/linefit_ground_segmentation_ros/ground_segmentation_test_node
[17.126s] -- Symlinking: /home/ljhua/ROBOCON2026/lidar_test/rc2026/install/linefit_ground_segmentation_ros/share/linefit_ground_segmentation_ros/launch/segmentation.launch.py
[17.132s] -- Symlinking: /home/ljhua/ROBOCON2026/lidar_test/rc2026/install/linefit_ground_segmentation_ros/share/linefit_ground_segmentation_ros/launch/segmentation_params.yaml
[17.140s] -- Symlinking: /home/ljhua/ROBOCON2026/lidar_test/rc2026/install/linefit_ground_segmentation_ros/share/linefit_ground_segmentation_ros/launch/test.launch.py
[17.147s] -- Symlinking: /home/ljhua/ROBOCON2026/lidar_test/rc2026/install/linefit_ground_segmentation_ros/share/ament_index/resource_index/package_run_dependencies/linefit_ground_segmentation_ros
[17.153s] -- Symlinking: /home/ljhua/ROBOCON2026/lidar_test/rc2026/install/linefit_ground_segmentation_ros/share/ament_index/resource_index/parent_prefix_path/linefit_ground_segmentation_ros
[17.160s] -- Symlinking: /home/ljhua/ROBOCON2026/lidar_test/rc2026/install/linefit_ground_segmentation_ros/share/linefit_ground_segmentation_ros/environment/ament_prefix_path.sh
[17.167s] -- Symlinking: /home/ljhua/ROBOCON2026/lidar_test/rc2026/install/linefit_ground_segmentation_ros/share/linefit_ground_segmentation_ros/environment/ament_prefix_path.dsv
[17.173s] -- Symlinking: /home/ljhua/ROBOCON2026/lidar_test/rc2026/install/linefit_ground_segmentation_ros/share/linefit_ground_segmentation_ros/environment/path.sh
[17.179s] -- Symlinking: /home/ljhua/ROBOCON2026/lidar_test/rc2026/install/linefit_ground_segmentation_ros/share/linefit_ground_segmentation_ros/environment/path.dsv
[17.186s] -- Symlinking: /home/ljhua/ROBOCON2026/lidar_test/rc2026/install/linefit_ground_segmentation_ros/share/linefit_ground_segmentation_ros/local_setup.bash
[17.192s] -- Symlinking: /home/ljhua/ROBOCON2026/lidar_test/rc2026/install/linefit_ground_segmentation_ros/share/linefit_ground_segmentation_ros/local_setup.sh
[17.199s] -- Symlinking: /home/ljhua/ROBOCON2026/lidar_test/rc2026/install/linefit_ground_segmentation_ros/share/linefit_ground_segmentation_ros/local_setup.zsh
[17.206s] -- Symlinking: /home/ljhua/ROBOCON2026/lidar_test/rc2026/install/linefit_ground_segmentation_ros/share/linefit_ground_segmentation_ros/local_setup.dsv
[17.213s] -- Symlinking: /home/ljhua/ROBOCON2026/lidar_test/rc2026/install/linefit_ground_segmentation_ros/share/linefit_ground_segmentation_ros/package.dsv
[17.220s] -- Symlinking: /home/ljhua/ROBOCON2026/lidar_test/rc2026/install/linefit_ground_segmentation_ros/share/ament_index/resource_index/packages/linefit_ground_segmentation_ros
[17.226s] -- Symlinking: /home/ljhua/ROBOCON2026/lidar_test/rc2026/install/linefit_ground_segmentation_ros/share/linefit_ground_segmentation_ros/cmake/ament_cmake_export_dependencies-extras.cmake
[17.235s] -- Symlinking: /home/ljhua/ROBOCON2026/lidar_test/rc2026/install/linefit_ground_segmentation_ros/share/linefit_ground_segmentation_ros/cmake/linefit_ground_segmentation_rosConfig.cmake
[17.242s] -- Symlinking: /home/ljhua/ROBOCON2026/lidar_test/rc2026/install/linefit_ground_segmentation_ros/share/linefit_ground_segmentation_ros/cmake/linefit_ground_segmentation_rosConfig-version.cmake
[17.248s] -- Symlinking: /home/ljhua/ROBOCON2026/lidar_test/rc2026/install/linefit_ground_segmentation_ros/share/linefit_ground_segmentation_ros/package.xml
[17.257s] Invoked command in '/home/ljhua/ROBOCON2026/lidar_test/rc2026/build/linefit_ground_segmentation_ros' returned '0': AMENT_PREFIX_PATH=/home/ljhua/ROBOCON2026/lidar_test/rc2026/install/linefit_ground_segmentation:${AMENT_PREFIX_PATH} CMAKE_PREFIX_PATH=/home/ljhua/ROBOCON2026/lidar_test/rc2026/install/linefit_ground_segmentation:/opt/ros/humble LD_LIBRARY_PATH=/home/ljhua/ROBOCON2026/lidar_test/rc2026/install/linefit_ground_segmentation/lib:${LD_LIBRARY_PATH} /usr/bin/cmake --install /home/ljhua/ROBOCON2026/lidar_test/rc2026/build/linefit_ground_segmentation_ros
