[0.492s] Invoking command in '/home/ljhua/ROBOCON2026/lidar_test/rc2026/build/rplidar_ros': CMAKE_PREFIX_PATH=/opt/ros/humble /usr/bin/cmake --build /home/ljhua/ROBOCON2026/lidar_test/rc2026/build/rplidar_ros -- -j20 -l20
[0.538s] [35m[1mConsolidate compiler generated dependencies of target rplidar_client[0m
[0.538s] [35m[1mConsolidate compiler generated dependencies of target rplidar_composition[0m
[0.538s] [35m[1mConsolidate compiler generated dependencies of target rplidar_node[0m
[0.546s] [  7%] Built target rplidar_client
[0.553s] [ 53%] Built target rplidar_composition
[0.558s] [100%] Built target rplidar_node
[0.594s] Invoked command in '/home/ljhua/ROBOCON2026/lidar_test/rc2026/build/rplidar_ros' returned '0': CMAKE_PREFIX_PATH=/opt/ros/humble /usr/bin/cmake --build /home/ljhua/ROBOCON2026/lidar_test/rc2026/build/rplidar_ros -- -j20 -l20
[0.595s] Invoking command in '/home/ljhua/ROBOCON2026/lidar_test/rc2026/build/rplidar_ros': CMAKE_PREFIX_PATH=/opt/ros/humble /usr/bin/cmake --install /home/ljhua/ROBOCON2026/lidar_test/rc2026/build/rplidar_ros
[0.602s] -- Install configuration: ""
[0.602s] -- Execute custom install script
[0.603s] -- Up-to-date symlink: /home/ljhua/ROBOCON2026/lidar_test/rc2026/install/rplidar_ros/share/rplidar_ros/launch/rplidar_a1_launch.py
[0.603s] -- Up-to-date symlink: /home/ljhua/ROBOCON2026/lidar_test/rc2026/install/rplidar_ros/share/rplidar_ros/launch/rplidar_a2m12_launch.py
[0.603s] -- Up-to-date symlink: /home/ljhua/ROBOCON2026/lidar_test/rc2026/install/rplidar_ros/share/rplidar_ros/launch/rplidar_a2m7_launch.py
[0.603s] -- Up-to-date symlink: /home/ljhua/ROBOCON2026/lidar_test/rc2026/install/rplidar_ros/share/rplidar_ros/launch/rplidar_a2m8_launch.py
[0.603s] -- Up-to-date symlink: /home/ljhua/ROBOCON2026/lidar_test/rc2026/install/rplidar_ros/share/rplidar_ros/launch/rplidar_a3_launch.py
[0.603s] -- Up-to-date symlink: /home/ljhua/ROBOCON2026/lidar_test/rc2026/install/rplidar_ros/share/rplidar_ros/launch/rplidar_s1_launch.py
[0.603s] -- Up-to-date symlink: /home/ljhua/ROBOCON2026/lidar_test/rc2026/install/rplidar_ros/share/rplidar_ros/launch/rplidar_s1_tcp_launch.py
[0.603s] -- Up-to-date symlink: /home/ljhua/ROBOCON2026/lidar_test/rc2026/install/rplidar_ros/share/rplidar_ros/launch/rplidar_s2_launch.py
[0.603s] -- Up-to-date symlink: /home/ljhua/ROBOCON2026/lidar_test/rc2026/install/rplidar_ros/share/rplidar_ros/launch/rplidar_s2e_launch.py
[0.603s] -- Up-to-date symlink: /home/ljhua/ROBOCON2026/lidar_test/rc2026/install/rplidar_ros/share/rplidar_ros/launch/rplidar_s3_launch.py
[0.604s] -- Up-to-date symlink: /home/ljhua/ROBOCON2026/lidar_test/rc2026/install/rplidar_ros/share/rplidar_ros/launch/rplidar_t1_launch.py
[0.604s] -- Up-to-date symlink: /home/ljhua/ROBOCON2026/lidar_test/rc2026/install/rplidar_ros/share/rplidar_ros/launch/view_rplidar_a1_launch.py
[0.604s] -- Up-to-date symlink: /home/ljhua/ROBOCON2026/lidar_test/rc2026/install/rplidar_ros/share/rplidar_ros/launch/view_rplidar_a2m12_launch.py
[0.604s] -- Up-to-date symlink: /home/ljhua/ROBOCON2026/lidar_test/rc2026/install/rplidar_ros/share/rplidar_ros/launch/view_rplidar_a2m7_launch.py
[0.604s] -- Up-to-date symlink: /home/ljhua/ROBOCON2026/lidar_test/rc2026/install/rplidar_ros/share/rplidar_ros/launch/view_rplidar_a2m8_launch.py
[0.604s] -- Up-to-date symlink: /home/ljhua/ROBOCON2026/lidar_test/rc2026/install/rplidar_ros/share/rplidar_ros/launch/view_rplidar_a3_launch.py
[0.604s] -- Up-to-date symlink: /home/ljhua/ROBOCON2026/lidar_test/rc2026/install/rplidar_ros/share/rplidar_ros/launch/view_rplidar_s1_launch.py
[0.604s] -- Up-to-date symlink: /home/ljhua/ROBOCON2026/lidar_test/rc2026/install/rplidar_ros/share/rplidar_ros/launch/view_rplidar_s1_tcp_launch.py
[0.604s] -- Up-to-date symlink: /home/ljhua/ROBOCON2026/lidar_test/rc2026/install/rplidar_ros/share/rplidar_ros/launch/view_rplidar_s2_launch.py
[0.604s] -- Up-to-date symlink: /home/ljhua/ROBOCON2026/lidar_test/rc2026/install/rplidar_ros/share/rplidar_ros/launch/view_rplidar_s2e_launch.py
[0.604s] -- Up-to-date symlink: /home/ljhua/ROBOCON2026/lidar_test/rc2026/install/rplidar_ros/share/rplidar_ros/launch/view_rplidar_s3_launch.py
[0.604s] -- Up-to-date symlink: /home/ljhua/ROBOCON2026/lidar_test/rc2026/install/rplidar_ros/share/rplidar_ros/launch/view_rplidar_t1_launch.py
[0.604s] -- Up-to-date symlink: /home/ljhua/ROBOCON2026/lidar_test/rc2026/install/rplidar_ros/share/rplidar_ros/rviz/rplidar_ros.rviz
[0.604s] -- Up-to-date symlink: /home/ljhua/ROBOCON2026/lidar_test/rc2026/install/rplidar_ros/lib/rplidar_ros/rplidar_node
[0.604s] -- Up-to-date symlink: /home/ljhua/ROBOCON2026/lidar_test/rc2026/install/rplidar_ros/lib/rplidar_ros/rplidar_composition
[0.604s] -- Up-to-date symlink: /home/ljhua/ROBOCON2026/lidar_test/rc2026/install/rplidar_ros/lib/rplidar_ros/rplidar_client
[0.604s] -- Up-to-date symlink: /home/ljhua/ROBOCON2026/lidar_test/rc2026/install/rplidar_ros/share/ament_index/resource_index/package_run_dependencies/rplidar_ros
[0.605s] -- Up-to-date symlink: /home/ljhua/ROBOCON2026/lidar_test/rc2026/install/rplidar_ros/share/ament_index/resource_index/parent_prefix_path/rplidar_ros
[0.605s] -- Up-to-date symlink: /home/ljhua/ROBOCON2026/lidar_test/rc2026/install/rplidar_ros/share/rplidar_ros/environment/ament_prefix_path.sh
[0.605s] -- Up-to-date symlink: /home/ljhua/ROBOCON2026/lidar_test/rc2026/install/rplidar_ros/share/rplidar_ros/environment/ament_prefix_path.dsv
[0.605s] -- Up-to-date symlink: /home/ljhua/ROBOCON2026/lidar_test/rc2026/install/rplidar_ros/share/rplidar_ros/environment/path.sh
[0.605s] -- Up-to-date symlink: /home/ljhua/ROBOCON2026/lidar_test/rc2026/install/rplidar_ros/share/rplidar_ros/environment/path.dsv
[0.605s] -- Up-to-date symlink: /home/ljhua/ROBOCON2026/lidar_test/rc2026/install/rplidar_ros/share/rplidar_ros/local_setup.bash
[0.605s] -- Up-to-date symlink: /home/ljhua/ROBOCON2026/lidar_test/rc2026/install/rplidar_ros/share/rplidar_ros/local_setup.sh
[0.605s] -- Up-to-date symlink: /home/ljhua/ROBOCON2026/lidar_test/rc2026/install/rplidar_ros/share/rplidar_ros/local_setup.zsh
[0.605s] -- Up-to-date symlink: /home/ljhua/ROBOCON2026/lidar_test/rc2026/install/rplidar_ros/share/rplidar_ros/local_setup.dsv
[0.605s] -- Symlinking: /home/ljhua/ROBOCON2026/lidar_test/rc2026/install/rplidar_ros/share/rplidar_ros/package.dsv
[0.610s] -- Up-to-date symlink: /home/ljhua/ROBOCON2026/lidar_test/rc2026/install/rplidar_ros/share/ament_index/resource_index/packages/rplidar_ros
[0.610s] -- Up-to-date symlink: /home/ljhua/ROBOCON2026/lidar_test/rc2026/install/rplidar_ros/share/rplidar_ros/cmake/ament_cmake_export_dependencies-extras.cmake
[0.611s] -- Up-to-date symlink: /home/ljhua/ROBOCON2026/lidar_test/rc2026/install/rplidar_ros/share/rplidar_ros/cmake/ament_cmake_export_include_directories-extras.cmake
[0.611s] -- Up-to-date symlink: /home/ljhua/ROBOCON2026/lidar_test/rc2026/install/rplidar_ros/share/rplidar_ros/cmake/rplidar_rosConfig.cmake
[0.611s] -- Up-to-date symlink: /home/ljhua/ROBOCON2026/lidar_test/rc2026/install/rplidar_ros/share/rplidar_ros/cmake/rplidar_rosConfig-version.cmake
[0.611s] -- Up-to-date symlink: /home/ljhua/ROBOCON2026/lidar_test/rc2026/install/rplidar_ros/share/rplidar_ros/package.xml
[0.613s] Invoked command in '/home/ljhua/ROBOCON2026/lidar_test/rc2026/build/rplidar_ros' returned '0': CMAKE_PREFIX_PATH=/opt/ros/humble /usr/bin/cmake --install /home/ljhua/ROBOCON2026/lidar_test/rc2026/build/rplidar_ros
