[0.053s] Invoking command in '/home/ljhua/ROBOCON2026/lidar_test/rc2026/build/linefit_ground_segmentation_ros': AMENT_PREFIX_PATH=/home/ljhua/ROBOCON2026/lidar_test/rc2026/install/linefit_ground_segmentation:${AMENT_PREFIX_PATH} CMAKE_PREFIX_PATH=/home/ljhua/ROBOCON2026/lidar_test/rc2026/install/linefit_ground_segmentation:/opt/ros/humble LD_LIBRARY_PATH=/home/ljhua/ROBOCON2026/lidar_test/rc2026/install/linefit_ground_segmentation/lib:${LD_LIBRARY_PATH} /usr/bin/cmake --build /home/ljhua/ROBOCON2026/lidar_test/rc2026/build/linefit_ground_segmentation_ros -- -j20 -l20
[0.118s] [ 50%] Built target ground_segmentation_node
[0.119s] [100%] Built target ground_segmentation_test_node
[0.129s] Invoked command in '/home/ljhua/ROBOCON2026/lidar_test/rc2026/build/linefit_ground_segmentation_ros' returned '0': AMENT_PREFIX_PATH=/home/ljhua/ROBOCON2026/lidar_test/rc2026/install/linefit_ground_segmentation:${AMENT_PREFIX_PATH} CMAKE_PREFIX_PATH=/home/ljhua/ROBOCON2026/lidar_test/rc2026/install/linefit_ground_segmentation:/opt/ros/humble LD_LIBRARY_PATH=/home/ljhua/ROBOCON2026/lidar_test/rc2026/install/linefit_ground_segmentation/lib:${LD_LIBRARY_PATH} /usr/bin/cmake --build /home/ljhua/ROBOCON2026/lidar_test/rc2026/build/linefit_ground_segmentation_ros -- -j20 -l20
[0.131s] Invoking command in '/home/ljhua/ROBOCON2026/lidar_test/rc2026/build/linefit_ground_segmentation_ros': AMENT_PREFIX_PATH=/home/ljhua/ROBOCON2026/lidar_test/rc2026/install/linefit_ground_segmentation:${AMENT_PREFIX_PATH} CMAKE_PREFIX_PATH=/home/ljhua/ROBOCON2026/lidar_test/rc2026/install/linefit_ground_segmentation:/opt/ros/humble LD_LIBRARY_PATH=/home/ljhua/ROBOCON2026/lidar_test/rc2026/install/linefit_ground_segmentation/lib:${LD_LIBRARY_PATH} /usr/bin/cmake --install /home/ljhua/ROBOCON2026/lidar_test/rc2026/build/linefit_ground_segmentation_ros
[0.135s] -- Install configuration: ""
[0.136s] -- Execute custom install script
[0.136s] -- Up-to-date symlink: /home/ljhua/ROBOCON2026/lidar_test/rc2026/install/linefit_ground_segmentation_ros/lib/linefit_ground_segmentation_ros/ground_segmentation_node
[0.136s] -- Up-to-date symlink: /home/ljhua/ROBOCON2026/lidar_test/rc2026/install/linefit_ground_segmentation_ros/lib/linefit_ground_segmentation_ros/ground_segmentation_test_node
[0.136s] -- Up-to-date symlink: /home/ljhua/ROBOCON2026/lidar_test/rc2026/install/linefit_ground_segmentation_ros/share/linefit_ground_segmentation_ros/launch/segmentation.launch.py
[0.136s] -- Up-to-date symlink: /home/ljhua/ROBOCON2026/lidar_test/rc2026/install/linefit_ground_segmentation_ros/share/linefit_ground_segmentation_ros/launch/segmentation_params.yaml
[0.136s] -- Up-to-date symlink: /home/ljhua/ROBOCON2026/lidar_test/rc2026/install/linefit_ground_segmentation_ros/share/linefit_ground_segmentation_ros/launch/test.launch.py
[0.136s] -- Up-to-date symlink: /home/ljhua/ROBOCON2026/lidar_test/rc2026/install/linefit_ground_segmentation_ros/share/ament_index/resource_index/package_run_dependencies/linefit_ground_segmentation_ros
[0.137s] -- Up-to-date symlink: /home/ljhua/ROBOCON2026/lidar_test/rc2026/install/linefit_ground_segmentation_ros/share/ament_index/resource_index/parent_prefix_path/linefit_ground_segmentation_ros
[0.137s] -- Up-to-date symlink: /home/ljhua/ROBOCON2026/lidar_test/rc2026/install/linefit_ground_segmentation_ros/share/linefit_ground_segmentation_ros/environment/ament_prefix_path.sh
[0.137s] -- Up-to-date symlink: /home/ljhua/ROBOCON2026/lidar_test/rc2026/install/linefit_ground_segmentation_ros/share/linefit_ground_segmentation_ros/environment/ament_prefix_path.dsv
[0.137s] -- Up-to-date symlink: /home/ljhua/ROBOCON2026/lidar_test/rc2026/install/linefit_ground_segmentation_ros/share/linefit_ground_segmentation_ros/environment/path.sh
[0.137s] -- Up-to-date symlink: /home/ljhua/ROBOCON2026/lidar_test/rc2026/install/linefit_ground_segmentation_ros/share/linefit_ground_segmentation_ros/environment/path.dsv
[0.137s] -- Up-to-date symlink: /home/ljhua/ROBOCON2026/lidar_test/rc2026/install/linefit_ground_segmentation_ros/share/linefit_ground_segmentation_ros/local_setup.bash
[0.138s] -- Up-to-date symlink: /home/ljhua/ROBOCON2026/lidar_test/rc2026/install/linefit_ground_segmentation_ros/share/linefit_ground_segmentation_ros/local_setup.sh
[0.138s] -- Up-to-date symlink: /home/ljhua/ROBOCON2026/lidar_test/rc2026/install/linefit_ground_segmentation_ros/share/linefit_ground_segmentation_ros/local_setup.zsh
[0.138s] -- Up-to-date symlink: /home/ljhua/ROBOCON2026/lidar_test/rc2026/install/linefit_ground_segmentation_ros/share/linefit_ground_segmentation_ros/local_setup.dsv
[0.138s] -- Symlinking: /home/ljhua/ROBOCON2026/lidar_test/rc2026/install/linefit_ground_segmentation_ros/share/linefit_ground_segmentation_ros/package.dsv
[0.143s] -- Up-to-date symlink: /home/ljhua/ROBOCON2026/lidar_test/rc2026/install/linefit_ground_segmentation_ros/share/ament_index/resource_index/packages/linefit_ground_segmentation_ros
[0.143s] -- Up-to-date symlink: /home/ljhua/ROBOCON2026/lidar_test/rc2026/install/linefit_ground_segmentation_ros/share/linefit_ground_segmentation_ros/cmake/ament_cmake_export_dependencies-extras.cmake
[0.143s] -- Up-to-date symlink: /home/ljhua/ROBOCON2026/lidar_test/rc2026/install/linefit_ground_segmentation_ros/share/linefit_ground_segmentation_ros/cmake/linefit_ground_segmentation_rosConfig.cmake
[0.144s] -- Up-to-date symlink: /home/ljhua/ROBOCON2026/lidar_test/rc2026/install/linefit_ground_segmentation_ros/share/linefit_ground_segmentation_ros/cmake/linefit_ground_segmentation_rosConfig-version.cmake
[0.144s] -- Up-to-date symlink: /home/ljhua/ROBOCON2026/lidar_test/rc2026/install/linefit_ground_segmentation_ros/share/linefit_ground_segmentation_ros/package.xml
[0.146s] Invoked command in '/home/ljhua/ROBOCON2026/lidar_test/rc2026/build/linefit_ground_segmentation_ros' returned '0': AMENT_PREFIX_PATH=/home/ljhua/ROBOCON2026/lidar_test/rc2026/install/linefit_ground_segmentation:${AMENT_PREFIX_PATH} CMAKE_PREFIX_PATH=/home/ljhua/ROBOCON2026/lidar_test/rc2026/install/linefit_ground_segmentation:/opt/ros/humble LD_LIBRARY_PATH=/home/ljhua/ROBOCON2026/lidar_test/rc2026/install/linefit_ground_segmentation/lib:${LD_LIBRARY_PATH} /usr/bin/cmake --install /home/ljhua/ROBOCON2026/lidar_test/rc2026/build/linefit_ground_segmentation_ros
