[0.946s] Invoking command in '/home/ljhua/ROBOCON2026/lidar_test/rc2026/build/rc_keyboard_control': PYTHONPATH=/home/ljhua/ROBOCON2026/lidar_test/rc2026/build/rc_keyboard_control/prefix_override:/usr/lib/python3/dist-packages/colcon_core/task/python/colcon_distutils_commands:/home/ljhua/ROBOCON2026/lidar_test/rc2026/install/rc_keyboard_control/lib/python3.10/site-packages:${PYTHONPATH} /usr/bin/python3 -W ignore:setup.py install is deprecated -W ignore:easy_install command is deprecated setup.py develop --editable --build-directory /home/ljhua/ROBOCON2026/lidar_test/rc2026/build/rc_keyboard_control/build --no-deps symlink_data
[1.183s] running develop
[1.327s] running egg_info
[1.327s] creating rc_keyboard_control.egg-info
[1.335s] writing rc_keyboard_control.egg-info/PKG-INFO
[1.335s] writing dependency_links to rc_keyboard_control.egg-info/dependency_links.txt
[1.335s] writing entry points to rc_keyboard_control.egg-info/entry_points.txt
[1.335s] writing requirements to rc_keyboard_control.egg-info/requires.txt
[1.336s] writing top-level names to rc_keyboard_control.egg-info/top_level.txt
[1.336s] writing manifest file 'rc_keyboard_control.egg-info/SOURCES.txt'
[1.353s] reading manifest file 'rc_keyboard_control.egg-info/SOURCES.txt'
[1.353s] writing manifest file 'rc_keyboard_control.egg-info/SOURCES.txt'
[1.362s] running build_ext
[1.362s] Creating /home/ljhua/ROBOCON2026/lidar_test/rc2026/install/rc_keyboard_control/lib/python3.10/site-packages/rc-keyboard-control.egg-link (link to .)
[1.363s] Installing keyboard_control_node script to /home/ljhua/ROBOCON2026/lidar_test/rc2026/install/rc_keyboard_control/lib/rc_keyboard_control
[1.363s] 
[1.363s] Installed /home/ljhua/ROBOCON2026/lidar_test/rc2026/build/rc_keyboard_control
[1.363s] running symlink_data
[1.363s] creating /home/ljhua/ROBOCON2026/lidar_test/rc2026/install/rc_keyboard_control/share/ament_index
[1.363s] creating /home/ljhua/ROBOCON2026/lidar_test/rc2026/install/rc_keyboard_control/share/ament_index/resource_index
[1.363s] creating /home/ljhua/ROBOCON2026/lidar_test/rc2026/install/rc_keyboard_control/share/ament_index/resource_index/packages
[1.363s] symbolically linking /home/ljhua/ROBOCON2026/lidar_test/rc2026/build/rc_keyboard_control/resource/rc_keyboard_control -> /home/ljhua/ROBOCON2026/lidar_test/rc2026/install/rc_keyboard_control/share/ament_index/resource_index/packages
[1.363s] symbolically linking /home/ljhua/ROBOCON2026/lidar_test/rc2026/build/rc_keyboard_control/package.xml -> /home/ljhua/ROBOCON2026/lidar_test/rc2026/install/rc_keyboard_control/share/rc_keyboard_control
[1.364s] creating /home/ljhua/ROBOCON2026/lidar_test/rc2026/install/rc_keyboard_control/share/rc_keyboard_control/launch
[1.364s] symbolically linking /home/ljhua/ROBOCON2026/lidar_test/rc2026/build/rc_keyboard_control/launch/keyboard_control.launch.py -> /home/ljhua/ROBOCON2026/lidar_test/rc2026/install/rc_keyboard_control/share/rc_keyboard_control/launch
[1.394s] Invoked command in '/home/ljhua/ROBOCON2026/lidar_test/rc2026/build/rc_keyboard_control' returned '0': PYTHONPATH=/home/ljhua/ROBOCON2026/lidar_test/rc2026/build/rc_keyboard_control/prefix_override:/usr/lib/python3/dist-packages/colcon_core/task/python/colcon_distutils_commands:/home/ljhua/ROBOCON2026/lidar_test/rc2026/install/rc_keyboard_control/lib/python3.10/site-packages:${PYTHONPATH} /usr/bin/python3 -W ignore:setup.py install is deprecated -W ignore:easy_install command is deprecated setup.py develop --editable --build-directory /home/ljhua/ROBOCON2026/lidar_test/rc2026/build/rc_keyboard_control/build --no-deps symlink_data
