[0.024s] Invoking command in '/home/ljhua/ROBOCON2026/lidar_test/CSU-RM-Sentry/build/pointcloud_to_laserscan': CMAKE_PREFIX_PATH=/opt/ros/humble /usr/bin/cmake --build /home/ljhua/ROBOCON2026/lidar_test/CSU-RM-Sentry/build/pointcloud_to_laserscan -- -j20 -l20
[0.054s] [35m[1mConsolidate compiler generated dependencies of target pointcloud_to_laserscan_node[0m
[0.055s] [35m[1mConsolidate compiler generated dependencies of target laserscan_to_pointcloud_node[0m
[0.058s] [35m[1mConsolidate compiler generated dependencies of target laserscan_to_pointcloud[0m
[0.070s] [ 20%] Built target laserscan_to_pointcloud_node
[0.077s] [ 40%] Built target pointcloud_to_laserscan_node
[0.078s] [ 60%] Built target laserscan_to_pointcloud
[0.093s] [35m[1mConsolidate compiler generated dependencies of target pointcloud_to_laserscan[0m
[0.111s] [ 80%] Built target pointcloud_to_laserscan
[0.120s] [35m[1mConsolidate compiler generated dependencies of target dummy_pointcloud_publisher[0m
[0.134s] [100%] Built target dummy_pointcloud_publisher
[0.164s] Invoked command in '/home/ljhua/ROBOCON2026/lidar_test/CSU-RM-Sentry/build/pointcloud_to_laserscan' returned '0': CMAKE_PREFIX_PATH=/opt/ros/humble /usr/bin/cmake --build /home/ljhua/ROBOCON2026/lidar_test/CSU-RM-Sentry/build/pointcloud_to_laserscan -- -j20 -l20
[0.167s] Invoking command in '/home/ljhua/ROBOCON2026/lidar_test/CSU-RM-Sentry/build/pointcloud_to_laserscan': CMAKE_PREFIX_PATH=/opt/ros/humble /usr/bin/cmake --install /home/ljhua/ROBOCON2026/lidar_test/CSU-RM-Sentry/build/pointcloud_to_laserscan
[0.189s] -- Install configuration: ""
[0.189s] -- Execute custom install script
[0.189s] -- Up-to-date symlink: /home/ljhua/ROBOCON2026/lidar_test/CSU-RM-Sentry/install/pointcloud_to_laserscan/lib/pointcloud_to_laserscan/laserscan_to_pointcloud_node
[0.189s] -- Up-to-date symlink: /home/ljhua/ROBOCON2026/lidar_test/CSU-RM-Sentry/install/pointcloud_to_laserscan/lib/pointcloud_to_laserscan/pointcloud_to_laserscan_node
[0.189s] -- Up-to-date symlink: /home/ljhua/ROBOCON2026/lidar_test/CSU-RM-Sentry/install/pointcloud_to_laserscan/include/pointcloud_to_laserscan/laserscan_to_pointcloud_node.hpp
[0.189s] -- Up-to-date symlink: /home/ljhua/ROBOCON2026/lidar_test/CSU-RM-Sentry/install/pointcloud_to_laserscan/include/pointcloud_to_laserscan/pointcloud_to_laserscan_node.hpp
[0.189s] -- Up-to-date symlink: /home/ljhua/ROBOCON2026/lidar_test/CSU-RM-Sentry/install/pointcloud_to_laserscan/include/pointcloud_to_laserscan/visibility_control.h
[0.189s] -- Up-to-date symlink: /home/ljhua/ROBOCON2026/lidar_test/CSU-RM-Sentry/install/pointcloud_to_laserscan/share/pointcloud_to_laserscan/environment/library_path.sh
[0.189s] -- Up-to-date symlink: /home/ljhua/ROBOCON2026/lidar_test/CSU-RM-Sentry/install/pointcloud_to_laserscan/share/pointcloud_to_laserscan/environment/library_path.dsv
[0.190s] -- Up-to-date symlink: /home/ljhua/ROBOCON2026/lidar_test/CSU-RM-Sentry/install/pointcloud_to_laserscan/lib/liblaserscan_to_pointcloud.so
[0.190s] -- Up-to-date symlink: /home/ljhua/ROBOCON2026/lidar_test/CSU-RM-Sentry/install/pointcloud_to_laserscan/lib/libpointcloud_to_laserscan.so
[0.190s] -- Up-to-date symlink: /home/ljhua/ROBOCON2026/lidar_test/CSU-RM-Sentry/install/pointcloud_to_laserscan/lib/pointcloud_to_laserscan/dummy_pointcloud_publisher
[0.190s] -- Up-to-date symlink: /home/ljhua/ROBOCON2026/lidar_test/CSU-RM-Sentry/install/pointcloud_to_laserscan/share/pointcloud_to_laserscan/launch/pointcloud_to_laserscan_launch.py
[0.190s] -- Up-to-date symlink: /home/ljhua/ROBOCON2026/lidar_test/CSU-RM-Sentry/install/pointcloud_to_laserscan/share/pointcloud_to_laserscan/launch/sample_laserscan_to_pointcloud_launch.py
[0.190s] -- Up-to-date symlink: /home/ljhua/ROBOCON2026/lidar_test/CSU-RM-Sentry/install/pointcloud_to_laserscan/share/pointcloud_to_laserscan/launch/sample_pointcloud_to_laserscan_launch.py
[0.190s] -- Up-to-date symlink: /home/ljhua/ROBOCON2026/lidar_test/CSU-RM-Sentry/install/pointcloud_to_laserscan/share/ament_index/resource_index/package_run_dependencies/pointcloud_to_laserscan
[0.190s] -- Up-to-date symlink: /home/ljhua/ROBOCON2026/lidar_test/CSU-RM-Sentry/install/pointcloud_to_laserscan/share/ament_index/resource_index/parent_prefix_path/pointcloud_to_laserscan
[0.190s] -- Up-to-date symlink: /home/ljhua/ROBOCON2026/lidar_test/CSU-RM-Sentry/install/pointcloud_to_laserscan/share/pointcloud_to_laserscan/environment/ament_prefix_path.sh
[0.190s] -- Up-to-date symlink: /home/ljhua/ROBOCON2026/lidar_test/CSU-RM-Sentry/install/pointcloud_to_laserscan/share/pointcloud_to_laserscan/environment/ament_prefix_path.dsv
[0.190s] -- Up-to-date symlink: /home/ljhua/ROBOCON2026/lidar_test/CSU-RM-Sentry/install/pointcloud_to_laserscan/share/pointcloud_to_laserscan/environment/path.sh
[0.191s] -- Up-to-date symlink: /home/ljhua/ROBOCON2026/lidar_test/CSU-RM-Sentry/install/pointcloud_to_laserscan/share/pointcloud_to_laserscan/environment/path.dsv
[0.191s] -- Up-to-date symlink: /home/ljhua/ROBOCON2026/lidar_test/CSU-RM-Sentry/install/pointcloud_to_laserscan/share/pointcloud_to_laserscan/local_setup.bash
[0.191s] -- Up-to-date symlink: /home/ljhua/ROBOCON2026/lidar_test/CSU-RM-Sentry/install/pointcloud_to_laserscan/share/pointcloud_to_laserscan/local_setup.sh
[0.191s] -- Up-to-date symlink: /home/ljhua/ROBOCON2026/lidar_test/CSU-RM-Sentry/install/pointcloud_to_laserscan/share/pointcloud_to_laserscan/local_setup.zsh
[0.191s] -- Up-to-date symlink: /home/ljhua/ROBOCON2026/lidar_test/CSU-RM-Sentry/install/pointcloud_to_laserscan/share/pointcloud_to_laserscan/local_setup.dsv
[0.191s] -- Symlinking: /home/ljhua/ROBOCON2026/lidar_test/CSU-RM-Sentry/install/pointcloud_to_laserscan/share/pointcloud_to_laserscan/package.dsv
[0.191s] -- Up-to-date symlink: /home/ljhua/ROBOCON2026/lidar_test/CSU-RM-Sentry/install/pointcloud_to_laserscan/share/ament_index/resource_index/packages/pointcloud_to_laserscan
[0.192s] -- Up-to-date symlink: /home/ljhua/ROBOCON2026/lidar_test/CSU-RM-Sentry/install/pointcloud_to_laserscan/share/ament_index/resource_index/rclcpp_components/pointcloud_to_laserscan
[0.192s] -- Up-to-date symlink: /home/ljhua/ROBOCON2026/lidar_test/CSU-RM-Sentry/install/pointcloud_to_laserscan/share/pointcloud_to_laserscan/cmake/ament_cmake_export_dependencies-extras.cmake
[0.192s] -- Up-to-date symlink: /home/ljhua/ROBOCON2026/lidar_test/CSU-RM-Sentry/install/pointcloud_to_laserscan/share/pointcloud_to_laserscan/cmake/ament_cmake_export_include_directories-extras.cmake
[0.192s] -- Up-to-date symlink: /home/ljhua/ROBOCON2026/lidar_test/CSU-RM-Sentry/install/pointcloud_to_laserscan/share/pointcloud_to_laserscan/cmake/ament_cmake_export_libraries-extras.cmake
[0.192s] -- Up-to-date symlink: /home/ljhua/ROBOCON2026/lidar_test/CSU-RM-Sentry/install/pointcloud_to_laserscan/share/pointcloud_to_laserscan/cmake/pointcloud_to_laserscanConfig.cmake
[0.193s] -- Up-to-date symlink: /home/ljhua/ROBOCON2026/lidar_test/CSU-RM-Sentry/install/pointcloud_to_laserscan/share/pointcloud_to_laserscan/cmake/pointcloud_to_laserscanConfig-version.cmake
[0.193s] -- Up-to-date symlink: /home/ljhua/ROBOCON2026/lidar_test/CSU-RM-Sentry/install/pointcloud_to_laserscan/share/pointcloud_to_laserscan/package.xml
[0.215s] Invoked command in '/home/ljhua/ROBOCON2026/lidar_test/CSU-RM-Sentry/build/pointcloud_to_laserscan' returned '0': CMAKE_PREFIX_PATH=/opt/ros/humble /usr/bin/cmake --install /home/ljhua/ROBOCON2026/lidar_test/CSU-RM-Sentry/build/pointcloud_to_laserscan
