[0.020s] Invoking command in '/home/ljhua/ROBOCON2026/lidar_test/rc2026/build/livox_ros_driver2': CMAKE_PREFIX_PATH=/opt/ros/humble /usr/bin/cmake /home/ljhua/ROBOCON2026/lidar_test/rc2026/src/rm_sensors/livox_ros_driver2 -DAMENT_CMAKE_SYMLINK_INSTALL=1 -DCMAKE_INSTALL_PREFIX=/home/ljhua/ROBOCON2026/lidar_test/rc2026/install/livox_ros_driver2
[0.506s] -- The C compiler identification is GNU 11.4.0
[0.507s] -- The CXX compiler identification is GNU 11.4.0
[0.507s] -- Detecting C compiler ABI info
[0.507s] -- Detecting C compiler ABI info - done
[0.507s] -- Check for working C compiler: /usr/bin/cc - skipped
[0.507s] -- Detecting C compile features
[0.507s] -- Detecting C compile features - done
[0.507s] -- Detecting CXX compiler ABI info
[0.507s] -- Detecting CXX compiler ABI info - done
[0.507s] -- Check for working CXX compiler: /usr/bin/c++ - skipped
[0.507s] -- Detecting CXX compile features
[0.507s] -- Detecting CXX compile features - done
[0.507s] -- livox_ros_driver2 version: 1.0.0
[0.508s] -- Found ament_cmake_auto: 1.3.12 (/opt/ros/humble/share/ament_cmake_auto/cmake)
[0.900s] -- Found Python3: /usr/bin/python3 (found version "3.10.12") found components: Interpreter 
[0.949s] -- Override CMake install command with custom implementation using symlinks instead of copying resources
[1.056s] -- Using all available rosidl_typesupport_c: rosidl_typesupport_fastrtps_c;rosidl_typesupport_introspection_c
[1.060s] -- Found rosidl_adapter: 3.1.7 (/opt/ros/humble/share/rosidl_adapter/cmake)
[1.088s] -- Using all available rosidl_typesupport_cpp: rosidl_typesupport_fastrtps_cpp;rosidl_typesupport_introspection_cpp
[1.145s] -- Found rmw_implementation_cmake: 6.1.2 (/opt/ros/humble/share/rmw_implementation_cmake/cmake)
[1.147s] -- Found rmw_fastrtps_cpp: 6.2.8 (/opt/ros/humble/share/rmw_fastrtps_cpp/cmake)
[1.211s] -- Found OpenSSL: /usr/lib/x86_64-linux-gnu/libcrypto.so (found version "3.0.2")  
[1.244s] -- Found FastRTPS: /opt/ros/humble/include  
[1.284s] -- Using RMW implementation 'rmw_fastrtps_cpp' as default
[1.294s] -- Looking for pthread.h
[1.353s] -- Looking for pthread.h - found
[1.354s] -- Performing Test CMAKE_HAVE_LIBC_PTHREAD
[1.416s] -- Performing Test CMAKE_HAVE_LIBC_PTHREAD - Success
[1.417s] -- Found Threads: TRUE  
[1.519s] -- Checking for module 'eigen3'
[1.528s] --   Found eigen3, version 3.4.0
[1.553s] -- Found Eigen: /usr/include/eigen3 (Required is at least version "3.1") 
[1.554s] -- Eigen found (include: /usr/include/eigen3, version: 3.4.0)
[1.582s] -- Checking for module 'flann'
[1.594s] --   Found flann, version 1.9.1
[1.618s] -- Found FLANN: /usr/lib/x86_64-linux-gnu/libflann_cpp.so  
[1.618s] -- FLANN found (include: /usr/include, lib: /usr/lib/x86_64-linux-gnu/libflann_cpp.so)
[2.454s] -- Checking for module 'libusb-1.0'
[2.470s] --   Found libusb-1.0, version 1.0.25
[2.528s] -- Found libusb: /usr/lib/x86_64-linux-gnu/libusb-1.0.so  
[2.531s] -- OpenNI found (version: 1.5.4.0, include: /usr/include/ni, lib: /usr/lib/libOpenNI.so;libusb::libusb)
[2.639s] -- OpenNI2 found (version: 2.2.0.33, include: /usr/include/openni2, lib: /usr/lib/x86_64-linux-gnu/libOpenNI2.so;libusb::libusb)
[2.882s] -- Eigen found (include: /usr/include/eigen3, version: 3.4.0)
[2.887s] -- OpenNI found (version: 1.5.4.0, include: /usr/include/ni, lib: /usr/lib/libOpenNI.so;libusb::libusb)
[2.893s] -- OpenNI2 found (version: 2.2.0.33, include: /usr/include/openni2, lib: /usr/lib/x86_64-linux-gnu/libOpenNI2.so;libusb::libusb)
[3.022s] -- Found Qhull version 8.0.2
[3.128s] -- OpenNI found (version: 1.5.4.0, include: /usr/include/ni, lib: /usr/lib/libOpenNI.so;libusb::libusb)
[3.229s] -- Found PCL_COMMON: /usr/lib/x86_64-linux-gnu/libpcl_common.so  
[3.230s] -- Found PCL_KDTREE: /usr/lib/x86_64-linux-gnu/libpcl_kdtree.so  
[3.231s] -- Found PCL_OCTREE: /usr/lib/x86_64-linux-gnu/libpcl_octree.so  
[3.231s] -- Found PCL_SEARCH: /usr/lib/x86_64-linux-gnu/libpcl_search.so  
[3.232s] -- Found PCL_SAMPLE_CONSENSUS: /usr/lib/x86_64-linux-gnu/libpcl_sample_consensus.so  
[3.232s] -- Found PCL_FILTERS: /usr/lib/x86_64-linux-gnu/libpcl_filters.so  
[3.233s] -- Found PCL_2D: /usr/include/pcl-1.12  
[3.233s] -- Found PCL_GEOMETRY: /usr/include/pcl-1.12  
[3.234s] -- Found PCL_IO: /usr/lib/x86_64-linux-gnu/libpcl_io.so  
[3.234s] -- Found PCL_FEATURES: /usr/lib/x86_64-linux-gnu/libpcl_features.so  
[3.235s] -- Found PCL_ML: /usr/lib/x86_64-linux-gnu/libpcl_ml.so  
[3.236s] -- Found PCL_SEGMENTATION: /usr/lib/x86_64-linux-gnu/libpcl_segmentation.so  
[3.236s] -- Found PCL_VISUALIZATION: /usr/lib/x86_64-linux-gnu/libpcl_visualization.so  
[3.237s] -- Found PCL_SURFACE: /usr/lib/x86_64-linux-gnu/libpcl_surface.so  
[3.238s] -- Found PCL_REGISTRATION: /usr/lib/x86_64-linux-gnu/libpcl_registration.so  
[3.238s] -- Found PCL_KEYPOINTS: /usr/lib/x86_64-linux-gnu/libpcl_keypoints.so  
[3.239s] -- Found PCL_TRACKING: /usr/lib/x86_64-linux-gnu/libpcl_tracking.so  
[3.240s] -- Found PCL_RECOGNITION: /usr/lib/x86_64-linux-gnu/libpcl_recognition.so  
[3.240s] -- Found PCL_STEREO: /usr/lib/x86_64-linux-gnu/libpcl_stereo.so  
[3.241s] -- Found PCL_APPS: /usr/lib/x86_64-linux-gnu/libpcl_apps.so  
[3.242s] -- Found PCL_IN_HAND_SCANNER: /usr/include/pcl-1.12  
[3.242s] -- Found PCL_MODELER: /usr/include/pcl-1.12  
[3.242s] -- Found PCL_POINT_CLOUD_EDITOR: /usr/include/pcl-1.12  
[3.243s] -- Found PCL_OUTOFCORE: /usr/lib/x86_64-linux-gnu/libpcl_outofcore.so  
[3.244s] -- Found PCL_PEOPLE: /usr/lib/x86_64-linux-gnu/libpcl_people.so  
[3.279s] -- Found PkgConfig: /usr/bin/pkg-config (found version "0.29.2") 
[3.280s] -- Checking for module 'apr-1'
[3.293s] --   Found apr-1, version 1.7.0
[3.323s] [0m/usr/include/apr-1.0[0m
[3.323s] [0mapr-1[0m
[3.500s] -- Found ament_cmake_ros: 0.10.0 (/opt/ros/humble/share/ament_cmake_ros/cmake)
[3.790s] -- Using all available rosidl_typesupport_c: rosidl_typesupport_fastrtps_c;rosidl_typesupport_introspection_c
[4.137s] -- Using all available rosidl_typesupport_cpp: rosidl_typesupport_fastrtps_cpp;rosidl_typesupport_introspection_cpp
[4.164s] -- Found PythonInterp: /usr/bin/python3 (found suitable version "3.10.12", minimum required is "3.6") 
[4.167s] -- Found python_cmake_module: 0.10.0 (/opt/ros/humble/share/python_cmake_module/cmake)
[4.231s] -- Found PythonLibs: /usr/lib/x86_64-linux-gnu/libpython3.10.so (found suitable version "3.10.12", minimum required is "3.5") 
[4.236s] -- Using PYTHON_EXECUTABLE: /usr/bin/python3
[4.236s] -- Using PYTHON_INCLUDE_DIRS: /usr/include/python3.10
[4.236s] -- Using PYTHON_LIBRARIES: /usr/lib/x86_64-linux-gnu/libpython3.10.so
[4.269s] -- Found PythonExtra: .so  
[4.349s] [0m/usr/local/lib/liblivox_lidar_sdk_shared.so[0m
[4.379s] -- Found ament_lint_auto: 0.12.14 (/opt/ros/humble/share/ament_lint_auto/cmake)
[4.434s] -- Added test 'copyright' to check source files copyright and LICENSE
[4.441s] -- Added test 'cppcheck' to perform static code analysis on C / C++ code
[4.444s] -- Configured cppcheck include dirs: /home/ljhua/ROBOCON2026/lidar_test/rc2026/src/rm_sensors/livox_ros_driver2/3rdparty;/home/ljhua/ROBOCON2026/lidar_test/rc2026/src/rm_sensors/livox_ros_driver2/src
[4.444s] -- Configured cppcheck exclude dirs and/or files: 
[4.448s] -- Added test 'cpplint' to check C / C++ code against the Google style
[4.448s] -- Configured cpplint exclude dirs and/or files: 
[4.449s] -- Added test 'flake8' to check Python code syntax and style conventions
[4.450s] -- Added test 'lint_cmake' to check CMake code style
[4.451s] -- Added test 'pep257' to check Python code against some of the docstring style conventions in PEP 257
[4.455s] -- Added test 'uncrustify' to check C / C++ code style
[4.456s] -- Configured uncrustify additional arguments: 
[4.456s] -- Added test 'xmllint' to check XML markup files
[4.459s] -- Configuring done
[4.544s] -- Generating done
[4.565s] -- Build files have been written to: /home/ljhua/ROBOCON2026/lidar_test/rc2026/build/livox_ros_driver2
[4.591s] Invoked command in '/home/ljhua/ROBOCON2026/lidar_test/rc2026/build/livox_ros_driver2' returned '0': CMAKE_PREFIX_PATH=/opt/ros/humble /usr/bin/cmake /home/ljhua/ROBOCON2026/lidar_test/rc2026/src/rm_sensors/livox_ros_driver2 -DAMENT_CMAKE_SYMLINK_INSTALL=1 -DCMAKE_INSTALL_PREFIX=/home/ljhua/ROBOCON2026/lidar_test/rc2026/install/livox_ros_driver2
[4.593s] Invoking command in '/home/ljhua/ROBOCON2026/lidar_test/rc2026/build/livox_ros_driver2': CMAKE_PREFIX_PATH=/opt/ros/humble /usr/bin/cmake --build /home/ljhua/ROBOCON2026/lidar_test/rc2026/build/livox_ros_driver2 -- -j20 -l20
[4.659s] [  1%] [34m[1mGenerating C code for ROS interfaces[0m
[4.672s] [  3%] [34m[1mGenerating C++ code for ROS interfaces[0m
[4.691s] [  5%] [32mBuilding CXX object CMakeFiles/livox_ros_driver2_node.dir/rclcpp_components/node_main_livox_ros_driver2_node.cpp.o[0m
[4.710s] [  5%] Built target ament_cmake_python_symlink_livox_ros_driver2
[5.121s] running egg_info
[5.123s] creating livox_ros_driver2.egg-info
[5.140s] writing livox_ros_driver2.egg-info/PKG-INFO
[5.140s] writing dependency_links to livox_ros_driver2.egg-info/dependency_links.txt
[5.140s] writing top-level names to livox_ros_driver2.egg-info/top_level.txt
[5.141s] writing manifest file 'livox_ros_driver2.egg-info/SOURCES.txt'
[5.190s] reading manifest file 'livox_ros_driver2.egg-info/SOURCES.txt'
[5.191s] writing manifest file 'livox_ros_driver2.egg-info/SOURCES.txt'
[5.249s] [  5%] Built target ament_cmake_python_build_livox_ros_driver2_egg
[5.520s] [  5%] Built target livox_interfaces2__cpp
[5.536s] [  7%] [34m[1mGenerating C++ type support dispatch for ROS interfaces[0m
[5.536s] [  8%] [34m[1mGenerating C++ type support for eProsima Fast-RTPS[0m
[5.544s] [ 10%] [34m[1mGenerating C++ introspection for ROS interfaces[0m
[5.663s] [ 12%] [32mBuilding C object CMakeFiles/livox_interfaces2__rosidl_generator_c.dir/rosidl_generator_c/livox_ros_driver2/msg/detail/custom_point__functions.c.o[0m
[5.671s] [ 14%] [32mBuilding C object CMakeFiles/livox_interfaces2__rosidl_generator_c.dir/rosidl_generator_c/livox_ros_driver2/msg/detail/custom_msg__functions.c.o[0m
[5.775s] [ 15%] [32m[1mLinking C shared library liblivox_ros_driver2__rosidl_generator_c.so[0m
[5.853s] [ 15%] Built target livox_interfaces2__rosidl_generator_c
[5.874s] [ 17%] [34m[1mGenerating C type support for eProsima Fast-RTPS[0m
[5.880s] [ 19%] [34m[1mGenerating C type support dispatch for ROS interfaces[0m
[5.885s] [ 21%] [34m[1mGenerating C introspection for ROS interfaces[0m
[6.240s] [ 22%] [32mBuilding CXX object CMakeFiles/livox_interfaces2__rosidl_typesupport_introspection_cpp.dir/rosidl_typesupport_introspection_cpp/livox_ros_driver2/msg/detail/custom_msg__type_support.cpp.o[0m
[6.244s] [ 24%] [32mBuilding CXX object CMakeFiles/livox_interfaces2__rosidl_typesupport_introspection_cpp.dir/rosidl_typesupport_introspection_cpp/livox_ros_driver2/msg/detail/custom_point__type_support.cpp.o[0m
[6.313s] [ 26%] [32mBuilding CXX object CMakeFiles/livox_interfaces2__rosidl_typesupport_cpp.dir/rosidl_typesupport_cpp/livox_ros_driver2/msg/custom_point__type_support.cpp.o[0m
[6.319s] [ 28%] [32mBuilding CXX object CMakeFiles/livox_interfaces2__rosidl_typesupport_cpp.dir/rosidl_typesupport_cpp/livox_ros_driver2/msg/custom_msg__type_support.cpp.o[0m
[6.486s] [ 29%] [32mBuilding CXX object CMakeFiles/livox_interfaces2__rosidl_typesupport_fastrtps_cpp.dir/rosidl_typesupport_fastrtps_cpp/livox_ros_driver2/msg/detail/dds_fastrtps/custom_msg__type_support.cpp.o[0m
[6.487s] [ 31%] [32mBuilding CXX object CMakeFiles/livox_interfaces2__rosidl_typesupport_fastrtps_cpp.dir/rosidl_typesupport_fastrtps_cpp/livox_ros_driver2/msg/detail/dds_fastrtps/custom_point__type_support.cpp.o[0m
[6.605s] [ 33%] [32mBuilding C object CMakeFiles/livox_interfaces2__rosidl_typesupport_introspection_c.dir/rosidl_typesupport_introspection_c/livox_ros_driver2/msg/detail/custom_point__type_support.c.o[0m
[6.610s] [ 35%] [32mBuilding C object CMakeFiles/livox_interfaces2__rosidl_typesupport_introspection_c.dir/rosidl_typesupport_introspection_c/livox_ros_driver2/msg/detail/custom_msg__type_support.c.o[0m
[6.706s] [ 36%] [32m[1mLinking C shared library liblivox_ros_driver2__rosidl_typesupport_introspection_c.so[0m
[6.745s] [ 38%] [32mBuilding CXX object CMakeFiles/livox_interfaces2__rosidl_typesupport_fastrtps_c.dir/rosidl_typesupport_fastrtps_c/livox_ros_driver2/msg/detail/custom_point__type_support_c.cpp.o[0m
[6.745s] [ 40%] [32mBuilding CXX object CMakeFiles/livox_interfaces2__rosidl_typesupport_fastrtps_c.dir/rosidl_typesupport_fastrtps_c/livox_ros_driver2/msg/detail/custom_msg__type_support_c.cpp.o[0m
[6.796s] [ 40%] Built target livox_interfaces2__rosidl_typesupport_introspection_c
[6.844s] [ 42%] [32mBuilding CXX object CMakeFiles/livox_interfaces2__rosidl_typesupport_c.dir/rosidl_typesupport_c/livox_ros_driver2/msg/custom_msg__type_support.cpp.o[0m
[6.844s] [ 43%] [32mBuilding CXX object CMakeFiles/livox_interfaces2__rosidl_typesupport_c.dir/rosidl_typesupport_c/livox_ros_driver2/msg/custom_point__type_support.cpp.o[0m
[6.905s] [ 45%] [32m[1mLinking CXX shared library liblivox_ros_driver2__rosidl_typesupport_cpp.so[0m
[6.911s] [ 47%] [32m[1mLinking CXX shared library liblivox_ros_driver2__rosidl_typesupport_c.so[0m
[6.996s] [ 47%] Built target livox_interfaces2__rosidl_typesupport_cpp
[7.016s] [ 47%] Built target livox_interfaces2__rosidl_typesupport_c
[7.041s] [ 49%] [32mBuilding CXX object CMakeFiles/livox_ros_driver2.dir/src/livox_ros_driver2.cpp.o[0m
[7.046s] [ 50%] [32mBuilding CXX object CMakeFiles/livox_ros_driver2.dir/src/lddc.cpp.o[0m
[7.062s] [ 52%] [32mBuilding CXX object CMakeFiles/livox_ros_driver2.dir/src/lds.cpp.o[0m
[7.066s] [ 54%] [32mBuilding CXX object CMakeFiles/livox_ros_driver2.dir/src/comm/comm.cpp.o[0m
[7.066s] [ 56%] [32mBuilding CXX object CMakeFiles/livox_ros_driver2.dir/src/driver_node.cpp.o[0m
[7.069s] [ 63%] [32mBuilding CXX object CMakeFiles/livox_ros_driver2.dir/src/comm/pub_handler.cpp.o[0m
[7.070s] [ 57%] [32mBuilding CXX object CMakeFiles/livox_ros_driver2.dir/src/comm/semaphore.cpp.o[0m
[7.077s] [ 59%] [32mBuilding CXX object CMakeFiles/livox_ros_driver2.dir/src/lds_lidar.cpp.o[0m
[7.084s] [ 61%] [32mBuilding CXX object CMakeFiles/livox_ros_driver2.dir/src/comm/lidar_imu_data_queue.cpp.o[0m
[7.084s] [ 64%] [32mBuilding CXX object CMakeFiles/livox_ros_driver2.dir/src/comm/cache_index.cpp.o[0m
[7.084s] [ 66%] [32mBuilding CXX object CMakeFiles/livox_ros_driver2.dir/src/comm/ldq.cpp.o[0m
[7.084s] [ 68%] [32mBuilding CXX object CMakeFiles/livox_ros_driver2.dir/src/parse_cfg_file/parse_cfg_file.cpp.o[0m
[7.084s] In file included from [01m[K/home/ljhua/ROBOCON2026/lidar_test/rc2026/src/rm_sensors/livox_ros_driver2/src/driver_node.h:28[m[K,
[7.084s]                  from [01m[K/home/ljhua/ROBOCON2026/lidar_test/rc2026/src/rm_sensors/livox_ros_driver2/src/driver_node.cpp:25[m[K:
[7.084s] [01m[K/home/ljhua/ROBOCON2026/lidar_test/rc2026/src/rm_sensors/livox_ros_driver2/src/include/ros_headers.h:28:[m[K [01;35m[Kwarning: [m[K"BUILDING_ROS2" redefined
[7.084s]    28 | #define BUILDING_ROS2
[7.084s]       | 
[7.084s] [01m[K<command-line>:[m[K [01;36m[Knote: [m[Kthis is the location of the previous definition
[7.085s] [ 70%] [32mBuilding CXX object CMakeFiles/livox_ros_driver2.dir/src/parse_cfg_file/parse_livox_lidar_cfg.cpp.o[0m
[7.097s] [ 71%] [32mBuilding CXX object CMakeFiles/livox_ros_driver2.dir/src/call_back/lidar_common_callback.cpp.o[0m
[7.207s] [ 73%] [32m[1mLinking CXX shared library liblivox_ros_driver2__rosidl_typesupport_introspection_cpp.so[0m
[7.307s] In file included from [01m[K/home/ljhua/ROBOCON2026/lidar_test/rc2026/src/rm_sensors/livox_ros_driver2/src/driver_node.h:28[m[K,
[7.307s]                  from [01m[K/home/ljhua/ROBOCON2026/lidar_test/rc2026/src/rm_sensors/livox_ros_driver2/src/livox_ros_driver2.cpp:32[m[K:
[7.307s] [01m[K/home/ljhua/ROBOCON2026/lidar_test/rc2026/src/rm_sensors/livox_ros_driver2/src/include/ros_headers.h:28:[m[K [01;35m[Kwarning: [m[K"BUILDING_ROS2" redefined
[7.307s]    28 | #define BUILDING_ROS2
[7.307s]       | 
[7.307s] [01m[K<command-line>:[m[K [01;36m[Knote: [m[Kthis is the location of the previous definition
[7.330s] [ 75%] [32mBuilding CXX object CMakeFiles/livox_ros_driver2.dir/src/call_back/livox_lidar_callback.cpp.o[0m
[7.364s] [ 77%] [32m[1mLinking CXX shared library liblivox_ros_driver2__rosidl_typesupport_fastrtps_cpp.so[0m
[7.381s] In file included from [01m[K/home/ljhua/ROBOCON2026/lidar_test/rc2026/src/rm_sensors/livox_ros_driver2/src/driver_node.h:28[m[K,
[7.381s]                  from [01m[K/home/ljhua/ROBOCON2026/lidar_test/rc2026/src/rm_sensors/livox_ros_driver2/src/lddc.h:31[m[K,
[7.381s]                  from [01m[K/home/ljhua/ROBOCON2026/lidar_test/rc2026/src/rm_sensors/livox_ros_driver2/src/lddc.cpp:25[m[K:
[7.381s] [01m[K/home/ljhua/ROBOCON2026/lidar_test/rc2026/src/rm_sensors/livox_ros_driver2/src/include/ros_headers.h:28:[m[K [01;35m[Kwarning: [m[K"BUILDING_ROS2" redefined
[7.381s]    28 | #define BUILDING_ROS2
[7.382s]       | 
[7.382s] [01m[K<command-line>:[m[K [01;36m[Knote: [m[Kthis is the location of the previous definition
[7.436s] [ 77%] Built target livox_interfaces2__rosidl_typesupport_introspection_cpp
[7.558s] [ 77%] Built target livox_interfaces2__rosidl_typesupport_fastrtps_cpp
[7.600s] [ 78%] [32m[1mLinking CXX shared library liblivox_ros_driver2__rosidl_typesupport_fastrtps_c.so[0m
[7.743s] [ 78%] Built target livox_interfaces2__rosidl_typesupport_fastrtps_c
[7.784s] [ 78%] Built target livox_interfaces2
[7.825s] [ 80%] [34m[1mGenerating Python code for ROS interfaces[0m
[8.976s] In file included from [01m[K/home/ljhua/ROBOCON2026/lidar_test/rc2026/src/rm_sensors/livox_ros_driver2/src/lds_lidar.cpp:47[m[K:
[8.976s] [01m[K/home/ljhua/ROBOCON2026/lidar_test/rc2026/src/rm_sensors/livox_ros_driver2/src/comm/pub_handler.h:44:29:[m[K [01;35m[Kwarning: [m[K‘[01m[Klivox_ros::extrinsic_global[m[K’ defined but not used [[01;35m[K]8;;https://gcc.gnu.org/onlinedocs/gcc/Warning-Options.html#index-Wunused-variable-Wunused-variable]8;;[m[K]
[8.977s]    44 | static ExtParameterDetailed [01;35m[Kextrinsic_global[m[K = {
[8.977s]       |                             [01;35m[K^~~~~~~~~~~~~~~~[m[K
[9.262s] [ 80%] Built target livox_interfaces2__py
[9.309s] [ 82%] [32mBuilding C object CMakeFiles/livox_interfaces2__rosidl_generator_py.dir/rosidl_generator_py/livox_ros_driver2/msg/_custom_point_s.c.o[0m
[9.311s] [ 84%] [32mBuilding C object CMakeFiles/livox_interfaces2__rosidl_generator_py.dir/rosidl_generator_py/livox_ros_driver2/msg/_custom_msg_s.c.o[0m
[9.632s] [ 85%] [32m[1mLinking C shared library rosidl_generator_py/livox_ros_driver2/liblivox_interfaces2__rosidl_generator_py.so[0m
[9.723s] [ 85%] Built target livox_interfaces2__rosidl_generator_py
[9.772s] [ 89%] [32mBuilding C object CMakeFiles/livox_ros_driver2__rosidl_typesupport_fastrtps_c__pyext.dir/rosidl_generator_py/livox_ros_driver2/_livox_ros_driver2_s.ep.rosidl_typesupport_fastrtps_c.c.o[0m
[9.776s] [ 89%] [32mBuilding C object CMakeFiles/livox_ros_driver2__rosidl_typesupport_introspection_c__pyext.dir/rosidl_generator_py/livox_ros_driver2/_livox_ros_driver2_s.ep.rosidl_typesupport_introspection_c.c.o[0m
[9.782s] [ 91%] [32mBuilding C object CMakeFiles/livox_ros_driver2__rosidl_typesupport_c__pyext.dir/rosidl_generator_py/livox_ros_driver2/_livox_ros_driver2_s.ep.rosidl_typesupport_c.c.o[0m
[9.943s] [ 92%] [32m[1mLinking C shared library rosidl_generator_py/livox_ros_driver2/livox_ros_driver2_s__rosidl_typesupport_fastrtps_c.cpython-310-x86_64-linux-gnu.so[0m
[9.960s] [ 94%] [32m[1mLinking C shared library rosidl_generator_py/livox_ros_driver2/livox_ros_driver2_s__rosidl_typesupport_introspection_c.cpython-310-x86_64-linux-gnu.so[0m
[10.008s] [ 94%] Built target livox_ros_driver2__rosidl_typesupport_introspection_c__pyext
[10.028s] [ 94%] Built target livox_ros_driver2__rosidl_typesupport_fastrtps_c__pyext
[10.035s] [ 96%] [32m[1mLinking C shared library rosidl_generator_py/livox_ros_driver2/livox_ros_driver2_s__rosidl_typesupport_c.cpython-310-x86_64-linux-gnu.so[0m
[10.129s] [ 96%] Built target livox_ros_driver2__rosidl_typesupport_c__pyext
[11.512s] [ 98%] [32m[1mLinking CXX executable livox_ros_driver2_node[0m
[11.660s] [ 98%] Built target livox_ros_driver2_node
[19.600s] [100%] [32m[1mLinking CXX shared library liblivox_ros_driver2.so[0m
[20.100s] [100%] Built target livox_ros_driver2
[20.114s] Invoked command in '/home/ljhua/ROBOCON2026/lidar_test/rc2026/build/livox_ros_driver2' returned '0': CMAKE_PREFIX_PATH=/opt/ros/humble /usr/bin/cmake --build /home/ljhua/ROBOCON2026/lidar_test/rc2026/build/livox_ros_driver2 -- -j20 -l20
[20.117s] Invoking command in '/home/ljhua/ROBOCON2026/lidar_test/rc2026/build/livox_ros_driver2': CMAKE_PREFIX_PATH=/opt/ros/humble /usr/bin/cmake --install /home/ljhua/ROBOCON2026/lidar_test/rc2026/build/livox_ros_driver2
[20.125s] -- Install configuration: ""
[20.126s] -- Execute custom install script
[20.126s] -- Symlinking: /home/ljhua/ROBOCON2026/lidar_test/rc2026/install/livox_ros_driver2/share/ament_index/resource_index/rosidl_interfaces/livox_ros_driver2
[20.136s] -- Symlinking: /home/ljhua/ROBOCON2026/lidar_test/rc2026/install/livox_ros_driver2/include/livox_ros_driver2/livox_ros_driver2/msg/custom_msg.h
[20.145s] -- Symlinking: /home/ljhua/ROBOCON2026/lidar_test/rc2026/install/livox_ros_driver2/include/livox_ros_driver2/livox_ros_driver2/msg/custom_point.h
[20.155s] -- Symlinking: /home/ljhua/ROBOCON2026/lidar_test/rc2026/install/livox_ros_driver2/include/livox_ros_driver2/livox_ros_driver2/msg/detail/custom_msg__functions.h
[20.165s] -- Symlinking: /home/ljhua/ROBOCON2026/lidar_test/rc2026/install/livox_ros_driver2/include/livox_ros_driver2/livox_ros_driver2/msg/detail/custom_msg__struct.h
[20.175s] -- Symlinking: /home/ljhua/ROBOCON2026/lidar_test/rc2026/install/livox_ros_driver2/include/livox_ros_driver2/livox_ros_driver2/msg/detail/custom_msg__type_support.h
[20.184s] -- Symlinking: /home/ljhua/ROBOCON2026/lidar_test/rc2026/install/livox_ros_driver2/include/livox_ros_driver2/livox_ros_driver2/msg/detail/custom_point__functions.h
[20.194s] -- Symlinking: /home/ljhua/ROBOCON2026/lidar_test/rc2026/install/livox_ros_driver2/include/livox_ros_driver2/livox_ros_driver2/msg/detail/custom_point__struct.h
[20.204s] -- Symlinking: /home/ljhua/ROBOCON2026/lidar_test/rc2026/install/livox_ros_driver2/include/livox_ros_driver2/livox_ros_driver2/msg/detail/custom_point__type_support.h
[20.214s] -- Symlinking: /home/ljhua/ROBOCON2026/lidar_test/rc2026/install/livox_ros_driver2/include/livox_ros_driver2/livox_ros_driver2/msg/rosidl_generator_c__visibility_control.h
[20.223s] -- Symlinking: /home/ljhua/ROBOCON2026/lidar_test/rc2026/install/livox_ros_driver2/share/livox_ros_driver2/environment/library_path.sh
[20.230s] -- Symlinking: /home/ljhua/ROBOCON2026/lidar_test/rc2026/install/livox_ros_driver2/share/livox_ros_driver2/environment/library_path.dsv
[20.236s] -- Symlinking: /home/ljhua/ROBOCON2026/lidar_test/rc2026/install/livox_ros_driver2/include/livox_ros_driver2/livox_ros_driver2/msg/detail/custom_msg__rosidl_typesupport_fastrtps_c.h
[20.245s] -- Symlinking: /home/ljhua/ROBOCON2026/lidar_test/rc2026/install/livox_ros_driver2/include/livox_ros_driver2/livox_ros_driver2/msg/detail/custom_point__rosidl_typesupport_fastrtps_c.h
[20.254s] -- Symlinking: /home/ljhua/ROBOCON2026/lidar_test/rc2026/install/livox_ros_driver2/include/livox_ros_driver2/livox_ros_driver2/msg/rosidl_typesupport_fastrtps_c__visibility_control.h
[20.264s] -- Symlinking: /home/ljhua/ROBOCON2026/lidar_test/rc2026/install/livox_ros_driver2/include/livox_ros_driver2/livox_ros_driver2/msg/detail/custom_msg__rosidl_typesupport_introspection_c.h
[20.273s] -- Symlinking: /home/ljhua/ROBOCON2026/lidar_test/rc2026/install/livox_ros_driver2/include/livox_ros_driver2/livox_ros_driver2/msg/detail/custom_point__rosidl_typesupport_introspection_c.h
[20.280s] -- Symlinking: /home/ljhua/ROBOCON2026/lidar_test/rc2026/install/livox_ros_driver2/include/livox_ros_driver2/livox_ros_driver2/msg/rosidl_typesupport_introspection_c__visibility_control.h
[20.290s] -- Symlinking: /home/ljhua/ROBOCON2026/lidar_test/rc2026/install/livox_ros_driver2/include/livox_ros_driver2/livox_ros_driver2/msg/custom_msg.hpp
[20.299s] -- Symlinking: /home/ljhua/ROBOCON2026/lidar_test/rc2026/install/livox_ros_driver2/include/livox_ros_driver2/livox_ros_driver2/msg/custom_point.hpp
[20.308s] -- Symlinking: /home/ljhua/ROBOCON2026/lidar_test/rc2026/install/livox_ros_driver2/include/livox_ros_driver2/livox_ros_driver2/msg/detail/custom_msg__builder.hpp
[20.318s] -- Symlinking: /home/ljhua/ROBOCON2026/lidar_test/rc2026/install/livox_ros_driver2/include/livox_ros_driver2/livox_ros_driver2/msg/detail/custom_msg__struct.hpp
[20.327s] -- Symlinking: /home/ljhua/ROBOCON2026/lidar_test/rc2026/install/livox_ros_driver2/include/livox_ros_driver2/livox_ros_driver2/msg/detail/custom_msg__traits.hpp
[20.336s] -- Symlinking: /home/ljhua/ROBOCON2026/lidar_test/rc2026/install/livox_ros_driver2/include/livox_ros_driver2/livox_ros_driver2/msg/detail/custom_msg__type_support.hpp
[20.346s] -- Symlinking: /home/ljhua/ROBOCON2026/lidar_test/rc2026/install/livox_ros_driver2/include/livox_ros_driver2/livox_ros_driver2/msg/detail/custom_point__builder.hpp
[20.356s] -- Symlinking: /home/ljhua/ROBOCON2026/lidar_test/rc2026/install/livox_ros_driver2/include/livox_ros_driver2/livox_ros_driver2/msg/detail/custom_point__struct.hpp
[20.363s] -- Symlinking: /home/ljhua/ROBOCON2026/lidar_test/rc2026/install/livox_ros_driver2/include/livox_ros_driver2/livox_ros_driver2/msg/detail/custom_point__traits.hpp
[20.370s] -- Symlinking: /home/ljhua/ROBOCON2026/lidar_test/rc2026/install/livox_ros_driver2/include/livox_ros_driver2/livox_ros_driver2/msg/detail/custom_point__type_support.hpp
[20.380s] -- Symlinking: /home/ljhua/ROBOCON2026/lidar_test/rc2026/install/livox_ros_driver2/include/livox_ros_driver2/livox_ros_driver2/msg/rosidl_generator_cpp__visibility_control.hpp
[20.389s] -- Symlinking: /home/ljhua/ROBOCON2026/lidar_test/rc2026/install/livox_ros_driver2/include/livox_ros_driver2/livox_ros_driver2/msg/detail/custom_msg__rosidl_typesupport_fastrtps_cpp.hpp
[20.397s] -- Symlinking: /home/ljhua/ROBOCON2026/lidar_test/rc2026/install/livox_ros_driver2/include/livox_ros_driver2/livox_ros_driver2/msg/detail/custom_point__rosidl_typesupport_fastrtps_cpp.hpp
[20.406s] -- Symlinking: /home/ljhua/ROBOCON2026/lidar_test/rc2026/install/livox_ros_driver2/include/livox_ros_driver2/livox_ros_driver2/msg/rosidl_typesupport_fastrtps_cpp__visibility_control.h
[20.413s] -- Symlinking: /home/ljhua/ROBOCON2026/lidar_test/rc2026/install/livox_ros_driver2/include/livox_ros_driver2/livox_ros_driver2/msg/detail/custom_msg__rosidl_typesupport_introspection_cpp.hpp
[20.420s] -- Symlinking: /home/ljhua/ROBOCON2026/lidar_test/rc2026/install/livox_ros_driver2/include/livox_ros_driver2/livox_ros_driver2/msg/detail/custom_point__rosidl_typesupport_introspection_cpp.hpp
[20.430s] -- Symlinking: /home/ljhua/ROBOCON2026/lidar_test/rc2026/install/livox_ros_driver2/share/livox_ros_driver2/environment/pythonpath.sh
[20.440s] -- Symlinking: /home/ljhua/ROBOCON2026/lidar_test/rc2026/install/livox_ros_driver2/share/livox_ros_driver2/environment/pythonpath.dsv
[20.449s] -- Symlinking: /home/ljhua/ROBOCON2026/lidar_test/rc2026/install/livox_ros_driver2/local/lib/python3.10/dist-packages/livox_ros_driver2-1.0.0-py3.10.egg-info/PKG-INFO
[20.457s] -- Symlinking: /home/ljhua/ROBOCON2026/lidar_test/rc2026/install/livox_ros_driver2/local/lib/python3.10/dist-packages/livox_ros_driver2-1.0.0-py3.10.egg-info/SOURCES.txt
[20.467s] -- Symlinking: /home/ljhua/ROBOCON2026/lidar_test/rc2026/install/livox_ros_driver2/local/lib/python3.10/dist-packages/livox_ros_driver2-1.0.0-py3.10.egg-info/dependency_links.txt
[20.476s] -- Symlinking: /home/ljhua/ROBOCON2026/lidar_test/rc2026/install/livox_ros_driver2/local/lib/python3.10/dist-packages/livox_ros_driver2-1.0.0-py3.10.egg-info/top_level.txt
[20.484s] -- Symlinking: /home/ljhua/ROBOCON2026/lidar_test/rc2026/install/livox_ros_driver2/local/lib/python3.10/dist-packages/livox_ros_driver2/__init__.py
[20.494s] -- Symlinking: /home/ljhua/ROBOCON2026/lidar_test/rc2026/install/livox_ros_driver2/local/lib/python3.10/dist-packages/livox_ros_driver2/_livox_ros_driver2_s.ep.rosidl_typesupport_c.c
[20.500s] -- Symlinking: /home/ljhua/ROBOCON2026/lidar_test/rc2026/install/livox_ros_driver2/local/lib/python3.10/dist-packages/livox_ros_driver2/_livox_ros_driver2_s.ep.rosidl_typesupport_fastrtps_c.c
[20.509s] -- Symlinking: /home/ljhua/ROBOCON2026/lidar_test/rc2026/install/livox_ros_driver2/local/lib/python3.10/dist-packages/livox_ros_driver2/_livox_ros_driver2_s.ep.rosidl_typesupport_introspection_c.c
[20.518s] -- Symlinking: /home/ljhua/ROBOCON2026/lidar_test/rc2026/install/livox_ros_driver2/local/lib/python3.10/dist-packages/livox_ros_driver2/liblivox_interfaces2__rosidl_generator_py.so
[20.527s] -- Symlinking: /home/ljhua/ROBOCON2026/lidar_test/rc2026/install/livox_ros_driver2/local/lib/python3.10/dist-packages/livox_ros_driver2/livox_ros_driver2_s__rosidl_typesupport_c.cpython-310-x86_64-linux-gnu.so
[20.536s] -- Symlinking: /home/ljhua/ROBOCON2026/lidar_test/rc2026/install/livox_ros_driver2/local/lib/python3.10/dist-packages/livox_ros_driver2/livox_ros_driver2_s__rosidl_typesupport_fastrtps_c.cpython-310-x86_64-linux-gnu.so
[20.545s] -- Symlinking: /home/ljhua/ROBOCON2026/lidar_test/rc2026/install/livox_ros_driver2/local/lib/python3.10/dist-packages/livox_ros_driver2/livox_ros_driver2_s__rosidl_typesupport_introspection_c.cpython-310-x86_64-linux-gnu.so
[20.554s] -- Symlinking: /home/ljhua/ROBOCON2026/lidar_test/rc2026/install/livox_ros_driver2/local/lib/python3.10/dist-packages/livox_ros_driver2/msg/__init__.py
[20.563s] -- Symlinking: /home/ljhua/ROBOCON2026/lidar_test/rc2026/install/livox_ros_driver2/local/lib/python3.10/dist-packages/livox_ros_driver2/msg/_custom_msg.py
[20.572s] -- Symlinking: /home/ljhua/ROBOCON2026/lidar_test/rc2026/install/livox_ros_driver2/local/lib/python3.10/dist-packages/livox_ros_driver2/msg/_custom_msg_s.c
[20.581s] -- Symlinking: /home/ljhua/ROBOCON2026/lidar_test/rc2026/install/livox_ros_driver2/local/lib/python3.10/dist-packages/livox_ros_driver2/msg/_custom_point.py
[20.590s] -- Symlinking: /home/ljhua/ROBOCON2026/lidar_test/rc2026/install/livox_ros_driver2/local/lib/python3.10/dist-packages/livox_ros_driver2/msg/_custom_point_s.c
[20.600s] -- Up-to-date symlink: /home/ljhua/ROBOCON2026/lidar_test/rc2026/install/livox_ros_driver2/local/lib/python3.10/dist-packages/livox_ros_driver2/livox_ros_driver2_s__rosidl_typesupport_fastrtps_c.cpython-310-x86_64-linux-gnu.so
[20.600s] -- Up-to-date symlink: /home/ljhua/ROBOCON2026/lidar_test/rc2026/install/livox_ros_driver2/local/lib/python3.10/dist-packages/livox_ros_driver2/livox_ros_driver2_s__rosidl_typesupport_introspection_c.cpython-310-x86_64-linux-gnu.so
[20.600s] -- Up-to-date symlink: /home/ljhua/ROBOCON2026/lidar_test/rc2026/install/livox_ros_driver2/local/lib/python3.10/dist-packages/livox_ros_driver2/livox_ros_driver2_s__rosidl_typesupport_c.cpython-310-x86_64-linux-gnu.so
[20.601s] -- Symlinking: /home/ljhua/ROBOCON2026/lidar_test/rc2026/install/livox_ros_driver2/share/livox_ros_driver2/msg/CustomPoint.idl
[20.610s] -- Symlinking: /home/ljhua/ROBOCON2026/lidar_test/rc2026/install/livox_ros_driver2/share/livox_ros_driver2/msg/CustomMsg.idl
[20.619s] -- Symlinking: /home/ljhua/ROBOCON2026/lidar_test/rc2026/install/livox_ros_driver2/share/livox_ros_driver2/msg/CustomPoint.msg
[20.629s] -- Symlinking: /home/ljhua/ROBOCON2026/lidar_test/rc2026/install/livox_ros_driver2/share/livox_ros_driver2/msg/CustomMsg.msg
[20.638s] -- Symlinking: /home/ljhua/ROBOCON2026/lidar_test/rc2026/install/livox_ros_driver2/lib/livox_ros_driver2/livox_ros_driver2_node
[20.647s] -- Symlinking: /home/ljhua/ROBOCON2026/lidar_test/rc2026/install/livox_ros_driver2/lib/liblivox_ros_driver2.so
[20.657s] -- Symlinking: /home/ljhua/ROBOCON2026/lidar_test/rc2026/install/livox_ros_driver2/share/livox_ros_driver2/config/HAP_config.json
[20.666s] -- Symlinking: /home/ljhua/ROBOCON2026/lidar_test/rc2026/install/livox_ros_driver2/share/livox_ros_driver2/config/MID360_config.json
[20.675s] -- Symlinking: /home/ljhua/ROBOCON2026/lidar_test/rc2026/install/livox_ros_driver2/share/livox_ros_driver2/config/display_point_cloud.rviz
[20.685s] -- Symlinking: /home/ljhua/ROBOCON2026/lidar_test/rc2026/install/livox_ros_driver2/share/livox_ros_driver2/config/mixed_HAP_MID360_config.json
[20.695s] -- Symlinking: /home/ljhua/ROBOCON2026/lidar_test/rc2026/install/livox_ros_driver2/share/livox_ros_driver2/launch/msg_HAP_launch.py
[20.705s] -- Symlinking: /home/ljhua/ROBOCON2026/lidar_test/rc2026/install/livox_ros_driver2/share/livox_ros_driver2/launch/msg_MID360_launch.py
[20.714s] -- Symlinking: /home/ljhua/ROBOCON2026/lidar_test/rc2026/install/livox_ros_driver2/share/livox_ros_driver2/launch/rviz_HAP_launch.py
[20.724s] -- Symlinking: /home/ljhua/ROBOCON2026/lidar_test/rc2026/install/livox_ros_driver2/share/livox_ros_driver2/launch/rviz_MID360_launch.py
[20.733s] -- Symlinking: /home/ljhua/ROBOCON2026/lidar_test/rc2026/install/livox_ros_driver2/share/livox_ros_driver2/launch/rviz_mixed.py
[20.742s] -- Symlinking: /home/ljhua/ROBOCON2026/lidar_test/rc2026/install/livox_ros_driver2/share/ament_index/resource_index/package_run_dependencies/livox_ros_driver2
[20.752s] -- Symlinking: /home/ljhua/ROBOCON2026/lidar_test/rc2026/install/livox_ros_driver2/share/ament_index/resource_index/parent_prefix_path/livox_ros_driver2
[20.761s] -- Symlinking: /home/ljhua/ROBOCON2026/lidar_test/rc2026/install/livox_ros_driver2/share/livox_ros_driver2/environment/ament_prefix_path.sh
[20.771s] -- Symlinking: /home/ljhua/ROBOCON2026/lidar_test/rc2026/install/livox_ros_driver2/share/livox_ros_driver2/environment/ament_prefix_path.dsv
[20.781s] -- Symlinking: /home/ljhua/ROBOCON2026/lidar_test/rc2026/install/livox_ros_driver2/share/livox_ros_driver2/environment/path.sh
[20.790s] -- Symlinking: /home/ljhua/ROBOCON2026/lidar_test/rc2026/install/livox_ros_driver2/share/livox_ros_driver2/environment/path.dsv
[20.799s] -- Symlinking: /home/ljhua/ROBOCON2026/lidar_test/rc2026/install/livox_ros_driver2/share/livox_ros_driver2/local_setup.bash
[20.808s] -- Symlinking: /home/ljhua/ROBOCON2026/lidar_test/rc2026/install/livox_ros_driver2/share/livox_ros_driver2/local_setup.sh
[20.818s] -- Symlinking: /home/ljhua/ROBOCON2026/lidar_test/rc2026/install/livox_ros_driver2/share/livox_ros_driver2/local_setup.zsh
[20.828s] -- Symlinking: /home/ljhua/ROBOCON2026/lidar_test/rc2026/install/livox_ros_driver2/share/livox_ros_driver2/local_setup.dsv
[20.837s] -- Symlinking: /home/ljhua/ROBOCON2026/lidar_test/rc2026/install/livox_ros_driver2/share/livox_ros_driver2/package.dsv
[20.846s] -- Symlinking: /home/ljhua/ROBOCON2026/lidar_test/rc2026/install/livox_ros_driver2/share/ament_index/resource_index/packages/livox_ros_driver2
[20.856s] -- Symlinking: /home/ljhua/ROBOCON2026/lidar_test/rc2026/install/livox_ros_driver2/share/ament_index/resource_index/rclcpp_components/livox_ros_driver2
[20.864s] -- Symlinking: /home/ljhua/ROBOCON2026/lidar_test/rc2026/install/livox_ros_driver2/share/livox_ros_driver2/cmake/rosidl_cmake-extras.cmake
[20.874s] -- Symlinking: /home/ljhua/ROBOCON2026/lidar_test/rc2026/install/livox_ros_driver2/share/livox_ros_driver2/cmake/ament_cmake_export_dependencies-extras.cmake
[20.882s] -- Symlinking: /home/ljhua/ROBOCON2026/lidar_test/rc2026/install/livox_ros_driver2/share/livox_ros_driver2/cmake/ament_cmake_export_include_directories-extras.cmake
[20.891s] -- Symlinking: /home/ljhua/ROBOCON2026/lidar_test/rc2026/install/livox_ros_driver2/share/livox_ros_driver2/cmake/ament_cmake_export_libraries-extras.cmake
[20.900s] -- Symlinking: /home/ljhua/ROBOCON2026/lidar_test/rc2026/install/livox_ros_driver2/share/livox_ros_driver2/cmake/ament_cmake_export_targets-extras.cmake
[20.909s] -- Symlinking: /home/ljhua/ROBOCON2026/lidar_test/rc2026/install/livox_ros_driver2/share/livox_ros_driver2/cmake/rosidl_cmake_export_typesupport_targets-extras.cmake
[20.919s] -- Symlinking: /home/ljhua/ROBOCON2026/lidar_test/rc2026/install/livox_ros_driver2/share/livox_ros_driver2/cmake/rosidl_cmake_export_typesupport_libraries-extras.cmake
[20.925s] -- Symlinking: /home/ljhua/ROBOCON2026/lidar_test/rc2026/install/livox_ros_driver2/share/livox_ros_driver2/cmake/livox_ros_driver2Config.cmake
[20.932s] -- Symlinking: /home/ljhua/ROBOCON2026/lidar_test/rc2026/install/livox_ros_driver2/share/livox_ros_driver2/cmake/livox_ros_driver2Config-version.cmake
[20.941s] -- Symlinking: /home/ljhua/ROBOCON2026/lidar_test/rc2026/install/livox_ros_driver2/share/livox_ros_driver2/package.xml
[20.950s] -- Installing: /home/ljhua/ROBOCON2026/lidar_test/rc2026/install/livox_ros_driver2/lib/liblivox_ros_driver2__rosidl_generator_c.so
[20.950s] -- Set runtime path of "/home/ljhua/ROBOCON2026/lidar_test/rc2026/install/livox_ros_driver2/lib/liblivox_ros_driver2__rosidl_generator_c.so" to ""
[20.950s] -- Installing: /home/ljhua/ROBOCON2026/lidar_test/rc2026/install/livox_ros_driver2/lib/liblivox_ros_driver2__rosidl_typesupport_fastrtps_c.so
[20.951s] -- Set runtime path of "/home/ljhua/ROBOCON2026/lidar_test/rc2026/install/livox_ros_driver2/lib/liblivox_ros_driver2__rosidl_typesupport_fastrtps_c.so" to ""
[20.951s] -- Installing: /home/ljhua/ROBOCON2026/lidar_test/rc2026/install/livox_ros_driver2/lib/liblivox_ros_driver2__rosidl_typesupport_introspection_c.so
[20.951s] -- Set runtime path of "/home/ljhua/ROBOCON2026/lidar_test/rc2026/install/livox_ros_driver2/lib/liblivox_ros_driver2__rosidl_typesupport_introspection_c.so" to ""
[20.951s] -- Installing: /home/ljhua/ROBOCON2026/lidar_test/rc2026/install/livox_ros_driver2/lib/liblivox_ros_driver2__rosidl_typesupport_c.so
[20.951s] -- Set runtime path of "/home/ljhua/ROBOCON2026/lidar_test/rc2026/install/livox_ros_driver2/lib/liblivox_ros_driver2__rosidl_typesupport_c.so" to ""
[20.951s] -- Installing: /home/ljhua/ROBOCON2026/lidar_test/rc2026/install/livox_ros_driver2/lib/liblivox_ros_driver2__rosidl_typesupport_fastrtps_cpp.so
[20.951s] -- Set runtime path of "/home/ljhua/ROBOCON2026/lidar_test/rc2026/install/livox_ros_driver2/lib/liblivox_ros_driver2__rosidl_typesupport_fastrtps_cpp.so" to ""
[20.951s] -- Installing: /home/ljhua/ROBOCON2026/lidar_test/rc2026/install/livox_ros_driver2/lib/liblivox_ros_driver2__rosidl_typesupport_introspection_cpp.so
[20.951s] -- Set runtime path of "/home/ljhua/ROBOCON2026/lidar_test/rc2026/install/livox_ros_driver2/lib/liblivox_ros_driver2__rosidl_typesupport_introspection_cpp.so" to ""
[20.951s] -- Installing: /home/ljhua/ROBOCON2026/lidar_test/rc2026/install/livox_ros_driver2/lib/liblivox_ros_driver2__rosidl_typesupport_cpp.so
[20.951s] -- Set runtime path of "/home/ljhua/ROBOCON2026/lidar_test/rc2026/install/livox_ros_driver2/lib/liblivox_ros_driver2__rosidl_typesupport_cpp.so" to ""
[20.985s] Listing '/home/ljhua/ROBOCON2026/lidar_test/rc2026/install/livox_ros_driver2/local/lib/python3.10/dist-packages/livox_ros_driver2'...
[20.985s] Compiling '/home/ljhua/ROBOCON2026/lidar_test/rc2026/install/livox_ros_driver2/local/lib/python3.10/dist-packages/livox_ros_driver2/__init__.py'...
[20.985s] Listing '/home/ljhua/ROBOCON2026/lidar_test/rc2026/install/livox_ros_driver2/local/lib/python3.10/dist-packages/livox_ros_driver2/msg'...
[20.985s] Compiling '/home/ljhua/ROBOCON2026/lidar_test/rc2026/install/livox_ros_driver2/local/lib/python3.10/dist-packages/livox_ros_driver2/msg/__init__.py'...
[20.986s] Compiling '/home/ljhua/ROBOCON2026/lidar_test/rc2026/install/livox_ros_driver2/local/lib/python3.10/dist-packages/livox_ros_driver2/msg/_custom_msg.py'...
[20.986s] Compiling '/home/ljhua/ROBOCON2026/lidar_test/rc2026/install/livox_ros_driver2/local/lib/python3.10/dist-packages/livox_ros_driver2/msg/_custom_point.py'...
[20.991s] -- Installing: /home/ljhua/ROBOCON2026/lidar_test/rc2026/install/livox_ros_driver2/lib/liblivox_interfaces2__rosidl_generator_py.so
[20.992s] -- Set runtime path of "/home/ljhua/ROBOCON2026/lidar_test/rc2026/install/livox_ros_driver2/lib/liblivox_interfaces2__rosidl_generator_py.so" to ""
[20.992s] -- Installing: /home/ljhua/ROBOCON2026/lidar_test/rc2026/install/livox_ros_driver2/share/livox_ros_driver2/cmake/export_livox_interfaces2__rosidl_generator_cExport.cmake
[20.992s] -- Installing: /home/ljhua/ROBOCON2026/lidar_test/rc2026/install/livox_ros_driver2/share/livox_ros_driver2/cmake/export_livox_interfaces2__rosidl_generator_cExport-noconfig.cmake
[20.992s] -- Installing: /home/ljhua/ROBOCON2026/lidar_test/rc2026/install/livox_ros_driver2/share/livox_ros_driver2/cmake/export_livox_interfaces2__rosidl_typesupport_fastrtps_cExport.cmake
[20.992s] -- Installing: /home/ljhua/ROBOCON2026/lidar_test/rc2026/install/livox_ros_driver2/share/livox_ros_driver2/cmake/export_livox_interfaces2__rosidl_typesupport_fastrtps_cExport-noconfig.cmake
[20.992s] -- Installing: /home/ljhua/ROBOCON2026/lidar_test/rc2026/install/livox_ros_driver2/share/livox_ros_driver2/cmake/livox_interfaces2__rosidl_typesupport_introspection_cExport.cmake
[20.992s] -- Installing: /home/ljhua/ROBOCON2026/lidar_test/rc2026/install/livox_ros_driver2/share/livox_ros_driver2/cmake/livox_interfaces2__rosidl_typesupport_introspection_cExport-noconfig.cmake
[20.993s] -- Installing: /home/ljhua/ROBOCON2026/lidar_test/rc2026/install/livox_ros_driver2/share/livox_ros_driver2/cmake/livox_interfaces2__rosidl_typesupport_cExport.cmake
[20.993s] -- Installing: /home/ljhua/ROBOCON2026/lidar_test/rc2026/install/livox_ros_driver2/share/livox_ros_driver2/cmake/livox_interfaces2__rosidl_typesupport_cExport-noconfig.cmake
[20.993s] -- Installing: /home/ljhua/ROBOCON2026/lidar_test/rc2026/install/livox_ros_driver2/share/livox_ros_driver2/cmake/export_livox_interfaces2__rosidl_generator_cppExport.cmake
[20.993s] -- Installing: /home/ljhua/ROBOCON2026/lidar_test/rc2026/install/livox_ros_driver2/share/livox_ros_driver2/cmake/export_livox_interfaces2__rosidl_typesupport_fastrtps_cppExport.cmake
[20.993s] -- Installing: /home/ljhua/ROBOCON2026/lidar_test/rc2026/install/livox_ros_driver2/share/livox_ros_driver2/cmake/export_livox_interfaces2__rosidl_typesupport_fastrtps_cppExport-noconfig.cmake
[20.993s] -- Installing: /home/ljhua/ROBOCON2026/lidar_test/rc2026/install/livox_ros_driver2/share/livox_ros_driver2/cmake/livox_interfaces2__rosidl_typesupport_introspection_cppExport.cmake
[20.993s] -- Installing: /home/ljhua/ROBOCON2026/lidar_test/rc2026/install/livox_ros_driver2/share/livox_ros_driver2/cmake/livox_interfaces2__rosidl_typesupport_introspection_cppExport-noconfig.cmake
[20.994s] -- Installing: /home/ljhua/ROBOCON2026/lidar_test/rc2026/install/livox_ros_driver2/share/livox_ros_driver2/cmake/livox_interfaces2__rosidl_typesupport_cppExport.cmake
[20.994s] -- Installing: /home/ljhua/ROBOCON2026/lidar_test/rc2026/install/livox_ros_driver2/share/livox_ros_driver2/cmake/livox_interfaces2__rosidl_typesupport_cppExport-noconfig.cmake
[20.994s] -- Installing: /home/ljhua/ROBOCON2026/lidar_test/rc2026/install/livox_ros_driver2/share/livox_ros_driver2/cmake/export_livox_interfaces2__rosidl_generator_pyExport.cmake
[20.994s] -- Installing: /home/ljhua/ROBOCON2026/lidar_test/rc2026/install/livox_ros_driver2/share/livox_ros_driver2/cmake/export_livox_interfaces2__rosidl_generator_pyExport-noconfig.cmake
[20.996s] Invoked command in '/home/ljhua/ROBOCON2026/lidar_test/rc2026/build/livox_ros_driver2' returned '0': CMAKE_PREFIX_PATH=/opt/ros/humble /usr/bin/cmake --install /home/ljhua/ROBOCON2026/lidar_test/rc2026/build/livox_ros_driver2
