[0.024s] Invoking command in '/home/ljhua/ROBOCON2026/lidar_test/CSU-RM-Sentry/build/rc_serial_driver': CMAKE_PREFIX_PATH=/opt/ros/humble /usr/bin/cmake --build /home/ljhua/ROBOCON2026/lidar_test/CSU-RM-Sentry/build/rc_serial_driver -- -j20 -l20
[0.064s] [35m[1mConsolidate compiler generated dependencies of target serial_port[0m
[0.075s] [ 60%] Built target serial_port
[0.091s] [35m[1mConsolidate compiler generated dependencies of target serial_driver_node[0m
[0.111s] [100%] Built target serial_driver_node
[0.150s] Invoked command in '/home/ljhua/ROBOCON2026/lidar_test/CSU-RM-Sentry/build/rc_serial_driver' returned '0': CMAKE_PREFIX_PATH=/opt/ros/humble /usr/bin/cmake --build /home/ljhua/ROBOCON2026/lidar_test/CSU-RM-Sentry/build/rc_serial_driver -- -j20 -l20
[0.158s] Invoking command in '/home/ljhua/ROBOCON2026/lidar_test/CSU-RM-Sentry/build/rc_serial_driver': CMAKE_PREFIX_PATH=/opt/ros/humble /usr/bin/cmake --install /home/ljhua/ROBOCON2026/lidar_test/CSU-RM-Sentry/build/rc_serial_driver
[0.162s] -- Install configuration: ""
[0.162s] -- Execute custom install script
[0.162s] -- Up-to-date symlink: /home/ljhua/ROBOCON2026/lidar_test/CSU-RM-Sentry/install/rc_serial_driver/lib/rc_serial_driver/libserial_port.so
[0.162s] -- Up-to-date symlink: /home/ljhua/ROBOCON2026/lidar_test/CSU-RM-Sentry/install/rc_serial_driver/lib/rc_serial_driver/serial_driver_node
[0.162s] -- Up-to-date symlink: /home/ljhua/ROBOCON2026/lidar_test/CSU-RM-Sentry/install/rc_serial_driver/share/rc_serial_driver//serial_driver.launch.py
[0.162s] -- Up-to-date symlink: /home/ljhua/ROBOCON2026/lidar_test/CSU-RM-Sentry/install/rc_serial_driver/share/rc_serial_driver//serial_driver_params.yaml
[0.162s] -- Up-to-date symlink: /home/ljhua/ROBOCON2026/lidar_test/CSU-RM-Sentry/install/rc_serial_driver/share/ament_index/resource_index/package_run_dependencies/rc_serial_driver
[0.163s] -- Up-to-date symlink: /home/ljhua/ROBOCON2026/lidar_test/CSU-RM-Sentry/install/rc_serial_driver/share/ament_index/resource_index/parent_prefix_path/rc_serial_driver
[0.163s] -- Up-to-date symlink: /home/ljhua/ROBOCON2026/lidar_test/CSU-RM-Sentry/install/rc_serial_driver/share/rc_serial_driver/environment/ament_prefix_path.sh
[0.163s] -- Up-to-date symlink: /home/ljhua/ROBOCON2026/lidar_test/CSU-RM-Sentry/install/rc_serial_driver/share/rc_serial_driver/environment/ament_prefix_path.dsv
[0.163s] -- Up-to-date symlink: /home/ljhua/ROBOCON2026/lidar_test/CSU-RM-Sentry/install/rc_serial_driver/share/rc_serial_driver/environment/path.sh
[0.163s] -- Up-to-date symlink: /home/ljhua/ROBOCON2026/lidar_test/CSU-RM-Sentry/install/rc_serial_driver/share/rc_serial_driver/environment/path.dsv
[0.163s] -- Up-to-date symlink: /home/ljhua/ROBOCON2026/lidar_test/CSU-RM-Sentry/install/rc_serial_driver/share/rc_serial_driver/local_setup.bash
[0.163s] -- Up-to-date symlink: /home/ljhua/ROBOCON2026/lidar_test/CSU-RM-Sentry/install/rc_serial_driver/share/rc_serial_driver/local_setup.sh
[0.163s] -- Up-to-date symlink: /home/ljhua/ROBOCON2026/lidar_test/CSU-RM-Sentry/install/rc_serial_driver/share/rc_serial_driver/local_setup.zsh
[0.163s] -- Up-to-date symlink: /home/ljhua/ROBOCON2026/lidar_test/CSU-RM-Sentry/install/rc_serial_driver/share/rc_serial_driver/local_setup.dsv
[0.164s] -- Symlinking: /home/ljhua/ROBOCON2026/lidar_test/CSU-RM-Sentry/install/rc_serial_driver/share/rc_serial_driver/package.dsv
[0.168s] -- Up-to-date symlink: /home/ljhua/ROBOCON2026/lidar_test/CSU-RM-Sentry/install/rc_serial_driver/share/ament_index/resource_index/packages/rc_serial_driver
[0.168s] -- Up-to-date symlink: /home/ljhua/ROBOCON2026/lidar_test/CSU-RM-Sentry/install/rc_serial_driver/share/rc_serial_driver/cmake/rc_serial_driverConfig.cmake
[0.168s] -- Up-to-date symlink: /home/ljhua/ROBOCON2026/lidar_test/CSU-RM-Sentry/install/rc_serial_driver/share/rc_serial_driver/cmake/rc_serial_driverConfig-version.cmake
[0.169s] -- Up-to-date symlink: /home/ljhua/ROBOCON2026/lidar_test/CSU-RM-Sentry/install/rc_serial_driver/share/rc_serial_driver/package.xml
[0.204s] Invoked command in '/home/ljhua/ROBOCON2026/lidar_test/CSU-RM-Sentry/build/rc_serial_driver' returned '0': CMAKE_PREFIX_PATH=/opt/ros/humble /usr/bin/cmake --install /home/ljhua/ROBOCON2026/lidar_test/CSU-RM-Sentry/build/rc_serial_driver
