[0.024s] Invoking command in '/home/ljhua/ROBOCON2026/lidar_test/CSU-RM-Sentry/build/imu_complementary_filter': CMAKE_PREFIX_PATH=/opt/ros/humble /usr/bin/cmake --build /home/ljhua/ROBOCON2026/lidar_test/CSU-RM-Sentry/build/imu_complementary_filter -- -j20 -l20
[0.056s] [35m[1mConsolidate compiler generated dependencies of target complementary_filter[0m
[0.075s] [ 60%] Built target complementary_filter
[0.083s] [35m[1mConsolidate compiler generated dependencies of target complementary_filter_node[0m
[0.105s] [100%] Built target complementary_filter_node
[0.135s] Invoked command in '/home/ljhua/ROBOCON2026/lidar_test/CSU-RM-Sentry/build/imu_complementary_filter' returned '0': CMAKE_PREFIX_PATH=/opt/ros/humble /usr/bin/cmake --build /home/ljhua/ROBOCON2026/lidar_test/CSU-RM-Sentry/build/imu_complementary_filter -- -j20 -l20
[0.136s] Invoking command in '/home/ljhua/ROBOCON2026/lidar_test/CSU-RM-Sentry/build/imu_complementary_filter': CMAKE_PREFIX_PATH=/opt/ros/humble /usr/bin/cmake --install /home/ljhua/ROBOCON2026/lidar_test/CSU-RM-Sentry/build/imu_complementary_filter
[0.160s] -- Install configuration: ""
[0.160s] -- Execute custom install script
[0.160s] -- Up-to-date symlink: /home/ljhua/ROBOCON2026/lidar_test/CSU-RM-Sentry/install/imu_complementary_filter/lib/imu_complementary_filter/complementary_filter_node
[0.160s] -- Up-to-date symlink: /home/ljhua/ROBOCON2026/lidar_test/CSU-RM-Sentry/install/imu_complementary_filter/include/imu_complementary_filter/complementary_filter.h
[0.161s] -- Up-to-date symlink: /home/ljhua/ROBOCON2026/lidar_test/CSU-RM-Sentry/install/imu_complementary_filter/include/imu_complementary_filter/complementary_filter_ros.h
[0.161s] -- Up-to-date symlink: /home/ljhua/ROBOCON2026/lidar_test/CSU-RM-Sentry/install/imu_complementary_filter/share/imu_complementary_filter/launch/complementary_filter.launch.py
[0.161s] -- Up-to-date symlink: /home/ljhua/ROBOCON2026/lidar_test/CSU-RM-Sentry/install/imu_complementary_filter/share/imu_complementary_filter/environment/library_path.sh
[0.161s] -- Up-to-date symlink: /home/ljhua/ROBOCON2026/lidar_test/CSU-RM-Sentry/install/imu_complementary_filter/share/imu_complementary_filter/environment/library_path.dsv
[0.161s] -- Up-to-date symlink: /home/ljhua/ROBOCON2026/lidar_test/CSU-RM-Sentry/install/imu_complementary_filter/share/ament_index/resource_index/package_run_dependencies/imu_complementary_filter
[0.161s] -- Up-to-date symlink: /home/ljhua/ROBOCON2026/lidar_test/CSU-RM-Sentry/install/imu_complementary_filter/share/ament_index/resource_index/parent_prefix_path/imu_complementary_filter
[0.161s] -- Up-to-date symlink: /home/ljhua/ROBOCON2026/lidar_test/CSU-RM-Sentry/install/imu_complementary_filter/share/imu_complementary_filter/environment/ament_prefix_path.sh
[0.161s] -- Up-to-date symlink: /home/ljhua/ROBOCON2026/lidar_test/CSU-RM-Sentry/install/imu_complementary_filter/share/imu_complementary_filter/environment/ament_prefix_path.dsv
[0.161s] -- Up-to-date symlink: /home/ljhua/ROBOCON2026/lidar_test/CSU-RM-Sentry/install/imu_complementary_filter/share/imu_complementary_filter/environment/path.sh
[0.161s] -- Up-to-date symlink: /home/ljhua/ROBOCON2026/lidar_test/CSU-RM-Sentry/install/imu_complementary_filter/share/imu_complementary_filter/environment/path.dsv
[0.162s] -- Up-to-date symlink: /home/ljhua/ROBOCON2026/lidar_test/CSU-RM-Sentry/install/imu_complementary_filter/share/imu_complementary_filter/local_setup.bash
[0.162s] -- Up-to-date symlink: /home/ljhua/ROBOCON2026/lidar_test/CSU-RM-Sentry/install/imu_complementary_filter/share/imu_complementary_filter/local_setup.sh
[0.162s] -- Up-to-date symlink: /home/ljhua/ROBOCON2026/lidar_test/CSU-RM-Sentry/install/imu_complementary_filter/share/imu_complementary_filter/local_setup.zsh
[0.162s] -- Up-to-date symlink: /home/ljhua/ROBOCON2026/lidar_test/CSU-RM-Sentry/install/imu_complementary_filter/share/imu_complementary_filter/local_setup.dsv
[0.162s] -- Symlinking: /home/ljhua/ROBOCON2026/lidar_test/CSU-RM-Sentry/install/imu_complementary_filter/share/imu_complementary_filter/package.dsv
[0.162s] -- Up-to-date symlink: /home/ljhua/ROBOCON2026/lidar_test/CSU-RM-Sentry/install/imu_complementary_filter/share/ament_index/resource_index/packages/imu_complementary_filter
[0.162s] -- Up-to-date symlink: /home/ljhua/ROBOCON2026/lidar_test/CSU-RM-Sentry/install/imu_complementary_filter/share/imu_complementary_filter/cmake/ament_cmake_export_include_directories-extras.cmake
[0.162s] -- Up-to-date symlink: /home/ljhua/ROBOCON2026/lidar_test/CSU-RM-Sentry/install/imu_complementary_filter/share/imu_complementary_filter/cmake/ament_cmake_export_libraries-extras.cmake
[0.162s] -- Up-to-date symlink: /home/ljhua/ROBOCON2026/lidar_test/CSU-RM-Sentry/install/imu_complementary_filter/share/imu_complementary_filter/cmake/ament_cmake_export_targets-extras.cmake
[0.162s] -- Up-to-date symlink: /home/ljhua/ROBOCON2026/lidar_test/CSU-RM-Sentry/install/imu_complementary_filter/share/imu_complementary_filter/cmake/imu_complementary_filterConfig.cmake
[0.162s] -- Up-to-date symlink: /home/ljhua/ROBOCON2026/lidar_test/CSU-RM-Sentry/install/imu_complementary_filter/share/imu_complementary_filter/cmake/imu_complementary_filterConfig-version.cmake
[0.162s] -- Up-to-date symlink: /home/ljhua/ROBOCON2026/lidar_test/CSU-RM-Sentry/install/imu_complementary_filter/share/imu_complementary_filter/package.xml
[0.162s] -- Up-to-date: /home/ljhua/ROBOCON2026/lidar_test/CSU-RM-Sentry/install/imu_complementary_filter/lib/libcomplementary_filter.so
[0.163s] -- Up-to-date: /home/ljhua/ROBOCON2026/lidar_test/CSU-RM-Sentry/install/imu_complementary_filter/share/imu_complementary_filter/cmake/export_imu_complementary_filterExport.cmake
[0.163s] -- Up-to-date: /home/ljhua/ROBOCON2026/lidar_test/CSU-RM-Sentry/install/imu_complementary_filter/share/imu_complementary_filter/cmake/export_imu_complementary_filterExport-noconfig.cmake
[0.190s] Invoked command in '/home/ljhua/ROBOCON2026/lidar_test/CSU-RM-Sentry/build/imu_complementary_filter' returned '0': CMAKE_PREFIX_PATH=/opt/ros/humble /usr/bin/cmake --install /home/ljhua/ROBOCON2026/lidar_test/CSU-RM-Sentry/build/imu_complementary_filter
