[0.019s] Invoking command in '/home/ljhua/ROBOCON2026/lidar_test/rc2026/build/imu_complementary_filter': CMAKE_PREFIX_PATH=/opt/ros/humble /usr/bin/cmake /home/ljhua/ROBOCON2026/lidar_test/rc2026/src/rm_perception/imu_complementary_filter -DAMENT_CMAKE_SYMLINK_INSTALL=1 -DCMAKE_INSTALL_PREFIX=/home/ljhua/ROBOCON2026/lidar_test/rc2026/install/imu_complementary_filter
[0.506s] -- The C compiler identification is GNU 11.4.0
[0.506s] -- The CXX compiler identification is GNU 11.4.0
[0.506s] -- Detecting C compiler ABI info
[0.506s] -- Detecting C compiler ABI info - done
[0.506s] -- Check for working C compiler: /usr/bin/cc - skipped
[0.506s] -- Detecting C compile features
[0.506s] -- Detecting C compile features - done
[0.506s] -- Detecting CXX compiler ABI info
[0.506s] -- Detecting CXX compiler ABI info - done
[0.506s] -- Check for working CXX compiler: /usr/bin/c++ - skipped
[0.506s] -- Detecting CXX compile features
[0.507s] -- Detecting CXX compile features - done
[0.507s] -- Found ament_cmake: 1.3.12 (/opt/ros/humble/share/ament_cmake/cmake)
[0.771s] -- Found Python3: /usr/bin/python3 (found version "3.10.12") found components: Interpreter 
[0.815s] -- Override CMake install command with custom implementation using symlinks instead of copying resources
[0.847s] -- Found geometry_msgs: 4.9.0 (/opt/ros/humble/share/geometry_msgs/cmake)
[0.887s] -- Found rosidl_generator_c: 3.1.7 (/opt/ros/humble/share/rosidl_generator_c/cmake)
[0.891s] -- Found rosidl_adapter: 3.1.7 (/opt/ros/humble/share/rosidl_adapter/cmake)
[0.898s] -- Found rosidl_generator_cpp: 3.1.7 (/opt/ros/humble/share/rosidl_generator_cpp/cmake)
[0.908s] -- Using all available rosidl_typesupport_c: rosidl_typesupport_fastrtps_c;rosidl_typesupport_introspection_c
[0.921s] -- Using all available rosidl_typesupport_cpp: rosidl_typesupport_fastrtps_cpp;rosidl_typesupport_introspection_cpp
[0.952s] -- Found message_filters: 4.3.8 (/opt/ros/humble/share/message_filters/cmake)
[0.982s] -- Found rmw_implementation_cmake: 6.1.2 (/opt/ros/humble/share/rmw_implementation_cmake/cmake)
[0.985s] -- Found rmw_fastrtps_cpp: 6.2.8 (/opt/ros/humble/share/rmw_fastrtps_cpp/cmake)
[1.053s] -- Found OpenSSL: /usr/lib/x86_64-linux-gnu/libcrypto.so (found version "3.0.2")  
[1.079s] -- Found FastRTPS: /opt/ros/humble/include  
[1.127s] -- Using RMW implementation 'rmw_fastrtps_cpp' as default
[1.137s] -- Looking for pthread.h
[1.202s] -- Looking for pthread.h - found
[1.202s] -- Performing Test CMAKE_HAVE_LIBC_PTHREAD
[1.261s] -- Performing Test CMAKE_HAVE_LIBC_PTHREAD - Success
[1.262s] -- Found Threads: TRUE  
[1.288s] -- Found sensor_msgs: 4.9.0 (/opt/ros/humble/share/sensor_msgs/cmake)
[1.302s] -- Found tf2: 0.25.15 (/opt/ros/humble/share/tf2/cmake)
[1.310s] -- Found tf2_ros: 0.25.15 (/opt/ros/humble/share/tf2_ros/cmake)
[1.425s] -- Configuring done
[1.435s] -- Generating done
[1.439s] -- Build files have been written to: /home/ljhua/ROBOCON2026/lidar_test/rc2026/build/imu_complementary_filter
[1.445s] Invoked command in '/home/ljhua/ROBOCON2026/lidar_test/rc2026/build/imu_complementary_filter' returned '0': CMAKE_PREFIX_PATH=/opt/ros/humble /usr/bin/cmake /home/ljhua/ROBOCON2026/lidar_test/rc2026/src/rm_perception/imu_complementary_filter -DAMENT_CMAKE_SYMLINK_INSTALL=1 -DCMAKE_INSTALL_PREFIX=/home/ljhua/ROBOCON2026/lidar_test/rc2026/install/imu_complementary_filter
[1.447s] Invoking command in '/home/ljhua/ROBOCON2026/lidar_test/rc2026/build/imu_complementary_filter': CMAKE_PREFIX_PATH=/opt/ros/humble /usr/bin/cmake --build /home/ljhua/ROBOCON2026/lidar_test/rc2026/build/imu_complementary_filter -- -j20 -l20
[1.485s] [ 20%] [32mBuilding CXX object CMakeFiles/complementary_filter.dir/src/complementary_filter_ros.cpp.o[0m
[1.485s] [ 40%] [32mBuilding CXX object CMakeFiles/complementary_filter.dir/src/complementary_filter.cpp.o[0m
[22.973s] [ 60%] [32m[1mLinking CXX shared library libcomplementary_filter.so[0m
[23.133s] [ 60%] Built target complementary_filter
[23.152s] [ 80%] [32mBuilding CXX object CMakeFiles/complementary_filter_node.dir/src/complementary_filter_node.cpp.o[0m
[25.546s] [100%] [32m[1mLinking CXX executable complementary_filter_node[0m
[25.666s] [100%] Built target complementary_filter_node
[25.675s] Invoked command in '/home/ljhua/ROBOCON2026/lidar_test/rc2026/build/imu_complementary_filter' returned '0': CMAKE_PREFIX_PATH=/opt/ros/humble /usr/bin/cmake --build /home/ljhua/ROBOCON2026/lidar_test/rc2026/build/imu_complementary_filter -- -j20 -l20
[25.676s] Invoking command in '/home/ljhua/ROBOCON2026/lidar_test/rc2026/build/imu_complementary_filter': CMAKE_PREFIX_PATH=/opt/ros/humble /usr/bin/cmake --install /home/ljhua/ROBOCON2026/lidar_test/rc2026/build/imu_complementary_filter
[25.681s] -- Install configuration: ""
[25.681s] -- Execute custom install script
[25.681s] -- Symlinking: /home/ljhua/ROBOCON2026/lidar_test/rc2026/install/imu_complementary_filter/lib/imu_complementary_filter/complementary_filter_node
[25.688s] -- Symlinking: /home/ljhua/ROBOCON2026/lidar_test/rc2026/install/imu_complementary_filter/include/imu_complementary_filter/complementary_filter.h
[25.697s] -- Symlinking: /home/ljhua/ROBOCON2026/lidar_test/rc2026/install/imu_complementary_filter/include/imu_complementary_filter/complementary_filter_ros.h
[25.708s] -- Symlinking: /home/ljhua/ROBOCON2026/lidar_test/rc2026/install/imu_complementary_filter/share/imu_complementary_filter/launch/complementary_filter.launch.py
[25.714s] -- Symlinking: /home/ljhua/ROBOCON2026/lidar_test/rc2026/install/imu_complementary_filter/share/imu_complementary_filter/environment/library_path.sh
[25.722s] -- Symlinking: /home/ljhua/ROBOCON2026/lidar_test/rc2026/install/imu_complementary_filter/share/imu_complementary_filter/environment/library_path.dsv
[25.729s] -- Symlinking: /home/ljhua/ROBOCON2026/lidar_test/rc2026/install/imu_complementary_filter/share/ament_index/resource_index/package_run_dependencies/imu_complementary_filter
[25.735s] -- Symlinking: /home/ljhua/ROBOCON2026/lidar_test/rc2026/install/imu_complementary_filter/share/ament_index/resource_index/parent_prefix_path/imu_complementary_filter
[25.745s] -- Symlinking: /home/ljhua/ROBOCON2026/lidar_test/rc2026/install/imu_complementary_filter/share/imu_complementary_filter/environment/ament_prefix_path.sh
[25.753s] -- Symlinking: /home/ljhua/ROBOCON2026/lidar_test/rc2026/install/imu_complementary_filter/share/imu_complementary_filter/environment/ament_prefix_path.dsv
[25.761s] -- Symlinking: /home/ljhua/ROBOCON2026/lidar_test/rc2026/install/imu_complementary_filter/share/imu_complementary_filter/environment/path.sh
[25.767s] -- Symlinking: /home/ljhua/ROBOCON2026/lidar_test/rc2026/install/imu_complementary_filter/share/imu_complementary_filter/environment/path.dsv
[25.776s] -- Symlinking: /home/ljhua/ROBOCON2026/lidar_test/rc2026/install/imu_complementary_filter/share/imu_complementary_filter/local_setup.bash
[25.782s] -- Symlinking: /home/ljhua/ROBOCON2026/lidar_test/rc2026/install/imu_complementary_filter/share/imu_complementary_filter/local_setup.sh
[25.788s] -- Symlinking: /home/ljhua/ROBOCON2026/lidar_test/rc2026/install/imu_complementary_filter/share/imu_complementary_filter/local_setup.zsh
[25.794s] -- Symlinking: /home/ljhua/ROBOCON2026/lidar_test/rc2026/install/imu_complementary_filter/share/imu_complementary_filter/local_setup.dsv
[25.804s] -- Symlinking: /home/ljhua/ROBOCON2026/lidar_test/rc2026/install/imu_complementary_filter/share/imu_complementary_filter/package.dsv
[25.814s] -- Symlinking: /home/ljhua/ROBOCON2026/lidar_test/rc2026/install/imu_complementary_filter/share/ament_index/resource_index/packages/imu_complementary_filter
[25.824s] -- Symlinking: /home/ljhua/ROBOCON2026/lidar_test/rc2026/install/imu_complementary_filter/share/imu_complementary_filter/cmake/ament_cmake_export_include_directories-extras.cmake
[25.834s] -- Symlinking: /home/ljhua/ROBOCON2026/lidar_test/rc2026/install/imu_complementary_filter/share/imu_complementary_filter/cmake/ament_cmake_export_libraries-extras.cmake
[25.842s] -- Symlinking: /home/ljhua/ROBOCON2026/lidar_test/rc2026/install/imu_complementary_filter/share/imu_complementary_filter/cmake/ament_cmake_export_targets-extras.cmake
[25.852s] -- Symlinking: /home/ljhua/ROBOCON2026/lidar_test/rc2026/install/imu_complementary_filter/share/imu_complementary_filter/cmake/imu_complementary_filterConfig.cmake
[25.861s] -- Symlinking: /home/ljhua/ROBOCON2026/lidar_test/rc2026/install/imu_complementary_filter/share/imu_complementary_filter/cmake/imu_complementary_filterConfig-version.cmake
[25.871s] -- Symlinking: /home/ljhua/ROBOCON2026/lidar_test/rc2026/install/imu_complementary_filter/share/imu_complementary_filter/package.xml
[25.880s] -- Installing: /home/ljhua/ROBOCON2026/lidar_test/rc2026/install/imu_complementary_filter/lib/libcomplementary_filter.so
[25.883s] -- Set runtime path of "/home/ljhua/ROBOCON2026/lidar_test/rc2026/install/imu_complementary_filter/lib/libcomplementary_filter.so" to ""
[25.883s] -- Installing: /home/ljhua/ROBOCON2026/lidar_test/rc2026/install/imu_complementary_filter/share/imu_complementary_filter/cmake/export_imu_complementary_filterExport.cmake
[25.883s] -- Installing: /home/ljhua/ROBOCON2026/lidar_test/rc2026/install/imu_complementary_filter/share/imu_complementary_filter/cmake/export_imu_complementary_filterExport-noconfig.cmake
[25.886s] Invoked command in '/home/ljhua/ROBOCON2026/lidar_test/rc2026/build/imu_complementary_filter' returned '0': CMAKE_PREFIX_PATH=/opt/ros/humble /usr/bin/cmake --install /home/ljhua/ROBOCON2026/lidar_test/rc2026/build/imu_complementary_filter
