[0.016s] Invoking command in '/home/ljhua/ROBOCON2026/lidar_test/rc2026/build/fast_lio': AMENT_PREFIX_PATH=/home/ljhua/ROBOCON2026/lidar_test/rc2026/install/livox_ros_driver2:${AMENT_PREFIX_PATH} CMAKE_PREFIX_PATH=/home/ljhua/ROBOCON2026/lidar_test/rc2026/install/livox_ros_driver2:/opt/ros/humble LD_LIBRARY_PATH=/home/ljhua/ROBOCON2026/lidar_test/rc2026/install/livox_ros_driver2/lib:${LD_LIBRARY_PATH} PYTHONPATH=/home/ljhua/ROBOCON2026/lidar_test/rc2026/install/livox_ros_driver2/local/lib/python3.10/dist-packages:${PYTHONPATH} /usr/bin/cmake --build /home/ljhua/ROBOCON2026/lidar_test/rc2026/build/fast_lio -- -j20 -l20
[0.051s] [35m[1mConsolidate compiler generated dependencies of target fast_lio__rosidl_generator_c[0m
[0.060s] [  2%] Built target fast_lio__cpp
[0.061s] [ 11%] Built target fast_lio__rosidl_generator_c
[0.067s] [35m[1mConsolidate compiler generated dependencies of target fast_lio__rosidl_typesupport_fastrtps_c[0m
[0.067s] [35m[1mConsolidate compiler generated dependencies of target fast_lio__rosidl_typesupport_fastrtps_cpp[0m
[0.067s] [ 11%] Built target ament_cmake_python_symlink_fast_lio
[0.068s] [35m[1mConsolidate compiler generated dependencies of target fast_lio__rosidl_typesupport_c[0m
[0.069s] [35m[1mConsolidate compiler generated dependencies of target fast_lio__rosidl_typesupport_cpp[0m
[0.070s] [35m[1mConsolidate compiler generated dependencies of target fast_lio__rosidl_typesupport_introspection_c[0m
[0.070s] [35m[1mConsolidate compiler generated dependencies of target fast_lio__rosidl_typesupport_introspection_cpp[0m
[0.074s] [ 20%] Built target fast_lio__rosidl_typesupport_fastrtps_c
[0.075s] [ 28%] Built target fast_lio__rosidl_typesupport_c
[0.075s] [ 37%] Built target fast_lio__rosidl_typesupport_fastrtps_cpp
[0.077s] [ 45%] Built target fast_lio__rosidl_typesupport_cpp
[0.079s] [ 54%] Built target fast_lio__rosidl_typesupport_introspection_c
[0.081s] [ 62%] Built target fast_lio__rosidl_typesupport_introspection_cpp
[0.087s] [35m[1mConsolidate compiler generated dependencies of target fastlio_mapping[0m
[0.099s] [ 62%] Built target fast_lio
[0.112s] [ 74%] Built target fastlio_mapping
[0.113s] [ 77%] Built target fast_lio__py
[0.120s] [35m[1mConsolidate compiler generated dependencies of target fast_lio__rosidl_generator_py[0m
[0.129s] [ 82%] Built target fast_lio__rosidl_generator_py
[0.138s] [35m[1mConsolidate compiler generated dependencies of target fast_lio__rosidl_typesupport_introspection_c__pyext[0m
[0.138s] [35m[1mConsolidate compiler generated dependencies of target fast_lio__rosidl_typesupport_c__pyext[0m
[0.138s] [35m[1mConsolidate compiler generated dependencies of target fast_lio__rosidl_typesupport_fastrtps_c__pyext[0m
[0.147s] [ 88%] Built target fast_lio__rosidl_typesupport_fastrtps_c__pyext
[0.149s] [100%] Built target fast_lio__rosidl_typesupport_c__pyext
[0.149s] [100%] Built target fast_lio__rosidl_typesupport_introspection_c__pyext
[0.299s] running egg_info
[0.309s] writing fast_lio.egg-info/PKG-INFO
[0.309s] writing dependency_links to fast_lio.egg-info/dependency_links.txt
[0.309s] writing top-level names to fast_lio.egg-info/top_level.txt
[0.343s] reading manifest file 'fast_lio.egg-info/SOURCES.txt'
[0.343s] writing manifest file 'fast_lio.egg-info/SOURCES.txt'
[0.370s] [100%] Built target ament_cmake_python_build_fast_lio_egg
[0.379s] Invoked command in '/home/ljhua/ROBOCON2026/lidar_test/rc2026/build/fast_lio' returned '0': AMENT_PREFIX_PATH=/home/ljhua/ROBOCON2026/lidar_test/rc2026/install/livox_ros_driver2:${AMENT_PREFIX_PATH} CMAKE_PREFIX_PATH=/home/ljhua/ROBOCON2026/lidar_test/rc2026/install/livox_ros_driver2:/opt/ros/humble LD_LIBRARY_PATH=/home/ljhua/ROBOCON2026/lidar_test/rc2026/install/livox_ros_driver2/lib:${LD_LIBRARY_PATH} PYTHONPATH=/home/ljhua/ROBOCON2026/lidar_test/rc2026/install/livox_ros_driver2/local/lib/python3.10/dist-packages:${PYTHONPATH} /usr/bin/cmake --build /home/ljhua/ROBOCON2026/lidar_test/rc2026/build/fast_lio -- -j20 -l20
[0.380s] Invoking command in '/home/ljhua/ROBOCON2026/lidar_test/rc2026/build/fast_lio': AMENT_PREFIX_PATH=/home/ljhua/ROBOCON2026/lidar_test/rc2026/install/livox_ros_driver2:${AMENT_PREFIX_PATH} CMAKE_PREFIX_PATH=/home/ljhua/ROBOCON2026/lidar_test/rc2026/install/livox_ros_driver2:/opt/ros/humble LD_LIBRARY_PATH=/home/ljhua/ROBOCON2026/lidar_test/rc2026/install/livox_ros_driver2/lib:${LD_LIBRARY_PATH} PYTHONPATH=/home/ljhua/ROBOCON2026/lidar_test/rc2026/install/livox_ros_driver2/local/lib/python3.10/dist-packages:${PYTHONPATH} /usr/bin/cmake --install /home/ljhua/ROBOCON2026/lidar_test/rc2026/build/fast_lio
[0.385s] -- Install configuration: "Release"
[0.386s] -- Execute custom install script
[0.386s] -- Up-to-date symlink: /home/ljhua/ROBOCON2026/lidar_test/rc2026/install/fast_lio/share/ament_index/resource_index/rosidl_interfaces/fast_lio
[0.386s] -- Up-to-date symlink: /home/ljhua/ROBOCON2026/lidar_test/rc2026/install/fast_lio/include/fast_lio/fast_lio/msg/detail/pose6_d__functions.h
[0.386s] -- Up-to-date symlink: /home/ljhua/ROBOCON2026/lidar_test/rc2026/install/fast_lio/include/fast_lio/fast_lio/msg/detail/pose6_d__struct.h
[0.386s] -- Up-to-date symlink: /home/ljhua/ROBOCON2026/lidar_test/rc2026/install/fast_lio/include/fast_lio/fast_lio/msg/detail/pose6_d__type_support.h
[0.386s] -- Up-to-date symlink: /home/ljhua/ROBOCON2026/lidar_test/rc2026/install/fast_lio/include/fast_lio/fast_lio/msg/pose6_d.h
[0.386s] -- Up-to-date symlink: /home/ljhua/ROBOCON2026/lidar_test/rc2026/install/fast_lio/include/fast_lio/fast_lio/msg/rosidl_generator_c__visibility_control.h
[0.386s] -- Up-to-date symlink: /home/ljhua/ROBOCON2026/lidar_test/rc2026/install/fast_lio/share/fast_lio/environment/library_path.sh
[0.386s] -- Up-to-date symlink: /home/ljhua/ROBOCON2026/lidar_test/rc2026/install/fast_lio/share/fast_lio/environment/library_path.dsv
[0.386s] -- Up-to-date symlink: /home/ljhua/ROBOCON2026/lidar_test/rc2026/install/fast_lio/include/fast_lio/fast_lio/msg/detail/pose6_d__rosidl_typesupport_fastrtps_c.h
[0.387s] -- Up-to-date symlink: /home/ljhua/ROBOCON2026/lidar_test/rc2026/install/fast_lio/include/fast_lio/fast_lio/msg/rosidl_typesupport_fastrtps_c__visibility_control.h
[0.387s] -- Up-to-date symlink: /home/ljhua/ROBOCON2026/lidar_test/rc2026/install/fast_lio/include/fast_lio/fast_lio/msg/detail/pose6_d__builder.hpp
[0.387s] -- Up-to-date symlink: /home/ljhua/ROBOCON2026/lidar_test/rc2026/install/fast_lio/include/fast_lio/fast_lio/msg/detail/pose6_d__struct.hpp
[0.387s] -- Up-to-date symlink: /home/ljhua/ROBOCON2026/lidar_test/rc2026/install/fast_lio/include/fast_lio/fast_lio/msg/detail/pose6_d__traits.hpp
[0.387s] -- Up-to-date symlink: /home/ljhua/ROBOCON2026/lidar_test/rc2026/install/fast_lio/include/fast_lio/fast_lio/msg/detail/pose6_d__type_support.hpp
[0.387s] -- Up-to-date symlink: /home/ljhua/ROBOCON2026/lidar_test/rc2026/install/fast_lio/include/fast_lio/fast_lio/msg/pose6_d.hpp
[0.387s] -- Up-to-date symlink: /home/ljhua/ROBOCON2026/lidar_test/rc2026/install/fast_lio/include/fast_lio/fast_lio/msg/rosidl_generator_cpp__visibility_control.hpp
[0.387s] -- Up-to-date symlink: /home/ljhua/ROBOCON2026/lidar_test/rc2026/install/fast_lio/include/fast_lio/fast_lio/msg/detail/pose6_d__rosidl_typesupport_fastrtps_cpp.hpp
[0.387s] -- Up-to-date symlink: /home/ljhua/ROBOCON2026/lidar_test/rc2026/install/fast_lio/include/fast_lio/fast_lio/msg/rosidl_typesupport_fastrtps_cpp__visibility_control.h
[0.387s] -- Up-to-date symlink: /home/ljhua/ROBOCON2026/lidar_test/rc2026/install/fast_lio/include/fast_lio/fast_lio/msg/detail/pose6_d__rosidl_typesupport_introspection_c.h
[0.387s] -- Up-to-date symlink: /home/ljhua/ROBOCON2026/lidar_test/rc2026/install/fast_lio/include/fast_lio/fast_lio/msg/rosidl_typesupport_introspection_c__visibility_control.h
[0.388s] -- Up-to-date symlink: /home/ljhua/ROBOCON2026/lidar_test/rc2026/install/fast_lio/include/fast_lio/fast_lio/msg/detail/pose6_d__rosidl_typesupport_introspection_cpp.hpp
[0.388s] -- Up-to-date symlink: /home/ljhua/ROBOCON2026/lidar_test/rc2026/install/fast_lio/share/fast_lio/environment/pythonpath.sh
[0.388s] -- Up-to-date symlink: /home/ljhua/ROBOCON2026/lidar_test/rc2026/install/fast_lio/share/fast_lio/environment/pythonpath.dsv
[0.388s] -- Up-to-date symlink: /home/ljhua/ROBOCON2026/lidar_test/rc2026/install/fast_lio/local/lib/python3.10/dist-packages/fast_lio-0.0.0-py3.10.egg-info/PKG-INFO
[0.388s] -- Up-to-date symlink: /home/ljhua/ROBOCON2026/lidar_test/rc2026/install/fast_lio/local/lib/python3.10/dist-packages/fast_lio-0.0.0-py3.10.egg-info/SOURCES.txt
[0.388s] -- Up-to-date symlink: /home/ljhua/ROBOCON2026/lidar_test/rc2026/install/fast_lio/local/lib/python3.10/dist-packages/fast_lio-0.0.0-py3.10.egg-info/dependency_links.txt
[0.388s] -- Up-to-date symlink: /home/ljhua/ROBOCON2026/lidar_test/rc2026/install/fast_lio/local/lib/python3.10/dist-packages/fast_lio-0.0.0-py3.10.egg-info/top_level.txt
[0.388s] -- Up-to-date symlink: /home/ljhua/ROBOCON2026/lidar_test/rc2026/install/fast_lio/local/lib/python3.10/dist-packages/fast_lio/__init__.py
[0.388s] -- Up-to-date symlink: /home/ljhua/ROBOCON2026/lidar_test/rc2026/install/fast_lio/local/lib/python3.10/dist-packages/fast_lio/_fast_lio_s.ep.rosidl_typesupport_c.c
[0.388s] -- Up-to-date symlink: /home/ljhua/ROBOCON2026/lidar_test/rc2026/install/fast_lio/local/lib/python3.10/dist-packages/fast_lio/_fast_lio_s.ep.rosidl_typesupport_fastrtps_c.c
[0.389s] -- Up-to-date symlink: /home/ljhua/ROBOCON2026/lidar_test/rc2026/install/fast_lio/local/lib/python3.10/dist-packages/fast_lio/_fast_lio_s.ep.rosidl_typesupport_introspection_c.c
[0.389s] -- Up-to-date symlink: /home/ljhua/ROBOCON2026/lidar_test/rc2026/install/fast_lio/local/lib/python3.10/dist-packages/fast_lio/fast_lio_s__rosidl_typesupport_c.cpython-310-x86_64-linux-gnu.so
[0.389s] -- Up-to-date symlink: /home/ljhua/ROBOCON2026/lidar_test/rc2026/install/fast_lio/local/lib/python3.10/dist-packages/fast_lio/fast_lio_s__rosidl_typesupport_fastrtps_c.cpython-310-x86_64-linux-gnu.so
[0.389s] -- Up-to-date symlink: /home/ljhua/ROBOCON2026/lidar_test/rc2026/install/fast_lio/local/lib/python3.10/dist-packages/fast_lio/fast_lio_s__rosidl_typesupport_introspection_c.cpython-310-x86_64-linux-gnu.so
[0.389s] -- Up-to-date symlink: /home/ljhua/ROBOCON2026/lidar_test/rc2026/install/fast_lio/local/lib/python3.10/dist-packages/fast_lio/libfast_lio__rosidl_generator_py.so
[0.389s] -- Up-to-date symlink: /home/ljhua/ROBOCON2026/lidar_test/rc2026/install/fast_lio/local/lib/python3.10/dist-packages/fast_lio/msg/__init__.py
[0.389s] -- Up-to-date symlink: /home/ljhua/ROBOCON2026/lidar_test/rc2026/install/fast_lio/local/lib/python3.10/dist-packages/fast_lio/msg/_pose6_d.py
[0.389s] -- Up-to-date symlink: /home/ljhua/ROBOCON2026/lidar_test/rc2026/install/fast_lio/local/lib/python3.10/dist-packages/fast_lio/msg/_pose6_d_s.c
[0.389s] -- Up-to-date symlink: /home/ljhua/ROBOCON2026/lidar_test/rc2026/install/fast_lio/local/lib/python3.10/dist-packages/fast_lio/fast_lio_s__rosidl_typesupport_fastrtps_c.cpython-310-x86_64-linux-gnu.so
[0.389s] -- Up-to-date symlink: /home/ljhua/ROBOCON2026/lidar_test/rc2026/install/fast_lio/local/lib/python3.10/dist-packages/fast_lio/fast_lio_s__rosidl_typesupport_introspection_c.cpython-310-x86_64-linux-gnu.so
[0.389s] -- Up-to-date symlink: /home/ljhua/ROBOCON2026/lidar_test/rc2026/install/fast_lio/local/lib/python3.10/dist-packages/fast_lio/fast_lio_s__rosidl_typesupport_c.cpython-310-x86_64-linux-gnu.so
[0.389s] -- Up-to-date symlink: /home/ljhua/ROBOCON2026/lidar_test/rc2026/install/fast_lio/share/fast_lio/msg/Pose6D.idl
[0.389s] -- Up-to-date symlink: /home/ljhua/ROBOCON2026/lidar_test/rc2026/install/fast_lio/share/fast_lio/msg/Pose6D.msg
[0.390s] -- Up-to-date symlink: /home/ljhua/ROBOCON2026/lidar_test/rc2026/install/fast_lio/lib/fast_lio/fastlio_mapping
[0.390s] -- Up-to-date symlink: /home/ljhua/ROBOCON2026/lidar_test/rc2026/install/fast_lio/share/fast_lio/config/avia.yaml
[0.390s] -- Up-to-date symlink: /home/ljhua/ROBOCON2026/lidar_test/rc2026/install/fast_lio/share/fast_lio/config/horizon.yaml
[0.390s] -- Up-to-date symlink: /home/ljhua/ROBOCON2026/lidar_test/rc2026/install/fast_lio/share/fast_lio/config/mid360.yaml
[0.390s] -- Up-to-date symlink: /home/ljhua/ROBOCON2026/lidar_test/rc2026/install/fast_lio/share/fast_lio/config/ouster64.yaml
[0.390s] -- Up-to-date symlink: /home/ljhua/ROBOCON2026/lidar_test/rc2026/install/fast_lio/share/fast_lio/config/velodyne.yaml
[0.390s] -- Up-to-date symlink: /home/ljhua/ROBOCON2026/lidar_test/rc2026/install/fast_lio/share/fast_lio/launch/gdb_debug_example.launch
[0.390s] -- Up-to-date symlink: /home/ljhua/ROBOCON2026/lidar_test/rc2026/install/fast_lio/share/fast_lio/launch/mapping.launch.py
[0.390s] -- Up-to-date symlink: /home/ljhua/ROBOCON2026/lidar_test/rc2026/install/fast_lio/share/fast_lio/launch/mapping_avia.launch
[0.390s] -- Up-to-date symlink: /home/ljhua/ROBOCON2026/lidar_test/rc2026/install/fast_lio/share/fast_lio/launch/mapping_horizon.launch
[0.390s] -- Up-to-date symlink: /home/ljhua/ROBOCON2026/lidar_test/rc2026/install/fast_lio/share/fast_lio/launch/mapping_ouster64.launch
[0.390s] -- Up-to-date symlink: /home/ljhua/ROBOCON2026/lidar_test/rc2026/install/fast_lio/share/fast_lio/launch/mapping_velodyne.launch
[0.390s] -- Up-to-date symlink: /home/ljhua/ROBOCON2026/lidar_test/rc2026/install/fast_lio/share/fast_lio/rviz/fastlio.rviz
[0.391s] -- Up-to-date symlink: /home/ljhua/ROBOCON2026/lidar_test/rc2026/install/fast_lio/share/ament_index/resource_index/package_run_dependencies/fast_lio
[0.391s] -- Up-to-date symlink: /home/ljhua/ROBOCON2026/lidar_test/rc2026/install/fast_lio/share/ament_index/resource_index/parent_prefix_path/fast_lio
[0.391s] -- Up-to-date symlink: /home/ljhua/ROBOCON2026/lidar_test/rc2026/install/fast_lio/share/fast_lio/environment/ament_prefix_path.sh
[0.391s] -- Up-to-date symlink: /home/ljhua/ROBOCON2026/lidar_test/rc2026/install/fast_lio/share/fast_lio/environment/ament_prefix_path.dsv
[0.391s] -- Up-to-date symlink: /home/ljhua/ROBOCON2026/lidar_test/rc2026/install/fast_lio/share/fast_lio/environment/path.sh
[0.391s] -- Up-to-date symlink: /home/ljhua/ROBOCON2026/lidar_test/rc2026/install/fast_lio/share/fast_lio/environment/path.dsv
[0.391s] -- Up-to-date symlink: /home/ljhua/ROBOCON2026/lidar_test/rc2026/install/fast_lio/share/fast_lio/local_setup.bash
[0.391s] -- Up-to-date symlink: /home/ljhua/ROBOCON2026/lidar_test/rc2026/install/fast_lio/share/fast_lio/local_setup.sh
[0.391s] -- Up-to-date symlink: /home/ljhua/ROBOCON2026/lidar_test/rc2026/install/fast_lio/share/fast_lio/local_setup.zsh
[0.391s] -- Up-to-date symlink: /home/ljhua/ROBOCON2026/lidar_test/rc2026/install/fast_lio/share/fast_lio/local_setup.dsv
[0.391s] -- Symlinking: /home/ljhua/ROBOCON2026/lidar_test/rc2026/install/fast_lio/share/fast_lio/package.dsv
[0.398s] -- Up-to-date symlink: /home/ljhua/ROBOCON2026/lidar_test/rc2026/install/fast_lio/share/ament_index/resource_index/packages/fast_lio
[0.399s] -- Up-to-date symlink: /home/ljhua/ROBOCON2026/lidar_test/rc2026/install/fast_lio/share/fast_lio/cmake/rosidl_cmake-extras.cmake
[0.399s] -- Up-to-date symlink: /home/ljhua/ROBOCON2026/lidar_test/rc2026/install/fast_lio/share/fast_lio/cmake/ament_cmake_export_include_directories-extras.cmake
[0.399s] -- Up-to-date symlink: /home/ljhua/ROBOCON2026/lidar_test/rc2026/install/fast_lio/share/fast_lio/cmake/ament_cmake_export_libraries-extras.cmake
[0.399s] -- Up-to-date symlink: /home/ljhua/ROBOCON2026/lidar_test/rc2026/install/fast_lio/share/fast_lio/cmake/ament_cmake_export_targets-extras.cmake
[0.399s] -- Up-to-date symlink: /home/ljhua/ROBOCON2026/lidar_test/rc2026/install/fast_lio/share/fast_lio/cmake/rosidl_cmake_export_typesupport_targets-extras.cmake
[0.399s] -- Up-to-date symlink: /home/ljhua/ROBOCON2026/lidar_test/rc2026/install/fast_lio/share/fast_lio/cmake/ament_cmake_export_dependencies-extras.cmake
[0.399s] -- Up-to-date symlink: /home/ljhua/ROBOCON2026/lidar_test/rc2026/install/fast_lio/share/fast_lio/cmake/rosidl_cmake_export_typesupport_libraries-extras.cmake
[0.399s] -- Up-to-date symlink: /home/ljhua/ROBOCON2026/lidar_test/rc2026/install/fast_lio/share/fast_lio/cmake/fast_lioConfig.cmake
[0.399s] -- Up-to-date symlink: /home/ljhua/ROBOCON2026/lidar_test/rc2026/install/fast_lio/share/fast_lio/cmake/fast_lioConfig-version.cmake
[0.399s] -- Up-to-date symlink: /home/ljhua/ROBOCON2026/lidar_test/rc2026/install/fast_lio/share/fast_lio/package.xml
[0.400s] -- Up-to-date: /home/ljhua/ROBOCON2026/lidar_test/rc2026/install/fast_lio/lib/libfast_lio__rosidl_generator_c.so
[0.400s] -- Up-to-date: /home/ljhua/ROBOCON2026/lidar_test/rc2026/install/fast_lio/lib/libfast_lio__rosidl_typesupport_fastrtps_c.so
[0.400s] -- Up-to-date: /home/ljhua/ROBOCON2026/lidar_test/rc2026/install/fast_lio/lib/libfast_lio__rosidl_typesupport_fastrtps_cpp.so
[0.400s] -- Up-to-date: /home/ljhua/ROBOCON2026/lidar_test/rc2026/install/fast_lio/lib/libfast_lio__rosidl_typesupport_introspection_c.so
[0.400s] -- Up-to-date: /home/ljhua/ROBOCON2026/lidar_test/rc2026/install/fast_lio/lib/libfast_lio__rosidl_typesupport_c.so
[0.400s] -- Up-to-date: /home/ljhua/ROBOCON2026/lidar_test/rc2026/install/fast_lio/lib/libfast_lio__rosidl_typesupport_introspection_cpp.so
[0.400s] -- Up-to-date: /home/ljhua/ROBOCON2026/lidar_test/rc2026/install/fast_lio/lib/libfast_lio__rosidl_typesupport_cpp.so
[0.422s] Listing '/home/ljhua/ROBOCON2026/lidar_test/rc2026/install/fast_lio/local/lib/python3.10/dist-packages/fast_lio'...
[0.422s] Listing '/home/ljhua/ROBOCON2026/lidar_test/rc2026/install/fast_lio/local/lib/python3.10/dist-packages/fast_lio/msg'...
[0.424s] -- Up-to-date: /home/ljhua/ROBOCON2026/lidar_test/rc2026/install/fast_lio/lib/libfast_lio__rosidl_generator_py.so
[0.425s] -- Up-to-date: /home/ljhua/ROBOCON2026/lidar_test/rc2026/install/fast_lio/share/fast_lio/cmake/export_fast_lio__rosidl_generator_cExport.cmake
[0.425s] -- Up-to-date: /home/ljhua/ROBOCON2026/lidar_test/rc2026/install/fast_lio/share/fast_lio/cmake/export_fast_lio__rosidl_generator_cExport-release.cmake
[0.425s] -- Up-to-date: /home/ljhua/ROBOCON2026/lidar_test/rc2026/install/fast_lio/share/fast_lio/cmake/export_fast_lio__rosidl_typesupport_fastrtps_cExport.cmake
[0.425s] -- Up-to-date: /home/ljhua/ROBOCON2026/lidar_test/rc2026/install/fast_lio/share/fast_lio/cmake/export_fast_lio__rosidl_typesupport_fastrtps_cExport-release.cmake
[0.425s] -- Up-to-date: /home/ljhua/ROBOCON2026/lidar_test/rc2026/install/fast_lio/share/fast_lio/cmake/export_fast_lio__rosidl_generator_cppExport.cmake
[0.425s] -- Up-to-date: /home/ljhua/ROBOCON2026/lidar_test/rc2026/install/fast_lio/share/fast_lio/cmake/export_fast_lio__rosidl_typesupport_fastrtps_cppExport.cmake
[0.425s] -- Up-to-date: /home/ljhua/ROBOCON2026/lidar_test/rc2026/install/fast_lio/share/fast_lio/cmake/export_fast_lio__rosidl_typesupport_fastrtps_cppExport-release.cmake
[0.425s] -- Up-to-date: /home/ljhua/ROBOCON2026/lidar_test/rc2026/install/fast_lio/share/fast_lio/cmake/fast_lio__rosidl_typesupport_introspection_cExport.cmake
[0.425s] -- Up-to-date: /home/ljhua/ROBOCON2026/lidar_test/rc2026/install/fast_lio/share/fast_lio/cmake/fast_lio__rosidl_typesupport_introspection_cExport-release.cmake
[0.425s] -- Up-to-date: /home/ljhua/ROBOCON2026/lidar_test/rc2026/install/fast_lio/share/fast_lio/cmake/fast_lio__rosidl_typesupport_cExport.cmake
[0.425s] -- Up-to-date: /home/ljhua/ROBOCON2026/lidar_test/rc2026/install/fast_lio/share/fast_lio/cmake/fast_lio__rosidl_typesupport_cExport-release.cmake
[0.425s] -- Up-to-date: /home/ljhua/ROBOCON2026/lidar_test/rc2026/install/fast_lio/share/fast_lio/cmake/fast_lio__rosidl_typesupport_introspection_cppExport.cmake
[0.425s] -- Up-to-date: /home/ljhua/ROBOCON2026/lidar_test/rc2026/install/fast_lio/share/fast_lio/cmake/fast_lio__rosidl_typesupport_introspection_cppExport-release.cmake
[0.425s] -- Up-to-date: /home/ljhua/ROBOCON2026/lidar_test/rc2026/install/fast_lio/share/fast_lio/cmake/fast_lio__rosidl_typesupport_cppExport.cmake
[0.425s] -- Up-to-date: /home/ljhua/ROBOCON2026/lidar_test/rc2026/install/fast_lio/share/fast_lio/cmake/fast_lio__rosidl_typesupport_cppExport-release.cmake
[0.425s] -- Up-to-date: /home/ljhua/ROBOCON2026/lidar_test/rc2026/install/fast_lio/share/fast_lio/cmake/export_fast_lio__rosidl_generator_pyExport.cmake
[0.425s] -- Up-to-date: /home/ljhua/ROBOCON2026/lidar_test/rc2026/install/fast_lio/share/fast_lio/cmake/export_fast_lio__rosidl_generator_pyExport-release.cmake
[0.427s] Invoked command in '/home/ljhua/ROBOCON2026/lidar_test/rc2026/build/fast_lio' returned '0': AMENT_PREFIX_PATH=/home/ljhua/ROBOCON2026/lidar_test/rc2026/install/livox_ros_driver2:${AMENT_PREFIX_PATH} CMAKE_PREFIX_PATH=/home/ljhua/ROBOCON2026/lidar_test/rc2026/install/livox_ros_driver2:/opt/ros/humble LD_LIBRARY_PATH=/home/ljhua/ROBOCON2026/lidar_test/rc2026/install/livox_ros_driver2/lib:${LD_LIBRARY_PATH} PYTHONPATH=/home/ljhua/ROBOCON2026/lidar_test/rc2026/install/livox_ros_driver2/local/lib/python3.10/dist-packages:${PYTHONPATH} /usr/bin/cmake --install /home/ljhua/ROBOCON2026/lidar_test/rc2026/build/fast_lio
