-- The C compiler identification is GNU 11.4.0
-- The CXX compiler identification is GNU 11.4.0
-- Detecting C compiler ABI info
-- Detecting C compiler ABI info - done
-- Check for working C compiler: /usr/bin/cc - skipped
-- Detecting C compile features
-- Detecting C compile features - done
-- Detecting CXX compiler ABI info
-- Detecting CXX compiler ABI info - done
-- Check for working CXX compiler: /usr/bin/c++ - skipped
-- Detecting CXX compile features
-- Detecting CXX compile features - done
-- Found ament_cmake: 1.3.12 (/opt/ros/humble/share/ament_cmake/cmake)
-- Found Python3: /usr/bin/python3 (found version "3.10.12") found components: Interpreter 
-- Override CMake install command with custom implementation using symlinks instead of copying resources
-- Found rclcpp: 16.0.14 (/opt/ros/humble/share/rclcpp/cmake)
-- Found rosidl_generator_c: 3.1.7 (/opt/ros/humble/share/rosidl_generator_c/cmake)
-- Found rosidl_adapter: 3.1.7 (/opt/ros/humble/share/rosidl_adapter/cmake)
-- Found rosidl_generator_cpp: 3.1.7 (/opt/ros/humble/share/rosidl_generator_cpp/cmake)
-- Using all available rosidl_typesupport_c: rosidl_typesupport_fastrtps_c;rosidl_typesupport_introspection_c
-- Using all available rosidl_typesupport_cpp: rosidl_typesupport_fastrtps_cpp;rosidl_typesupport_introspection_cpp
-- Found rmw_implementation_cmake: 6.1.2 (/opt/ros/humble/share/rmw_implementation_cmake/cmake)
-- Found rmw_fastrtps_cpp: 6.2.8 (/opt/ros/humble/share/rmw_fastrtps_cpp/cmake)
-- Found OpenSSL: /usr/lib/x86_64-linux-gnu/libcrypto.so (found version "3.0.2")  
-- Found FastRTPS: /opt/ros/humble/include  
-- Using RMW implementation 'rmw_fastrtps_cpp' as default
-- Looking for pthread.h
-- Looking for pthread.h - found
-- Performing Test CMAKE_HAVE_LIBC_PTHREAD
-- Performing Test CMAKE_HAVE_LIBC_PTHREAD - Success
-- Found Threads: TRUE  
-- Found geometry_msgs: 4.9.0 (/opt/ros/humble/share/geometry_msgs/cmake)
-- Found nav_msgs: 4.9.0 (/opt/ros/humble/share/nav_msgs/cmake)
-- Found ament_lint_auto: 0.12.14 (/opt/ros/humble/share/ament_lint_auto/cmake)
-- Added test 'copyright' to check source files copyright and LICENSE
-- Added test 'cppcheck' to perform static code analysis on C / C++ code
-- Configured cppcheck include dirs: /home/ljhua/ROBOCON2026/lidar_test/CSU-RM-Sentry/src/rc_serial_driver/include
-- Configured cppcheck exclude dirs and/or files: 
-- Added test 'cpplint' to check C / C++ code against the Google style
-- Configured cpplint exclude dirs and/or files: 
-- Added test 'flake8' to check Python code syntax and style conventions
-- Added test 'lint_cmake' to check CMake code style
-- Added test 'pep257' to check Python code against some of the docstring style conventions in PEP 257
-- Added test 'uncrustify' to check C / C++ code style
-- Configured uncrustify additional arguments: 
-- Added test 'xmllint' to check XML markup files
-- Configuring done
-- Generating done
-- Build files have been written to: /home/ljhua/ROBOCON2026/lidar_test/CSU-RM-Sentry/build/rc_serial_driver
[ 20%] Building CXX object CMakeFiles/serial_port.dir/src/protocol.cpp.o
[ 40%] Building CXX object CMakeFiles/serial_port.dir/src/serial_port.cpp.o
[ 60%] Linking CXX shared library libserial_port.so
[ 60%] Built target serial_port
[ 80%] Building CXX object CMakeFiles/serial_driver_node.dir/src/serial_driver_node.cpp.o
[100%] Linking CXX executable serial_driver_node
[100%] Built target serial_driver_node
-- Install configuration: ""
-- Execute custom install script
-- Symlinking: /home/ljhua/ROBOCON2026/lidar_test/CSU-RM-Sentry/install/rc_serial_driver/lib/rc_serial_driver/libserial_port.so
-- Symlinking: /home/ljhua/ROBOCON2026/lidar_test/CSU-RM-Sentry/install/rc_serial_driver/lib/rc_serial_driver/serial_driver_node
-- Symlinking: /home/ljhua/ROBOCON2026/lidar_test/CSU-RM-Sentry/install/rc_serial_driver/share/rc_serial_driver//serial_driver.launch.py
-- Symlinking: /home/ljhua/ROBOCON2026/lidar_test/CSU-RM-Sentry/install/rc_serial_driver/share/rc_serial_driver//serial_driver_params.yaml
-- Symlinking: /home/ljhua/ROBOCON2026/lidar_test/CSU-RM-Sentry/install/rc_serial_driver/share/ament_index/resource_index/package_run_dependencies/rc_serial_driver
-- Symlinking: /home/ljhua/ROBOCON2026/lidar_test/CSU-RM-Sentry/install/rc_serial_driver/share/ament_index/resource_index/parent_prefix_path/rc_serial_driver
-- Symlinking: /home/ljhua/ROBOCON2026/lidar_test/CSU-RM-Sentry/install/rc_serial_driver/share/rc_serial_driver/environment/ament_prefix_path.sh
-- Symlinking: /home/ljhua/ROBOCON2026/lidar_test/CSU-RM-Sentry/install/rc_serial_driver/share/rc_serial_driver/environment/ament_prefix_path.dsv
-- Symlinking: /home/ljhua/ROBOCON2026/lidar_test/CSU-RM-Sentry/install/rc_serial_driver/share/rc_serial_driver/environment/path.sh
-- Symlinking: /home/ljhua/ROBOCON2026/lidar_test/CSU-RM-Sentry/install/rc_serial_driver/share/rc_serial_driver/environment/path.dsv
-- Symlinking: /home/ljhua/ROBOCON2026/lidar_test/CSU-RM-Sentry/install/rc_serial_driver/share/rc_serial_driver/local_setup.bash
-- Symlinking: /home/ljhua/ROBOCON2026/lidar_test/CSU-RM-Sentry/install/rc_serial_driver/share/rc_serial_driver/local_setup.sh
-- Symlinking: /home/ljhua/ROBOCON2026/lidar_test/CSU-RM-Sentry/install/rc_serial_driver/share/rc_serial_driver/local_setup.zsh
-- Symlinking: /home/ljhua/ROBOCON2026/lidar_test/CSU-RM-Sentry/install/rc_serial_driver/share/rc_serial_driver/local_setup.dsv
-- Symlinking: /home/ljhua/ROBOCON2026/lidar_test/CSU-RM-Sentry/install/rc_serial_driver/share/rc_serial_driver/package.dsv
-- Symlinking: /home/ljhua/ROBOCON2026/lidar_test/CSU-RM-Sentry/install/rc_serial_driver/share/ament_index/resource_index/packages/rc_serial_driver
-- Symlinking: /home/ljhua/ROBOCON2026/lidar_test/CSU-RM-Sentry/install/rc_serial_driver/share/rc_serial_driver/cmake/rc_serial_driverConfig.cmake
-- Symlinking: /home/ljhua/ROBOCON2026/lidar_test/CSU-RM-Sentry/install/rc_serial_driver/share/rc_serial_driver/cmake/rc_serial_driverConfig-version.cmake
-- Symlinking: /home/ljhua/ROBOCON2026/lidar_test/CSU-RM-Sentry/install/rc_serial_driver/share/rc_serial_driver/package.xml
