[0.010s] Invoking command in '/home/ljhua/ROBOCON2026/lidar_test/CSU-RM-Sentry/build/rc_serial_driver': CMAKE_PREFIX_PATH=${CMAKE_PREFIX_PATH}:/opt/ros/humble /usr/bin/cmake /home/ljhua/ROBOCON2026/lidar_test/CSU-RM-Sentry/src/rc_serial_driver -DAMENT_CMAKE_SYMLINK_INSTALL=1 -DCMAKE_INSTALL_PREFIX=/home/ljhua/ROBOCON2026/lidar_test/CSU-RM-Sentry/install/rc_serial_driver
[0.054s] -- The C compiler identification is GNU 11.4.0
[0.103s] -- The CXX compiler identification is GNU 11.4.0
[0.110s] -- Detecting C compiler ABI info
[0.175s] -- Detecting C compiler ABI info - done
[0.182s] -- Check for working C compiler: /usr/bin/cc - skipped
[0.182s] -- Detecting C compile features
[0.182s] -- Detecting C compile features - done
[0.184s] -- Detecting CXX compiler ABI info
[0.253s] -- Detecting CXX compiler ABI info - done
[0.259s] -- Check for working CXX compiler: /usr/bin/c++ - skipped
[0.259s] -- Detecting CXX compile features
[0.259s] -- Detecting CXX compile features - done
[0.261s] -- Found ament_cmake: 1.3.12 (/opt/ros/humble/share/ament_cmake/cmake)
[0.801s] -- Found Python3: /usr/bin/python3 (found version "3.10.12") found components: Interpreter 
[0.856s] -- Override CMake install command with custom implementation using symlinks instead of copying resources
[0.903s] -- Found rclcpp: 16.0.14 (/opt/ros/humble/share/rclcpp/cmake)
[0.948s] -- Found rosidl_generator_c: 3.1.7 (/opt/ros/humble/share/rosidl_generator_c/cmake)
[0.953s] -- Found rosidl_adapter: 3.1.7 (/opt/ros/humble/share/rosidl_adapter/cmake)
[0.960s] -- Found rosidl_generator_cpp: 3.1.7 (/opt/ros/humble/share/rosidl_generator_cpp/cmake)
[0.970s] -- Using all available rosidl_typesupport_c: rosidl_typesupport_fastrtps_c;rosidl_typesupport_introspection_c
[0.983s] -- Using all available rosidl_typesupport_cpp: rosidl_typesupport_fastrtps_cpp;rosidl_typesupport_introspection_cpp
[1.032s] -- Found rmw_implementation_cmake: 6.1.2 (/opt/ros/humble/share/rmw_implementation_cmake/cmake)
[1.037s] -- Found rmw_fastrtps_cpp: 6.2.8 (/opt/ros/humble/share/rmw_fastrtps_cpp/cmake)
[1.132s] -- Found OpenSSL: /usr/lib/x86_64-linux-gnu/libcrypto.so (found version "3.0.2")  
[1.162s] -- Found FastRTPS: /opt/ros/humble/include  
[1.201s] -- Using RMW implementation 'rmw_fastrtps_cpp' as default
[1.212s] -- Looking for pthread.h
[1.270s] -- Looking for pthread.h - found
[1.271s] -- Performing Test CMAKE_HAVE_LIBC_PTHREAD
[1.329s] -- Performing Test CMAKE_HAVE_LIBC_PTHREAD - Success
[1.330s] -- Found Threads: TRUE  
[1.381s] -- Found geometry_msgs: 4.9.0 (/opt/ros/humble/share/geometry_msgs/cmake)
[1.397s] -- Found nav_msgs: 4.9.0 (/opt/ros/humble/share/nav_msgs/cmake)
[1.419s] -- Found ament_lint_auto: 0.12.14 (/opt/ros/humble/share/ament_lint_auto/cmake)
[1.502s] -- Added test 'copyright' to check source files copyright and LICENSE
[1.504s] -- Added test 'cppcheck' to perform static code analysis on C / C++ code
[1.504s] -- Configured cppcheck include dirs: /home/ljhua/ROBOCON2026/lidar_test/CSU-RM-Sentry/src/rc_serial_driver/include
[1.504s] -- Configured cppcheck exclude dirs and/or files: 
[1.506s] -- Added test 'cpplint' to check C / C++ code against the Google style
[1.506s] -- Configured cpplint exclude dirs and/or files: 
[1.507s] -- Added test 'flake8' to check Python code syntax and style conventions
[1.508s] -- Added test 'lint_cmake' to check CMake code style
[1.509s] -- Added test 'pep257' to check Python code against some of the docstring style conventions in PEP 257
[1.510s] -- Added test 'uncrustify' to check C / C++ code style
[1.511s] -- Configured uncrustify additional arguments: 
[1.511s] -- Added test 'xmllint' to check XML markup files
[1.514s] -- Configuring done
[1.527s] -- Generating done
[1.531s] -- Build files have been written to: /home/ljhua/ROBOCON2026/lidar_test/CSU-RM-Sentry/build/rc_serial_driver
[1.541s] Invoked command in '/home/ljhua/ROBOCON2026/lidar_test/CSU-RM-Sentry/build/rc_serial_driver' returned '0': CMAKE_PREFIX_PATH=${CMAKE_PREFIX_PATH}:/opt/ros/humble /usr/bin/cmake /home/ljhua/ROBOCON2026/lidar_test/CSU-RM-Sentry/src/rc_serial_driver -DAMENT_CMAKE_SYMLINK_INSTALL=1 -DCMAKE_INSTALL_PREFIX=/home/ljhua/ROBOCON2026/lidar_test/CSU-RM-Sentry/install/rc_serial_driver
[1.542s] Invoking command in '/home/ljhua/ROBOCON2026/lidar_test/CSU-RM-Sentry/build/rc_serial_driver': CMAKE_PREFIX_PATH=${CMAKE_PREFIX_PATH}:/opt/ros/humble /usr/bin/cmake --build /home/ljhua/ROBOCON2026/lidar_test/CSU-RM-Sentry/build/rc_serial_driver -- -j20 -l20
[1.591s] [ 20%] Building CXX object CMakeFiles/serial_port.dir/src/protocol.cpp.o
[1.592s] [ 40%] Building CXX object CMakeFiles/serial_port.dir/src/serial_port.cpp.o
[1.823s] [ 60%] Linking CXX shared library libserial_port.so
[1.902s] [ 60%] Built target serial_port
[1.920s] [ 80%] Building CXX object CMakeFiles/serial_driver_node.dir/src/serial_driver_node.cpp.o
[8.462s] [100%] Linking CXX executable serial_driver_node
[8.776s] [100%] Built target serial_driver_node
[8.788s] Invoked command in '/home/ljhua/ROBOCON2026/lidar_test/CSU-RM-Sentry/build/rc_serial_driver' returned '0': CMAKE_PREFIX_PATH=${CMAKE_PREFIX_PATH}:/opt/ros/humble /usr/bin/cmake --build /home/ljhua/ROBOCON2026/lidar_test/CSU-RM-Sentry/build/rc_serial_driver -- -j20 -l20
[8.799s] Invoking command in '/home/ljhua/ROBOCON2026/lidar_test/CSU-RM-Sentry/build/rc_serial_driver': CMAKE_PREFIX_PATH=${CMAKE_PREFIX_PATH}:/opt/ros/humble /usr/bin/cmake --install /home/ljhua/ROBOCON2026/lidar_test/CSU-RM-Sentry/build/rc_serial_driver
[8.805s] -- Install configuration: ""
[8.806s] -- Execute custom install script
[8.806s] -- Symlinking: /home/ljhua/ROBOCON2026/lidar_test/CSU-RM-Sentry/install/rc_serial_driver/lib/rc_serial_driver/libserial_port.so
[8.819s] -- Symlinking: /home/ljhua/ROBOCON2026/lidar_test/CSU-RM-Sentry/install/rc_serial_driver/lib/rc_serial_driver/serial_driver_node
[8.827s] -- Symlinking: /home/ljhua/ROBOCON2026/lidar_test/CSU-RM-Sentry/install/rc_serial_driver/share/rc_serial_driver//serial_driver.launch.py
[8.836s] -- Symlinking: /home/ljhua/ROBOCON2026/lidar_test/CSU-RM-Sentry/install/rc_serial_driver/share/rc_serial_driver//serial_driver_params.yaml
[8.842s] -- Symlinking: /home/ljhua/ROBOCON2026/lidar_test/CSU-RM-Sentry/install/rc_serial_driver/share/ament_index/resource_index/package_run_dependencies/rc_serial_driver
[8.849s] -- Symlinking: /home/ljhua/ROBOCON2026/lidar_test/CSU-RM-Sentry/install/rc_serial_driver/share/ament_index/resource_index/parent_prefix_path/rc_serial_driver
[8.861s] -- Symlinking: /home/ljhua/ROBOCON2026/lidar_test/CSU-RM-Sentry/install/rc_serial_driver/share/rc_serial_driver/environment/ament_prefix_path.sh
[8.870s] -- Symlinking: /home/ljhua/ROBOCON2026/lidar_test/CSU-RM-Sentry/install/rc_serial_driver/share/rc_serial_driver/environment/ament_prefix_path.dsv
[8.878s] -- Symlinking: /home/ljhua/ROBOCON2026/lidar_test/CSU-RM-Sentry/install/rc_serial_driver/share/rc_serial_driver/environment/path.sh
[8.887s] -- Symlinking: /home/ljhua/ROBOCON2026/lidar_test/CSU-RM-Sentry/install/rc_serial_driver/share/rc_serial_driver/environment/path.dsv
[8.895s] -- Symlinking: /home/ljhua/ROBOCON2026/lidar_test/CSU-RM-Sentry/install/rc_serial_driver/share/rc_serial_driver/local_setup.bash
[8.904s] -- Symlinking: /home/ljhua/ROBOCON2026/lidar_test/CSU-RM-Sentry/install/rc_serial_driver/share/rc_serial_driver/local_setup.sh
[8.911s] -- Symlinking: /home/ljhua/ROBOCON2026/lidar_test/CSU-RM-Sentry/install/rc_serial_driver/share/rc_serial_driver/local_setup.zsh
[8.919s] -- Symlinking: /home/ljhua/ROBOCON2026/lidar_test/CSU-RM-Sentry/install/rc_serial_driver/share/rc_serial_driver/local_setup.dsv
[8.928s] -- Symlinking: /home/ljhua/ROBOCON2026/lidar_test/CSU-RM-Sentry/install/rc_serial_driver/share/rc_serial_driver/package.dsv
[8.934s] -- Symlinking: /home/ljhua/ROBOCON2026/lidar_test/CSU-RM-Sentry/install/rc_serial_driver/share/ament_index/resource_index/packages/rc_serial_driver
[8.940s] -- Symlinking: /home/ljhua/ROBOCON2026/lidar_test/CSU-RM-Sentry/install/rc_serial_driver/share/rc_serial_driver/cmake/rc_serial_driverConfig.cmake
[8.947s] -- Symlinking: /home/ljhua/ROBOCON2026/lidar_test/CSU-RM-Sentry/install/rc_serial_driver/share/rc_serial_driver/cmake/rc_serial_driverConfig-version.cmake
[8.953s] -- Symlinking: /home/ljhua/ROBOCON2026/lidar_test/CSU-RM-Sentry/install/rc_serial_driver/share/rc_serial_driver/package.xml
[8.963s] Invoked command in '/home/ljhua/ROBOCON2026/lidar_test/CSU-RM-Sentry/build/rc_serial_driver' returned '0': CMAKE_PREFIX_PATH=${CMAKE_PREFIX_PATH}:/opt/ros/humble /usr/bin/cmake --install /home/ljhua/ROBOCON2026/lidar_test/CSU-RM-Sentry/build/rc_serial_driver
