[0.017s] Invoking command in '/home/ljhua/ROBOCON2026/lidar_test/CSU-RM-Sentry/build/rm_navigation': CMAKE_PREFIX_PATH=/opt/ros/humble /usr/bin/cmake /home/ljhua/ROBOCON2026/lidar_test/CSU-RM-Sentry/src/rm_navigation -DAMENT_CMAKE_SYMLINK_INSTALL=1 -DCMAKE_INSTALL_PREFIX=/home/ljhua/ROBOCON2026/lidar_test/CSU-RM-Sentry/install/rm_navigation
[0.077s] -- The C compiler identification is GNU 11.4.0
[0.145s] -- The CXX compiler identification is GNU 11.4.0
[0.151s] -- Detecting C compiler ABI info
[0.209s] -- Detecting C compiler ABI info - done
[0.216s] -- Check for working C compiler: /usr/bin/cc - skipped
[0.216s] -- Detecting C compile features
[0.217s] -- Detecting C compile features - done
[0.219s] -- Detecting CXX compiler ABI info
[0.284s] -- Detecting CXX compiler ABI info - done
[0.288s] -- Check for working CXX compiler: /usr/bin/c++ - skipped
[0.289s] -- Detecting CXX compile features
[0.289s] -- Detecting CXX compile features - done
[0.292s] -- Found ament_cmake_auto: 1.3.12 (/opt/ros/humble/share/ament_cmake_auto/cmake)
[1.022s] -- Found Python3: /usr/bin/python3 (found version "3.10.12") found components: Interpreter 
[1.085s] -- Override CMake install command with custom implementation using symlinks instead of copying resources
[1.108s] -- Found ament_lint_auto: 0.12.14 (/opt/ros/humble/share/ament_lint_auto/cmake)
[1.202s] -- Added test 'flake8' to check Python code syntax and style conventions
[1.203s] -- Added test 'lint_cmake' to check CMake code style
[1.203s] -- Added test 'pep257' to check Python code against some of the docstring style conventions in PEP 257
[1.204s] -- Added test 'xmllint' to check XML markup files
[1.206s] -- Configuring done
[1.209s] -- Generating done
[1.210s] -- Build files have been written to: /home/ljhua/ROBOCON2026/lidar_test/CSU-RM-Sentry/build/rm_navigation
[1.214s] Invoked command in '/home/ljhua/ROBOCON2026/lidar_test/CSU-RM-Sentry/build/rm_navigation' returned '0': CMAKE_PREFIX_PATH=/opt/ros/humble /usr/bin/cmake /home/ljhua/ROBOCON2026/lidar_test/CSU-RM-Sentry/src/rm_navigation -DAMENT_CMAKE_SYMLINK_INSTALL=1 -DCMAKE_INSTALL_PREFIX=/home/ljhua/ROBOCON2026/lidar_test/CSU-RM-Sentry/install/rm_navigation
[1.215s] Invoking command in '/home/ljhua/ROBOCON2026/lidar_test/CSU-RM-Sentry/build/rm_navigation': CMAKE_PREFIX_PATH=/opt/ros/humble /usr/bin/cmake --build /home/ljhua/ROBOCON2026/lidar_test/CSU-RM-Sentry/build/rm_navigation -- -j20 -l20
[1.242s] Invoked command in '/home/ljhua/ROBOCON2026/lidar_test/CSU-RM-Sentry/build/rm_navigation' returned '0': CMAKE_PREFIX_PATH=/opt/ros/humble /usr/bin/cmake --build /home/ljhua/ROBOCON2026/lidar_test/CSU-RM-Sentry/build/rm_navigation -- -j20 -l20
[1.250s] Invoking command in '/home/ljhua/ROBOCON2026/lidar_test/CSU-RM-Sentry/build/rm_navigation': CMAKE_PREFIX_PATH=/opt/ros/humble /usr/bin/cmake --install /home/ljhua/ROBOCON2026/lidar_test/CSU-RM-Sentry/build/rm_navigation
[1.257s] -- Install configuration: ""
[1.258s] -- Execute custom install script
[1.258s] -- Symlinking: /home/ljhua/ROBOCON2026/lidar_test/CSU-RM-Sentry/install/rm_navigation/share/rm_navigation/params/mapper_params_online_async.yaml
[1.268s] -- Symlinking: /home/ljhua/ROBOCON2026/lidar_test/CSU-RM-Sentry/install/rm_navigation/share/rm_navigation/params/nav2_params.yaml
[1.274s] -- Symlinking: /home/ljhua/ROBOCON2026/lidar_test/CSU-RM-Sentry/install/rm_navigation/share/rm_navigation/launch/bringup_launch.py
[1.282s] -- Symlinking: /home/ljhua/ROBOCON2026/lidar_test/CSU-RM-Sentry/install/rm_navigation/share/rm_navigation/launch/bringup_no_amcl_launch.py
[1.288s] -- Symlinking: /home/ljhua/ROBOCON2026/lidar_test/CSU-RM-Sentry/install/rm_navigation/share/rm_navigation/launch/localization_launch.py
[1.293s] -- Symlinking: /home/ljhua/ROBOCON2026/lidar_test/CSU-RM-Sentry/install/rm_navigation/share/rm_navigation/launch/navigation_launch.py
[1.299s] -- Symlinking: /home/ljhua/ROBOCON2026/lidar_test/CSU-RM-Sentry/install/rm_navigation/share/rm_navigation/launch/online_async_launch.py
[1.305s] -- Symlinking: /home/ljhua/ROBOCON2026/lidar_test/CSU-RM-Sentry/install/rm_navigation/share/rm_navigation/launch/rviz_launch.py
[1.311s] -- Symlinking: /home/ljhua/ROBOCON2026/lidar_test/CSU-RM-Sentry/install/rm_navigation/share/rm_navigation/launch/slam_launch.py
[1.317s] -- Symlinking: /home/ljhua/ROBOCON2026/lidar_test/CSU-RM-Sentry/install/rm_navigation/share/rm_navigation/map/map_01.pgm
[1.326s] -- Symlinking: /home/ljhua/ROBOCON2026/lidar_test/CSU-RM-Sentry/install/rm_navigation/share/rm_navigation/map/map_01.yaml
[1.332s] -- Symlinking: /home/ljhua/ROBOCON2026/lidar_test/CSU-RM-Sentry/install/rm_navigation/share/rm_navigation/map/test.pcd
[1.338s] -- Symlinking: /home/ljhua/ROBOCON2026/lidar_test/CSU-RM-Sentry/install/rm_navigation/share/ament_index/resource_index/package_run_dependencies/rm_navigation
[1.344s] -- Symlinking: /home/ljhua/ROBOCON2026/lidar_test/CSU-RM-Sentry/install/rm_navigation/share/ament_index/resource_index/parent_prefix_path/rm_navigation
[1.350s] -- Symlinking: /home/ljhua/ROBOCON2026/lidar_test/CSU-RM-Sentry/install/rm_navigation/share/rm_navigation/environment/ament_prefix_path.sh
[1.356s] -- Symlinking: /home/ljhua/ROBOCON2026/lidar_test/CSU-RM-Sentry/install/rm_navigation/share/rm_navigation/environment/ament_prefix_path.dsv
[1.364s] -- Symlinking: /home/ljhua/ROBOCON2026/lidar_test/CSU-RM-Sentry/install/rm_navigation/share/rm_navigation/environment/path.sh
[1.372s] -- Symlinking: /home/ljhua/ROBOCON2026/lidar_test/CSU-RM-Sentry/install/rm_navigation/share/rm_navigation/environment/path.dsv
[1.382s] -- Symlinking: /home/ljhua/ROBOCON2026/lidar_test/CSU-RM-Sentry/install/rm_navigation/share/rm_navigation/local_setup.bash
[1.387s] -- Symlinking: /home/ljhua/ROBOCON2026/lidar_test/CSU-RM-Sentry/install/rm_navigation/share/rm_navigation/local_setup.sh
[1.394s] -- Symlinking: /home/ljhua/ROBOCON2026/lidar_test/CSU-RM-Sentry/install/rm_navigation/share/rm_navigation/local_setup.zsh
[1.401s] -- Symlinking: /home/ljhua/ROBOCON2026/lidar_test/CSU-RM-Sentry/install/rm_navigation/share/rm_navigation/local_setup.dsv
[1.408s] -- Symlinking: /home/ljhua/ROBOCON2026/lidar_test/CSU-RM-Sentry/install/rm_navigation/share/rm_navigation/package.dsv
[1.417s] -- Symlinking: /home/ljhua/ROBOCON2026/lidar_test/CSU-RM-Sentry/install/rm_navigation/share/ament_index/resource_index/packages/rm_navigation
[1.423s] -- Symlinking: /home/ljhua/ROBOCON2026/lidar_test/CSU-RM-Sentry/install/rm_navigation/share/rm_navigation/cmake/rm_navigationConfig.cmake
[1.429s] -- Symlinking: /home/ljhua/ROBOCON2026/lidar_test/CSU-RM-Sentry/install/rm_navigation/share/rm_navigation/cmake/rm_navigationConfig-version.cmake
[1.436s] -- Symlinking: /home/ljhua/ROBOCON2026/lidar_test/CSU-RM-Sentry/install/rm_navigation/share/rm_navigation/package.xml
[1.444s] Invoked command in '/home/ljhua/ROBOCON2026/lidar_test/CSU-RM-Sentry/build/rm_navigation' returned '0': CMAKE_PREFIX_PATH=/opt/ros/humble /usr/bin/cmake --install /home/ljhua/ROBOCON2026/lidar_test/CSU-RM-Sentry/build/rm_navigation
