[INFO] [launch]: All log files can be found below /home/ljhua/.ros/log/2026-01-25-14-08-45-513598-ljhua-ASUS-TUF-Gaming-F15-FX507VV-FX507VV-169662
[INFO] [launch]: Default logging verbosity is set to INFO
[INFO] [icp_localization-1]: process started with pid [169711]
[icp_localization-1] Map size is: 43354
[icp_localization-1] Init pose set to, xyz: 0 0 0, q: 0 0 0 1, rpy: 0 0 0 deg 
[icp_localization-1] odometry data topic: /Odometry
[icp_localization-1] imu data topic: /imu/data
[icp_localization-1] Is use odometry: true
[icp_localization-1] Gravity vector filter time constant: 0.01
[icp_localization-1] Min num odom measurements before ready: 5
[icp_localization-1] Calibration: 
[icp_localization-1] imu to range sensor: t:[-0.011000, -0.023400, 0.044000] ; q:[0.000000, 0.000000, 0.000000, 1.000000] ; rpy (deg):[0.000000, 0.000000, 0.000000]
[icp_localization-1] 
[icp_localization-1] odometry source to range sensor: t:[0.000000, 0.000000, 0.000000] ; q:[0.000000, 0.000000, 0.000000, 1.000000] ; rpy (deg):[0.000000, 0.000000, 0.000000]
[icp_localization-1] 
[icp_localization-1] range data parameters: 
[icp_localization-1] topic: /cloud_registered_body
[icp_localization-1] num range data accumulated: 1
[icp_localization-1]  
[icp_localization-1] Setting fixed frame to: map
[icp_localization-1] ICPlocalization: Initialized 
[icp_localization-1] succesfully initialized icp
[INFO] [launch]: All log files can be found below /home/ljhua/.ros/log/2026-01-25-14-11-15-862308-ljhua-ASUS-TUF-Gaming-F15-FX507VV-FX507VV-170845
[INFO] [launch]: Default logging verbosity is set to INFO
[INFO] [icp_localization-1]: process started with pid [170876]
[icp_localization-1] Map size is: 43354
[icp_localization-1] Init pose set to, xyz: 0 0 0, q: 0 0 0 1, rpy: 0 0 0 deg 
[icp_localization-1] odometry data topic: /Odometry
[icp_localization-1] imu data topic: /imu/data
[icp_localization-1] Is use odometry: true
[icp_localization-1] Gravity vector filter time constant: 0.01
[icp_localization-1] Min num odom measurements before ready: 5
[icp_localization-1] Calibration: 
[icp_localization-1] imu to range sensor: t:[-0.011000, -0.023400, 0.044000] ; q:[0.000000, 0.000000, 0.000000, 1.000000] ; rpy (deg):[0.000000, 0.000000, 0.000000]
[icp_localization-1] 
[icp_localization-1] odometry source to range sensor: t:[0.000000, 0.000000, 0.000000] ; q:[0.000000, 0.000000, 0.000000, 1.000000] ; rpy (deg):[0.000000, 0.000000, 0.000000]
[icp_localization-1] 
[icp_localization-1] range data parameters: 
[icp_localization-1] topic: /cloud_registered_body
[icp_localization-1] num range data accumulated: 1
[icp_localization-1]  
[icp_localization-1] Setting fixed frame to: map
[icp_localization-1] ICPlocalization: Initialized 
[icp_localization-1] succesfully initialized icp
