[0.008s] Invoking command in '/home/ljhua/ROBOCON2026/lidar_test/rc2026/build/fast_lio': AMENT_PREFIX_PATH=/home/ljhua/ROBOCON2026/lidar_test/rc2026/install/livox_ros_driver2:${AMENT_PREFIX_PATH} CMAKE_PREFIX_PATH=/home/ljhua/ROBOCON2026/lidar_test/rc2026/install/livox_ros_driver2:/opt/ros/humble LD_LIBRARY_PATH=/home/ljhua/ROBOCON2026/lidar_test/rc2026/install/livox_ros_driver2/lib:${LD_LIBRARY_PATH} PYTHONPATH=/home/ljhua/ROBOCON2026/lidar_test/rc2026/install/livox_ros_driver2/local/lib/python3.10/dist-packages:${PYTHONPATH} /usr/bin/cmake /home/ljhua/ROBOCON2026/lidar_test/rc2026/src/rm_localization/fast_lio -DAMENT_CMAKE_SYMLINK_INSTALL=1 -DCMAKE_INSTALL_PREFIX=/home/ljhua/ROBOCON2026/lidar_test/rc2026/install/fast_lio
[0.060s] -- The C compiler identification is GNU 11.4.0
[0.113s] -- The CXX compiler identification is GNU 11.4.0
[0.122s] -- Detecting C compiler ABI info
[0.182s] -- Detecting C compiler ABI info - done
[0.187s] -- Check for working C compiler: /usr/bin/cc - skipped
[0.187s] -- Detecting C compile features
[0.187s] -- Detecting C compile features - done
[0.189s] -- Detecting CXX compiler ABI info
[0.261s] -- Detecting CXX compiler ABI info - done
[0.266s] -- Check for working CXX compiler: /usr/bin/c++ - skipped
[0.266s] -- Detecting CXX compile features
[0.267s] -- Detecting CXX compile features - done
[0.267s] [0mCurrent CPU archtecture: x86_64[0m
[0.273s] [0mProcesser number:  20[0m
[0.273s] [0mcore for MP: 3[0m
[0.618s] -- Found PythonLibs: /usr/lib/x86_64-linux-gnu/libpython3.10.so (found version "3.10.12") 
[0.620s] -- Found ament_cmake: 1.3.12 (/opt/ros/humble/share/ament_cmake/cmake)
[1.159s] -- Found Python3: /usr/bin/python3 (found version "3.10.12") found components: Interpreter 
[1.233s] -- Override CMake install command with custom implementation using symlinks instead of copying resources
[1.269s] -- Found rclcpp: 16.0.14 (/opt/ros/humble/share/rclcpp/cmake)
[1.296s] -- Found rosidl_generator_c: 3.1.7 (/opt/ros/humble/share/rosidl_generator_c/cmake)
[1.299s] -- Found rosidl_adapter: 3.1.7 (/opt/ros/humble/share/rosidl_adapter/cmake)
[1.305s] -- Found rosidl_generator_cpp: 3.1.7 (/opt/ros/humble/share/rosidl_generator_cpp/cmake)
[1.313s] -- Using all available rosidl_typesupport_c: rosidl_typesupport_fastrtps_c;rosidl_typesupport_introspection_c
[1.324s] -- Using all available rosidl_typesupport_cpp: rosidl_typesupport_fastrtps_cpp;rosidl_typesupport_introspection_cpp
[1.354s] -- Found rmw_implementation_cmake: 6.1.2 (/opt/ros/humble/share/rmw_implementation_cmake/cmake)
[1.356s] -- Found rmw_fastrtps_cpp: 6.2.8 (/opt/ros/humble/share/rmw_fastrtps_cpp/cmake)
[1.430s] -- Found OpenSSL: /usr/lib/x86_64-linux-gnu/libcrypto.so (found version "3.0.2")  
[1.461s] -- Found FastRTPS: /opt/ros/humble/include  
[1.498s] -- Using RMW implementation 'rmw_fastrtps_cpp' as default
[1.505s] -- Looking for pthread.h
[1.582s] -- Looking for pthread.h - found
[1.583s] -- Performing Test CMAKE_HAVE_LIBC_PTHREAD
[1.665s] -- Performing Test CMAKE_HAVE_LIBC_PTHREAD - Success
[1.666s] -- Found Threads: TRUE  
[1.706s] -- Found rclcpp_components: 16.0.14 (/opt/ros/humble/share/rclcpp_components/cmake)
[1.725s] -- Found geometry_msgs: 4.9.0 (/opt/ros/humble/share/geometry_msgs/cmake)
[1.734s] -- Found nav_msgs: 4.9.0 (/opt/ros/humble/share/nav_msgs/cmake)
[1.745s] -- Found sensor_msgs: 4.9.0 (/opt/ros/humble/share/sensor_msgs/cmake)
[1.757s] -- Found std_srvs: 4.9.0 (/opt/ros/humble/share/std_srvs/cmake)
[1.764s] -- Found visualization_msgs: 4.9.0 (/opt/ros/humble/share/visualization_msgs/cmake)
[1.777s] -- Found pcl_ros: 2.4.5 (/opt/ros/humble/share/pcl_ros/cmake)
[1.808s] -- Checking for module 'eigen3'
[1.820s] --   Found eigen3, version 3.4.0
[1.851s] -- Found Eigen: /usr/include/eigen3 (Required is at least version "3.1") 
[1.851s] -- Eigen found (include: /usr/include/eigen3, version: 3.4.0)
[1.886s] -- Checking for module 'flann'
[1.899s] --   Found flann, version 1.9.1
[1.939s] -- Found FLANN: /usr/lib/x86_64-linux-gnu/libflann_cpp.so  
[1.939s] -- FLANN found (include: /usr/include, lib: /usr/lib/x86_64-linux-gnu/libflann_cpp.so)
[2.874s] -- Checking for module 'libusb-1.0'
[2.888s] --   Found libusb-1.0, version 1.0.25
[2.922s] -- Found libusb: /usr/lib/x86_64-linux-gnu/libusb-1.0.so  
[2.923s] -- OpenNI found (version: 1.5.4.0, include: /usr/include/ni, lib: /usr/lib/libOpenNI.so;libusb::libusb)
[2.977s] -- OpenNI2 found (version: 2.2.0.33, include: /usr/include/openni2, lib: /usr/lib/x86_64-linux-gnu/libOpenNI2.so;libusb::libusb)
[3.111s] -- Eigen found (include: /usr/include/eigen3, version: 3.4.0)
[3.119s] -- OpenNI found (version: 1.5.4.0, include: /usr/include/ni, lib: /usr/lib/libOpenNI.so;libusb::libusb)
[3.126s] -- OpenNI2 found (version: 2.2.0.33, include: /usr/include/openni2, lib: /usr/lib/x86_64-linux-gnu/libOpenNI2.so;libusb::libusb)
[3.235s] -- Found Qhull version 8.0.2
[3.366s] -- OpenNI found (version: 1.5.4.0, include: /usr/include/ni, lib: /usr/lib/libOpenNI.so;libusb::libusb)
[3.489s] -- Found PCL_COMMON: /usr/lib/x86_64-linux-gnu/libpcl_common.so  
[3.489s] -- Found PCL_KDTREE: /usr/lib/x86_64-linux-gnu/libpcl_kdtree.so  
[3.490s] -- Found PCL_OCTREE: /usr/lib/x86_64-linux-gnu/libpcl_octree.so  
[3.491s] -- Found PCL_SEARCH: /usr/lib/x86_64-linux-gnu/libpcl_search.so  
[3.491s] -- Found PCL_SAMPLE_CONSENSUS: /usr/lib/x86_64-linux-gnu/libpcl_sample_consensus.so  
[3.492s] -- Found PCL_FILTERS: /usr/lib/x86_64-linux-gnu/libpcl_filters.so  
[3.492s] -- Found PCL_2D: /usr/include/pcl-1.12  
[3.492s] -- Found PCL_GEOMETRY: /usr/include/pcl-1.12  
[3.493s] -- Found PCL_IO: /usr/lib/x86_64-linux-gnu/libpcl_io.so  
[3.494s] -- Found PCL_FEATURES: /usr/lib/x86_64-linux-gnu/libpcl_features.so  
[3.494s] -- Found PCL_ML: /usr/lib/x86_64-linux-gnu/libpcl_ml.so  
[3.495s] -- Found PCL_SEGMENTATION: /usr/lib/x86_64-linux-gnu/libpcl_segmentation.so  
[3.496s] -- Found PCL_VISUALIZATION: /usr/lib/x86_64-linux-gnu/libpcl_visualization.so  
[3.496s] -- Found PCL_SURFACE: /usr/lib/x86_64-linux-gnu/libpcl_surface.so  
[3.497s] -- Found PCL_REGISTRATION: /usr/lib/x86_64-linux-gnu/libpcl_registration.so  
[3.497s] -- Found PCL_KEYPOINTS: /usr/lib/x86_64-linux-gnu/libpcl_keypoints.so  
[3.498s] -- Found PCL_TRACKING: /usr/lib/x86_64-linux-gnu/libpcl_tracking.so  
[3.499s] -- Found PCL_RECOGNITION: /usr/lib/x86_64-linux-gnu/libpcl_recognition.so  
[3.499s] -- Found PCL_STEREO: /usr/lib/x86_64-linux-gnu/libpcl_stereo.so  
[3.500s] -- Found PCL_APPS: /usr/lib/x86_64-linux-gnu/libpcl_apps.so  
[3.501s] -- Found PCL_IN_HAND_SCANNER: /usr/include/pcl-1.12  
[3.501s] -- Found PCL_MODELER: /usr/include/pcl-1.12  
[3.501s] -- Found PCL_POINT_CLOUD_EDITOR: /usr/include/pcl-1.12  
[3.502s] -- Found PCL_OUTOFCORE: /usr/lib/x86_64-linux-gnu/libpcl_outofcore.so  
[3.502s] -- Found PCL_PEOPLE: /usr/lib/x86_64-linux-gnu/libpcl_people.so  
[3.521s] -- Found eigen3_cmake_module: 0.1.1 (/opt/ros/humble/share/eigen3_cmake_module/cmake)
[3.522s] -- Found Eigen3: TRUE (found version "3.4.0") 
[3.522s] -- Ensuring Eigen3 include directory is part of orocos-kdl CMake target
[3.569s] -- Found livox_ros_driver2: 1.0.0 (/home/ljhua/ROBOCON2026/lidar_test/rc2026/install/livox_ros_driver2/share/livox_ros_driver2/cmake)
[3.582s] -- Found rosidl_default_generators: 1.2.0 (/opt/ros/humble/share/rosidl_default_generators/cmake)
[3.589s] [33mCMake Warning (dev) at CMakeLists.txt:80 (find_package):
[3.589s]   Policy CMP0074 is not set: find_package uses <PackageName>_ROOT variables.
[3.589s]   Run "cmake --help-policy CMP0074" for policy details.  Use the cmake_policy
[3.589s]   command to set the policy and suppress this warning.
[3.589s] 
[3.589s]   CMake variable PCL_ROOT is set to:
[3.589s] 
[3.589s]     /usr
[3.589s] 
[3.589s]   For compatibility, CMake is ignoring the variable.
[3.589s] This warning is for project developers.  Use -Wno-dev to suppress it.
[3.590s] [0m
[3.596s] [0mEigen:/usr/include/eigen3[0m
[3.596s] -- PCL: /usr/include/pcl-1.12
[3.810s] -- Found ament_cmake_ros: 0.10.0 (/opt/ros/humble/share/ament_cmake_ros/cmake)
[4.082s] -- Using all available rosidl_typesupport_c: rosidl_typesupport_fastrtps_c;rosidl_typesupport_introspection_c
[4.192s] -- Using all available rosidl_typesupport_cpp: rosidl_typesupport_fastrtps_cpp;rosidl_typesupport_introspection_cpp
[4.214s] -- Found PythonInterp: /usr/bin/python3 (found suitable version "3.10.12", minimum required is "3.6") 
[4.216s] -- Found python_cmake_module: 0.10.0 (/opt/ros/humble/share/python_cmake_module/cmake)
[4.237s] -- Found PythonLibs: /usr/lib/x86_64-linux-gnu/libpython3.10.so (found suitable version "3.10.12", minimum required is "3.5") 
[4.237s] -- Using PYTHON_EXECUTABLE: /usr/bin/python3
[4.237s] -- Using PYTHON_INCLUDE_DIRS: /usr/include/python3.10
[4.237s] -- Using PYTHON_LIBRARIES: /usr/lib/x86_64-linux-gnu/libpython3.10.so
[4.255s] -- Found PythonExtra: .so  
[4.298s] -- Configuring done
[4.340s] -- Generating done
[4.353s] -- Build files have been written to: /home/ljhua/ROBOCON2026/lidar_test/rc2026/build/fast_lio
[4.368s] Invoked command in '/home/ljhua/ROBOCON2026/lidar_test/rc2026/build/fast_lio' returned '0': AMENT_PREFIX_PATH=/home/ljhua/ROBOCON2026/lidar_test/rc2026/install/livox_ros_driver2:${AMENT_PREFIX_PATH} CMAKE_PREFIX_PATH=/home/ljhua/ROBOCON2026/lidar_test/rc2026/install/livox_ros_driver2:/opt/ros/humble LD_LIBRARY_PATH=/home/ljhua/ROBOCON2026/lidar_test/rc2026/install/livox_ros_driver2/lib:${LD_LIBRARY_PATH} PYTHONPATH=/home/ljhua/ROBOCON2026/lidar_test/rc2026/install/livox_ros_driver2/local/lib/python3.10/dist-packages:${PYTHONPATH} /usr/bin/cmake /home/ljhua/ROBOCON2026/lidar_test/rc2026/src/rm_localization/fast_lio -DAMENT_CMAKE_SYMLINK_INSTALL=1 -DCMAKE_INSTALL_PREFIX=/home/ljhua/ROBOCON2026/lidar_test/rc2026/install/fast_lio
[4.370s] Invoking command in '/home/ljhua/ROBOCON2026/lidar_test/rc2026/build/fast_lio': AMENT_PREFIX_PATH=/home/ljhua/ROBOCON2026/lidar_test/rc2026/install/livox_ros_driver2:${AMENT_PREFIX_PATH} CMAKE_PREFIX_PATH=/home/ljhua/ROBOCON2026/lidar_test/rc2026/install/livox_ros_driver2:/opt/ros/humble LD_LIBRARY_PATH=/home/ljhua/ROBOCON2026/lidar_test/rc2026/install/livox_ros_driver2/lib:${LD_LIBRARY_PATH} PYTHONPATH=/home/ljhua/ROBOCON2026/lidar_test/rc2026/install/livox_ros_driver2/local/lib/python3.10/dist-packages:${PYTHONPATH} /usr/bin/cmake --build /home/ljhua/ROBOCON2026/lidar_test/rc2026/build/fast_lio -- -j20 -l20
[4.414s] [  2%] [34m[1mGenerating C code for ROS interfaces[0m
[4.421s] [  5%] [34m[1mGenerating C++ code for ROS interfaces[0m
[4.422s] [  5%] Built target ament_cmake_python_symlink_fast_lio
[4.633s] [  8%] [32mBuilding C object CMakeFiles/fast_lio__rosidl_generator_c.dir/rosidl_generator_c/fast_lio/msg/detail/pose6_d__functions.c.o[0m
[4.712s] [ 11%] [32m[1mLinking C shared library libfast_lio__rosidl_generator_c.so[0m
[4.725s] running egg_info
[4.725s] creating fast_lio.egg-info
[4.735s] writing fast_lio.egg-info/PKG-INFO
[4.735s] writing dependency_links to fast_lio.egg-info/dependency_links.txt
[4.735s] writing top-level names to fast_lio.egg-info/top_level.txt
[4.735s] writing manifest file 'fast_lio.egg-info/SOURCES.txt'
[4.742s] [ 11%] Built target fast_lio__rosidl_generator_c
[4.750s] [ 14%] [34m[1mGenerating C type support for eProsima Fast-RTPS[0m
[4.751s] [ 17%] [34m[1mGenerating C introspection for ROS interfaces[0m
[4.752s] [ 20%] [34m[1mGenerating C type support dispatch for ROS interfaces[0m
[4.791s] reading manifest file 'fast_lio.egg-info/SOURCES.txt'
[4.792s] writing manifest file 'fast_lio.egg-info/SOURCES.txt'
[4.809s] [ 20%] Built target fast_lio__cpp
[4.815s] [ 22%] [34m[1mGenerating C++ type support for eProsima Fast-RTPS[0m
[4.816s] [ 25%] [34m[1mGenerating C++ introspection for ROS interfaces[0m
[4.820s] [ 28%] [34m[1mGenerating C++ type support dispatch for ROS interfaces[0m
[4.858s] [ 28%] Built target ament_cmake_python_build_fast_lio_egg
[4.972s] [ 31%] [32mBuilding C object CMakeFiles/fast_lio__rosidl_typesupport_introspection_c.dir/rosidl_typesupport_introspection_c/fast_lio/msg/detail/pose6_d__type_support.c.o[0m
[5.015s] [ 34%] [32m[1mLinking C shared library libfast_lio__rosidl_typesupport_introspection_c.so[0m
[5.018s] [ 37%] [32mBuilding CXX object CMakeFiles/fast_lio__rosidl_typesupport_fastrtps_cpp.dir/rosidl_typesupport_fastrtps_cpp/fast_lio/msg/detail/dds_fastrtps/pose6_d__type_support.cpp.o[0m
[5.019s] [ 40%] [32mBuilding CXX object CMakeFiles/fast_lio__rosidl_typesupport_introspection_cpp.dir/rosidl_typesupport_introspection_cpp/fast_lio/msg/detail/pose6_d__type_support.cpp.o[0m
[5.019s] [ 42%] [32mBuilding CXX object CMakeFiles/fast_lio__rosidl_typesupport_c.dir/rosidl_typesupport_c/fast_lio/msg/pose6_d__type_support.cpp.o[0m
[5.040s] [ 42%] Built target fast_lio__rosidl_typesupport_introspection_c
[5.050s] [ 45%] [32m[1mLinking CXX shared library libfast_lio__rosidl_typesupport_c.so[0m
[5.067s] [ 48%] [32mBuilding CXX object CMakeFiles/fast_lio__rosidl_typesupport_fastrtps_c.dir/rosidl_typesupport_fastrtps_c/fast_lio/msg/detail/pose6_d__type_support_c.cpp.o[0m
[5.083s] [ 48%] Built target fast_lio__rosidl_typesupport_c
[5.184s] [ 51%] [32mBuilding CXX object CMakeFiles/fast_lio__rosidl_typesupport_cpp.dir/rosidl_typesupport_cpp/fast_lio/msg/pose6_d__type_support.cpp.o[0m
[5.278s] [ 54%] [32m[1mLinking CXX shared library libfast_lio__rosidl_typesupport_fastrtps_cpp.so[0m
[5.280s] [ 57%] [32m[1mLinking CXX shared library libfast_lio__rosidl_typesupport_fastrtps_c.so[0m
[5.282s] [ 60%] [32m[1mLinking CXX shared library libfast_lio__rosidl_typesupport_introspection_cpp.so[0m
[5.320s] [ 60%] Built target fast_lio__rosidl_typesupport_introspection_cpp
[5.341s] [ 60%] Built target fast_lio__rosidl_typesupport_fastrtps_cpp
[5.352s] [ 60%] Built target fast_lio__rosidl_typesupport_fastrtps_c
[5.356s] [ 62%] [32m[1mLinking CXX shared library libfast_lio__rosidl_typesupport_cpp.so[0m
[5.391s] [ 62%] Built target fast_lio__rosidl_typesupport_cpp
[5.408s] [ 68%] [32mBuilding CXX object CMakeFiles/fastlio_mapping.dir/src/preprocess.cpp.o[0m
[5.408s] [ 68%] [32mBuilding CXX object CMakeFiles/fastlio_mapping.dir/include/ikd-Tree/ikd_Tree.cpp.o[0m
[5.409s] [ 68%] Built target fast_lio
[5.411s] [ 71%] [32mBuilding CXX object CMakeFiles/fastlio_mapping.dir/src/laserMapping.cpp.o[0m
[5.423s] [ 74%] [34m[1mGenerating Python code for ROS interfaces[0m
[5.715s] [ 74%] Built target fast_lio__py
[5.733s] [ 77%] [32mBuilding C object CMakeFiles/fast_lio__rosidl_generator_py.dir/rosidl_generator_py/fast_lio/msg/_pose6_d_s.c.o[0m
[5.832s] [ 80%] [32m[1mLinking C shared library rosidl_generator_py/fast_lio/libfast_lio__rosidl_generator_py.so[0m
[5.865s] [ 80%] Built target fast_lio__rosidl_generator_py
[5.879s] [ 82%] [32mBuilding C object CMakeFiles/fast_lio__rosidl_typesupport_c__pyext.dir/rosidl_generator_py/fast_lio/_fast_lio_s.ep.rosidl_typesupport_c.c.o[0m
[5.884s] [ 85%] [32mBuilding C object CMakeFiles/fast_lio__rosidl_typesupport_introspection_c__pyext.dir/rosidl_generator_py/fast_lio/_fast_lio_s.ep.rosidl_typesupport_introspection_c.c.o[0m
[5.888s] [ 88%] [32mBuilding C object CMakeFiles/fast_lio__rosidl_typesupport_fastrtps_c__pyext.dir/rosidl_generator_py/fast_lio/_fast_lio_s.ep.rosidl_typesupport_fastrtps_c.c.o[0m
[5.957s] [ 91%] [32m[1mLinking C shared library rosidl_generator_py/fast_lio/fast_lio_s__rosidl_typesupport_introspection_c.cpython-310-x86_64-linux-gnu.so[0m
[5.969s] [ 94%] [32m[1mLinking C shared library rosidl_generator_py/fast_lio/fast_lio_s__rosidl_typesupport_fastrtps_c.cpython-310-x86_64-linux-gnu.so[0m
[5.983s] [ 97%] [32m[1mLinking C shared library rosidl_generator_py/fast_lio/fast_lio_s__rosidl_typesupport_c.cpython-310-x86_64-linux-gnu.so[0m
[5.987s] [ 97%] Built target fast_lio__rosidl_typesupport_introspection_c__pyext
[5.993s] [ 97%] Built target fast_lio__rosidl_typesupport_fastrtps_c__pyext
[6.007s] [ 97%] Built target fast_lio__rosidl_typesupport_c__pyext
[9.717s] In file included from [01m[K/usr/include/boost/smart_ptr/detail/sp_thread_sleep.hpp:22[m[K,
[9.718s]                  from [01m[K/usr/include/boost/smart_ptr/detail/yield_k.hpp:23[m[K,
[9.718s]                  from [01m[K/usr/include/boost/smart_ptr/detail/spinlock_gcc_atomic.hpp:14[m[K,
[9.718s]                  from [01m[K/usr/include/boost/smart_ptr/detail/spinlock.hpp:42[m[K,
[9.718s]                  from [01m[K/usr/include/boost/smart_ptr/detail/spinlock_pool.hpp:25[m[K,
[9.718s]                  from [01m[K/usr/include/boost/smart_ptr/shared_ptr.hpp:29[m[K,
[9.718s]                  from [01m[K/usr/include/boost/shared_ptr.hpp:17[m[K,
[9.718s]                  from [01m[K/usr/include/boost/date_time/microsec_time_clock.hpp:18[m[K,
[9.718s]                  from [01m[K/usr/include/boost/interprocess/detail/posix_time_types_wrk.hpp:31[m[K,
[9.718s]                  from [01m[K/usr/include/boost/interprocess/detail/os_thread_functions.hpp:36[m[K,
[9.718s]                  from [01m[K/usr/include/boost/interprocess/sync/file_lock.hpp:26[m[K,
[9.718s]                  from [01m[K/usr/include/pcl-1.12/pcl/io/pcd_io.h:46[m[K,
[9.718s]                  from [01m[K/opt/ros/humble/include/pcl_conversions/pcl_conversions/pcl_conversions.h:73[m[K,
[9.718s]                  from [01m[K/home/ljhua/ROBOCON2026/lidar_test/rc2026/src/rm_localization/fast_lio/src/IMU_Processing.hpp:18[m[K,
[9.718s]                  from [01m[K/home/ljhua/ROBOCON2026/lidar_test/rc2026/src/rm_localization/fast_lio/src/laserMapping.cpp:47[m[K:
[9.718s] [01m[K/usr/include/boost/bind.hpp:36:1:[m[K [01;36m[Knote: [m[K‘[01m[K#pragma message: The practice of declaring the Bind placeholders (_1, _2, ...) in the global namespace is deprecated. Please use <boost/bind/bind.hpp> + using namespace boost::placeholders, or define BOOST_BIND_GLOBAL_PLACEHOLDERS to retain the current behavior.[m[K’
[9.718s]    36 | [01;36m[KBOOST_PRAGMA_MESSAGE[m[K(
[9.718s]       | [01;36m[K^~~~~~~~~~~~~~~~~~~~[m[K
[50.329s] [100%] [32m[1mLinking CXX executable fastlio_mapping[0m
[51.042s] [100%] Built target fastlio_mapping
[51.053s] Invoked command in '/home/ljhua/ROBOCON2026/lidar_test/rc2026/build/fast_lio' returned '0': AMENT_PREFIX_PATH=/home/ljhua/ROBOCON2026/lidar_test/rc2026/install/livox_ros_driver2:${AMENT_PREFIX_PATH} CMAKE_PREFIX_PATH=/home/ljhua/ROBOCON2026/lidar_test/rc2026/install/livox_ros_driver2:/opt/ros/humble LD_LIBRARY_PATH=/home/ljhua/ROBOCON2026/lidar_test/rc2026/install/livox_ros_driver2/lib:${LD_LIBRARY_PATH} PYTHONPATH=/home/ljhua/ROBOCON2026/lidar_test/rc2026/install/livox_ros_driver2/local/lib/python3.10/dist-packages:${PYTHONPATH} /usr/bin/cmake --build /home/ljhua/ROBOCON2026/lidar_test/rc2026/build/fast_lio -- -j20 -l20
[51.055s] Invoking command in '/home/ljhua/ROBOCON2026/lidar_test/rc2026/build/fast_lio': AMENT_PREFIX_PATH=/home/ljhua/ROBOCON2026/lidar_test/rc2026/install/livox_ros_driver2:${AMENT_PREFIX_PATH} CMAKE_PREFIX_PATH=/home/ljhua/ROBOCON2026/lidar_test/rc2026/install/livox_ros_driver2:/opt/ros/humble LD_LIBRARY_PATH=/home/ljhua/ROBOCON2026/lidar_test/rc2026/install/livox_ros_driver2/lib:${LD_LIBRARY_PATH} PYTHONPATH=/home/ljhua/ROBOCON2026/lidar_test/rc2026/install/livox_ros_driver2/local/lib/python3.10/dist-packages:${PYTHONPATH} /usr/bin/cmake --install /home/ljhua/ROBOCON2026/lidar_test/rc2026/build/fast_lio
[51.066s] -- Install configuration: "Release"
[51.066s] -- Execute custom install script
[51.066s] -- Symlinking: /home/ljhua/ROBOCON2026/lidar_test/rc2026/install/fast_lio/share/ament_index/resource_index/rosidl_interfaces/fast_lio
[51.078s] -- Symlinking: /home/ljhua/ROBOCON2026/lidar_test/rc2026/install/fast_lio/include/fast_lio/fast_lio/msg/detail/pose6_d__functions.h
[51.089s] -- Symlinking: /home/ljhua/ROBOCON2026/lidar_test/rc2026/install/fast_lio/include/fast_lio/fast_lio/msg/detail/pose6_d__struct.h
[51.101s] -- Symlinking: /home/ljhua/ROBOCON2026/lidar_test/rc2026/install/fast_lio/include/fast_lio/fast_lio/msg/detail/pose6_d__type_support.h
[51.111s] -- Symlinking: /home/ljhua/ROBOCON2026/lidar_test/rc2026/install/fast_lio/include/fast_lio/fast_lio/msg/pose6_d.h
[51.122s] -- Symlinking: /home/ljhua/ROBOCON2026/lidar_test/rc2026/install/fast_lio/include/fast_lio/fast_lio/msg/rosidl_generator_c__visibility_control.h
[51.133s] -- Symlinking: /home/ljhua/ROBOCON2026/lidar_test/rc2026/install/fast_lio/share/fast_lio/environment/library_path.sh
[51.145s] -- Symlinking: /home/ljhua/ROBOCON2026/lidar_test/rc2026/install/fast_lio/share/fast_lio/environment/library_path.dsv
[51.157s] -- Symlinking: /home/ljhua/ROBOCON2026/lidar_test/rc2026/install/fast_lio/include/fast_lio/fast_lio/msg/detail/pose6_d__rosidl_typesupport_fastrtps_c.h
[51.168s] -- Symlinking: /home/ljhua/ROBOCON2026/lidar_test/rc2026/install/fast_lio/include/fast_lio/fast_lio/msg/rosidl_typesupport_fastrtps_c__visibility_control.h
[51.179s] -- Symlinking: /home/ljhua/ROBOCON2026/lidar_test/rc2026/install/fast_lio/include/fast_lio/fast_lio/msg/detail/pose6_d__builder.hpp
[51.190s] -- Symlinking: /home/ljhua/ROBOCON2026/lidar_test/rc2026/install/fast_lio/include/fast_lio/fast_lio/msg/detail/pose6_d__struct.hpp
[51.199s] -- Symlinking: /home/ljhua/ROBOCON2026/lidar_test/rc2026/install/fast_lio/include/fast_lio/fast_lio/msg/detail/pose6_d__traits.hpp
[51.212s] -- Symlinking: /home/ljhua/ROBOCON2026/lidar_test/rc2026/install/fast_lio/include/fast_lio/fast_lio/msg/detail/pose6_d__type_support.hpp
[51.223s] -- Symlinking: /home/ljhua/ROBOCON2026/lidar_test/rc2026/install/fast_lio/include/fast_lio/fast_lio/msg/pose6_d.hpp
[51.234s] -- Symlinking: /home/ljhua/ROBOCON2026/lidar_test/rc2026/install/fast_lio/include/fast_lio/fast_lio/msg/rosidl_generator_cpp__visibility_control.hpp
[51.246s] -- Symlinking: /home/ljhua/ROBOCON2026/lidar_test/rc2026/install/fast_lio/include/fast_lio/fast_lio/msg/detail/pose6_d__rosidl_typesupport_fastrtps_cpp.hpp
[51.255s] -- Symlinking: /home/ljhua/ROBOCON2026/lidar_test/rc2026/install/fast_lio/include/fast_lio/fast_lio/msg/rosidl_typesupport_fastrtps_cpp__visibility_control.h
[51.266s] -- Symlinking: /home/ljhua/ROBOCON2026/lidar_test/rc2026/install/fast_lio/include/fast_lio/fast_lio/msg/detail/pose6_d__rosidl_typesupport_introspection_c.h
[51.275s] -- Symlinking: /home/ljhua/ROBOCON2026/lidar_test/rc2026/install/fast_lio/include/fast_lio/fast_lio/msg/rosidl_typesupport_introspection_c__visibility_control.h
[51.286s] -- Symlinking: /home/ljhua/ROBOCON2026/lidar_test/rc2026/install/fast_lio/include/fast_lio/fast_lio/msg/detail/pose6_d__rosidl_typesupport_introspection_cpp.hpp
[51.297s] -- Symlinking: /home/ljhua/ROBOCON2026/lidar_test/rc2026/install/fast_lio/share/fast_lio/environment/pythonpath.sh
[51.307s] -- Symlinking: /home/ljhua/ROBOCON2026/lidar_test/rc2026/install/fast_lio/share/fast_lio/environment/pythonpath.dsv
[51.318s] -- Symlinking: /home/ljhua/ROBOCON2026/lidar_test/rc2026/install/fast_lio/local/lib/python3.10/dist-packages/fast_lio-0.0.0-py3.10.egg-info/PKG-INFO
[51.329s] -- Symlinking: /home/ljhua/ROBOCON2026/lidar_test/rc2026/install/fast_lio/local/lib/python3.10/dist-packages/fast_lio-0.0.0-py3.10.egg-info/SOURCES.txt
[51.339s] -- Symlinking: /home/ljhua/ROBOCON2026/lidar_test/rc2026/install/fast_lio/local/lib/python3.10/dist-packages/fast_lio-0.0.0-py3.10.egg-info/dependency_links.txt
[51.349s] -- Symlinking: /home/ljhua/ROBOCON2026/lidar_test/rc2026/install/fast_lio/local/lib/python3.10/dist-packages/fast_lio-0.0.0-py3.10.egg-info/top_level.txt
[51.359s] -- Symlinking: /home/ljhua/ROBOCON2026/lidar_test/rc2026/install/fast_lio/local/lib/python3.10/dist-packages/fast_lio/__init__.py
[51.368s] -- Symlinking: /home/ljhua/ROBOCON2026/lidar_test/rc2026/install/fast_lio/local/lib/python3.10/dist-packages/fast_lio/_fast_lio_s.ep.rosidl_typesupport_c.c
[51.378s] -- Symlinking: /home/ljhua/ROBOCON2026/lidar_test/rc2026/install/fast_lio/local/lib/python3.10/dist-packages/fast_lio/_fast_lio_s.ep.rosidl_typesupport_fastrtps_c.c
[51.388s] -- Symlinking: /home/ljhua/ROBOCON2026/lidar_test/rc2026/install/fast_lio/local/lib/python3.10/dist-packages/fast_lio/_fast_lio_s.ep.rosidl_typesupport_introspection_c.c
[51.398s] -- Symlinking: /home/ljhua/ROBOCON2026/lidar_test/rc2026/install/fast_lio/local/lib/python3.10/dist-packages/fast_lio/fast_lio_s__rosidl_typesupport_c.cpython-310-x86_64-linux-gnu.so
[51.409s] -- Symlinking: /home/ljhua/ROBOCON2026/lidar_test/rc2026/install/fast_lio/local/lib/python3.10/dist-packages/fast_lio/fast_lio_s__rosidl_typesupport_fastrtps_c.cpython-310-x86_64-linux-gnu.so
[51.419s] -- Symlinking: /home/ljhua/ROBOCON2026/lidar_test/rc2026/install/fast_lio/local/lib/python3.10/dist-packages/fast_lio/fast_lio_s__rosidl_typesupport_introspection_c.cpython-310-x86_64-linux-gnu.so
[51.429s] -- Symlinking: /home/ljhua/ROBOCON2026/lidar_test/rc2026/install/fast_lio/local/lib/python3.10/dist-packages/fast_lio/libfast_lio__rosidl_generator_py.so
[51.440s] -- Symlinking: /home/ljhua/ROBOCON2026/lidar_test/rc2026/install/fast_lio/local/lib/python3.10/dist-packages/fast_lio/msg/__init__.py
[51.452s] -- Symlinking: /home/ljhua/ROBOCON2026/lidar_test/rc2026/install/fast_lio/local/lib/python3.10/dist-packages/fast_lio/msg/_pose6_d.py
[51.462s] -- Symlinking: /home/ljhua/ROBOCON2026/lidar_test/rc2026/install/fast_lio/local/lib/python3.10/dist-packages/fast_lio/msg/_pose6_d_s.c
[51.474s] -- Up-to-date symlink: /home/ljhua/ROBOCON2026/lidar_test/rc2026/install/fast_lio/local/lib/python3.10/dist-packages/fast_lio/fast_lio_s__rosidl_typesupport_fastrtps_c.cpython-310-x86_64-linux-gnu.so
[51.474s] -- Up-to-date symlink: /home/ljhua/ROBOCON2026/lidar_test/rc2026/install/fast_lio/local/lib/python3.10/dist-packages/fast_lio/fast_lio_s__rosidl_typesupport_introspection_c.cpython-310-x86_64-linux-gnu.so
[51.474s] -- Up-to-date symlink: /home/ljhua/ROBOCON2026/lidar_test/rc2026/install/fast_lio/local/lib/python3.10/dist-packages/fast_lio/fast_lio_s__rosidl_typesupport_c.cpython-310-x86_64-linux-gnu.so
[51.474s] -- Symlinking: /home/ljhua/ROBOCON2026/lidar_test/rc2026/install/fast_lio/share/fast_lio/msg/Pose6D.idl
[51.484s] -- Symlinking: /home/ljhua/ROBOCON2026/lidar_test/rc2026/install/fast_lio/share/fast_lio/msg/Pose6D.msg
[51.494s] -- Symlinking: /home/ljhua/ROBOCON2026/lidar_test/rc2026/install/fast_lio/lib/fast_lio/fastlio_mapping
[51.505s] -- Symlinking: /home/ljhua/ROBOCON2026/lidar_test/rc2026/install/fast_lio/share/fast_lio/config/avia.yaml
[51.514s] -- Symlinking: /home/ljhua/ROBOCON2026/lidar_test/rc2026/install/fast_lio/share/fast_lio/config/horizon.yaml
[51.524s] -- Symlinking: /home/ljhua/ROBOCON2026/lidar_test/rc2026/install/fast_lio/share/fast_lio/config/mid360.yaml
[51.535s] -- Symlinking: /home/ljhua/ROBOCON2026/lidar_test/rc2026/install/fast_lio/share/fast_lio/config/ouster64.yaml
[51.545s] -- Symlinking: /home/ljhua/ROBOCON2026/lidar_test/rc2026/install/fast_lio/share/fast_lio/config/velodyne.yaml
[51.556s] -- Symlinking: /home/ljhua/ROBOCON2026/lidar_test/rc2026/install/fast_lio/share/fast_lio/launch/gdb_debug_example.launch
[51.567s] -- Symlinking: /home/ljhua/ROBOCON2026/lidar_test/rc2026/install/fast_lio/share/fast_lio/launch/mapping.launch.py
[51.576s] -- Symlinking: /home/ljhua/ROBOCON2026/lidar_test/rc2026/install/fast_lio/share/fast_lio/launch/mapping_avia.launch
[51.587s] -- Symlinking: /home/ljhua/ROBOCON2026/lidar_test/rc2026/install/fast_lio/share/fast_lio/launch/mapping_horizon.launch
[51.596s] -- Symlinking: /home/ljhua/ROBOCON2026/lidar_test/rc2026/install/fast_lio/share/fast_lio/launch/mapping_ouster64.launch
[51.607s] -- Symlinking: /home/ljhua/ROBOCON2026/lidar_test/rc2026/install/fast_lio/share/fast_lio/launch/mapping_velodyne.launch
[51.617s] -- Symlinking: /home/ljhua/ROBOCON2026/lidar_test/rc2026/install/fast_lio/share/fast_lio/rviz/fastlio.rviz
[51.628s] -- Symlinking: /home/ljhua/ROBOCON2026/lidar_test/rc2026/install/fast_lio/share/ament_index/resource_index/package_run_dependencies/fast_lio
[51.639s] -- Symlinking: /home/ljhua/ROBOCON2026/lidar_test/rc2026/install/fast_lio/share/ament_index/resource_index/parent_prefix_path/fast_lio
[51.649s] -- Symlinking: /home/ljhua/ROBOCON2026/lidar_test/rc2026/install/fast_lio/share/fast_lio/environment/ament_prefix_path.sh
[51.659s] -- Symlinking: /home/ljhua/ROBOCON2026/lidar_test/rc2026/install/fast_lio/share/fast_lio/environment/ament_prefix_path.dsv
[51.669s] -- Symlinking: /home/ljhua/ROBOCON2026/lidar_test/rc2026/install/fast_lio/share/fast_lio/environment/path.sh
[51.680s] -- Symlinking: /home/ljhua/ROBOCON2026/lidar_test/rc2026/install/fast_lio/share/fast_lio/environment/path.dsv
[51.691s] -- Symlinking: /home/ljhua/ROBOCON2026/lidar_test/rc2026/install/fast_lio/share/fast_lio/local_setup.bash
[51.703s] -- Symlinking: /home/ljhua/ROBOCON2026/lidar_test/rc2026/install/fast_lio/share/fast_lio/local_setup.sh
[51.711s] -- Symlinking: /home/ljhua/ROBOCON2026/lidar_test/rc2026/install/fast_lio/share/fast_lio/local_setup.zsh
[51.719s] -- Symlinking: /home/ljhua/ROBOCON2026/lidar_test/rc2026/install/fast_lio/share/fast_lio/local_setup.dsv
[51.726s] -- Symlinking: /home/ljhua/ROBOCON2026/lidar_test/rc2026/install/fast_lio/share/fast_lio/package.dsv
[51.736s] -- Symlinking: /home/ljhua/ROBOCON2026/lidar_test/rc2026/install/fast_lio/share/ament_index/resource_index/packages/fast_lio
[51.747s] -- Symlinking: /home/ljhua/ROBOCON2026/lidar_test/rc2026/install/fast_lio/share/fast_lio/cmake/rosidl_cmake-extras.cmake
[51.758s] -- Symlinking: /home/ljhua/ROBOCON2026/lidar_test/rc2026/install/fast_lio/share/fast_lio/cmake/ament_cmake_export_include_directories-extras.cmake
[51.768s] -- Symlinking: /home/ljhua/ROBOCON2026/lidar_test/rc2026/install/fast_lio/share/fast_lio/cmake/ament_cmake_export_libraries-extras.cmake
[51.779s] -- Symlinking: /home/ljhua/ROBOCON2026/lidar_test/rc2026/install/fast_lio/share/fast_lio/cmake/ament_cmake_export_targets-extras.cmake
[51.789s] -- Symlinking: /home/ljhua/ROBOCON2026/lidar_test/rc2026/install/fast_lio/share/fast_lio/cmake/rosidl_cmake_export_typesupport_targets-extras.cmake
[51.800s] -- Symlinking: /home/ljhua/ROBOCON2026/lidar_test/rc2026/install/fast_lio/share/fast_lio/cmake/ament_cmake_export_dependencies-extras.cmake
[51.811s] -- Symlinking: /home/ljhua/ROBOCON2026/lidar_test/rc2026/install/fast_lio/share/fast_lio/cmake/rosidl_cmake_export_typesupport_libraries-extras.cmake
[51.821s] -- Symlinking: /home/ljhua/ROBOCON2026/lidar_test/rc2026/install/fast_lio/share/fast_lio/cmake/fast_lioConfig.cmake
[51.831s] -- Symlinking: /home/ljhua/ROBOCON2026/lidar_test/rc2026/install/fast_lio/share/fast_lio/cmake/fast_lioConfig-version.cmake
[51.841s] -- Symlinking: /home/ljhua/ROBOCON2026/lidar_test/rc2026/install/fast_lio/share/fast_lio/package.xml
[51.850s] -- Installing: /home/ljhua/ROBOCON2026/lidar_test/rc2026/install/fast_lio/lib/libfast_lio__rosidl_generator_c.so
[51.851s] -- Set runtime path of "/home/ljhua/ROBOCON2026/lidar_test/rc2026/install/fast_lio/lib/libfast_lio__rosidl_generator_c.so" to ""
[51.851s] -- Installing: /home/ljhua/ROBOCON2026/lidar_test/rc2026/install/fast_lio/lib/libfast_lio__rosidl_typesupport_fastrtps_c.so
[51.851s] -- Set runtime path of "/home/ljhua/ROBOCON2026/lidar_test/rc2026/install/fast_lio/lib/libfast_lio__rosidl_typesupport_fastrtps_c.so" to ""
[51.851s] -- Installing: /home/ljhua/ROBOCON2026/lidar_test/rc2026/install/fast_lio/lib/libfast_lio__rosidl_typesupport_fastrtps_cpp.so
[51.851s] -- Set runtime path of "/home/ljhua/ROBOCON2026/lidar_test/rc2026/install/fast_lio/lib/libfast_lio__rosidl_typesupport_fastrtps_cpp.so" to ""
[51.851s] -- Installing: /home/ljhua/ROBOCON2026/lidar_test/rc2026/install/fast_lio/lib/libfast_lio__rosidl_typesupport_introspection_c.so
[51.852s] -- Set runtime path of "/home/ljhua/ROBOCON2026/lidar_test/rc2026/install/fast_lio/lib/libfast_lio__rosidl_typesupport_introspection_c.so" to ""
[51.852s] -- Installing: /home/ljhua/ROBOCON2026/lidar_test/rc2026/install/fast_lio/lib/libfast_lio__rosidl_typesupport_c.so
[51.852s] -- Set runtime path of "/home/ljhua/ROBOCON2026/lidar_test/rc2026/install/fast_lio/lib/libfast_lio__rosidl_typesupport_c.so" to ""
[51.852s] -- Installing: /home/ljhua/ROBOCON2026/lidar_test/rc2026/install/fast_lio/lib/libfast_lio__rosidl_typesupport_introspection_cpp.so
[51.852s] -- Set runtime path of "/home/ljhua/ROBOCON2026/lidar_test/rc2026/install/fast_lio/lib/libfast_lio__rosidl_typesupport_introspection_cpp.so" to ""
[51.852s] -- Installing: /home/ljhua/ROBOCON2026/lidar_test/rc2026/install/fast_lio/lib/libfast_lio__rosidl_typesupport_cpp.so
[51.852s] -- Set runtime path of "/home/ljhua/ROBOCON2026/lidar_test/rc2026/install/fast_lio/lib/libfast_lio__rosidl_typesupport_cpp.so" to ""
[51.879s] Listing '/home/ljhua/ROBOCON2026/lidar_test/rc2026/install/fast_lio/local/lib/python3.10/dist-packages/fast_lio'...
[51.879s] Compiling '/home/ljhua/ROBOCON2026/lidar_test/rc2026/install/fast_lio/local/lib/python3.10/dist-packages/fast_lio/__init__.py'...
[51.879s] Listing '/home/ljhua/ROBOCON2026/lidar_test/rc2026/install/fast_lio/local/lib/python3.10/dist-packages/fast_lio/msg'...
[51.879s] Compiling '/home/ljhua/ROBOCON2026/lidar_test/rc2026/install/fast_lio/local/lib/python3.10/dist-packages/fast_lio/msg/__init__.py'...
[51.880s] Compiling '/home/ljhua/ROBOCON2026/lidar_test/rc2026/install/fast_lio/local/lib/python3.10/dist-packages/fast_lio/msg/_pose6_d.py'...
[51.882s] -- Installing: /home/ljhua/ROBOCON2026/lidar_test/rc2026/install/fast_lio/lib/libfast_lio__rosidl_generator_py.so
[51.882s] -- Set runtime path of "/home/ljhua/ROBOCON2026/lidar_test/rc2026/install/fast_lio/lib/libfast_lio__rosidl_generator_py.so" to ""
[51.883s] -- Installing: /home/ljhua/ROBOCON2026/lidar_test/rc2026/install/fast_lio/share/fast_lio/cmake/export_fast_lio__rosidl_generator_cExport.cmake
[51.883s] -- Installing: /home/ljhua/ROBOCON2026/lidar_test/rc2026/install/fast_lio/share/fast_lio/cmake/export_fast_lio__rosidl_generator_cExport-release.cmake
[51.883s] -- Installing: /home/ljhua/ROBOCON2026/lidar_test/rc2026/install/fast_lio/share/fast_lio/cmake/export_fast_lio__rosidl_typesupport_fastrtps_cExport.cmake
[51.883s] -- Installing: /home/ljhua/ROBOCON2026/lidar_test/rc2026/install/fast_lio/share/fast_lio/cmake/export_fast_lio__rosidl_typesupport_fastrtps_cExport-release.cmake
[51.883s] -- Installing: /home/ljhua/ROBOCON2026/lidar_test/rc2026/install/fast_lio/share/fast_lio/cmake/export_fast_lio__rosidl_generator_cppExport.cmake
[51.883s] -- Installing: /home/ljhua/ROBOCON2026/lidar_test/rc2026/install/fast_lio/share/fast_lio/cmake/export_fast_lio__rosidl_typesupport_fastrtps_cppExport.cmake
[51.883s] -- Installing: /home/ljhua/ROBOCON2026/lidar_test/rc2026/install/fast_lio/share/fast_lio/cmake/export_fast_lio__rosidl_typesupport_fastrtps_cppExport-release.cmake
[51.883s] -- Installing: /home/ljhua/ROBOCON2026/lidar_test/rc2026/install/fast_lio/share/fast_lio/cmake/fast_lio__rosidl_typesupport_introspection_cExport.cmake
[51.883s] -- Installing: /home/ljhua/ROBOCON2026/lidar_test/rc2026/install/fast_lio/share/fast_lio/cmake/fast_lio__rosidl_typesupport_introspection_cExport-release.cmake
[51.883s] -- Installing: /home/ljhua/ROBOCON2026/lidar_test/rc2026/install/fast_lio/share/fast_lio/cmake/fast_lio__rosidl_typesupport_cExport.cmake
[51.883s] -- Installing: /home/ljhua/ROBOCON2026/lidar_test/rc2026/install/fast_lio/share/fast_lio/cmake/fast_lio__rosidl_typesupport_cExport-release.cmake
[51.883s] -- Installing: /home/ljhua/ROBOCON2026/lidar_test/rc2026/install/fast_lio/share/fast_lio/cmake/fast_lio__rosidl_typesupport_introspection_cppExport.cmake
[51.883s] -- Installing: /home/ljhua/ROBOCON2026/lidar_test/rc2026/install/fast_lio/share/fast_lio/cmake/fast_lio__rosidl_typesupport_introspection_cppExport-release.cmake
[51.883s] -- Installing: /home/ljhua/ROBOCON2026/lidar_test/rc2026/install/fast_lio/share/fast_lio/cmake/fast_lio__rosidl_typesupport_cppExport.cmake
[51.883s] -- Installing: /home/ljhua/ROBOCON2026/lidar_test/rc2026/install/fast_lio/share/fast_lio/cmake/fast_lio__rosidl_typesupport_cppExport-release.cmake
[51.883s] -- Installing: /home/ljhua/ROBOCON2026/lidar_test/rc2026/install/fast_lio/share/fast_lio/cmake/export_fast_lio__rosidl_generator_pyExport.cmake
[51.883s] -- Installing: /home/ljhua/ROBOCON2026/lidar_test/rc2026/install/fast_lio/share/fast_lio/cmake/export_fast_lio__rosidl_generator_pyExport-release.cmake
[51.885s] Invoked command in '/home/ljhua/ROBOCON2026/lidar_test/rc2026/build/fast_lio' returned '0': AMENT_PREFIX_PATH=/home/ljhua/ROBOCON2026/lidar_test/rc2026/install/livox_ros_driver2:${AMENT_PREFIX_PATH} CMAKE_PREFIX_PATH=/home/ljhua/ROBOCON2026/lidar_test/rc2026/install/livox_ros_driver2:/opt/ros/humble LD_LIBRARY_PATH=/home/ljhua/ROBOCON2026/lidar_test/rc2026/install/livox_ros_driver2/lib:${LD_LIBRARY_PATH} PYTHONPATH=/home/ljhua/ROBOCON2026/lidar_test/rc2026/install/livox_ros_driver2/local/lib/python3.10/dist-packages:${PYTHONPATH} /usr/bin/cmake --install /home/ljhua/ROBOCON2026/lidar_test/rc2026/build/fast_lio
