[0.000000] (-) TimerEvent: {}
[0.000093] (-) JobUnselected: {'identifier': 'fast_lio'}
[0.000208] (-) JobUnselected: {'identifier': 'icp_localization_ros2'}
[0.000220] (-) JobUnselected: {'identifier': 'imu_complementary_filter'}
[0.000234] (-) JobUnselected: {'identifier': 'linefit_ground_segmentation'}
[0.000244] (-) JobUnselected: {'identifier': 'linefit_ground_segmentation_ros'}
[0.000253] (-) JobUnselected: {'identifier': 'livox_ros_driver2'}
[0.000265] (-) JobUnselected: {'identifier': 'pointcloud_to_laserscan'}
[0.000275] (-) JobUnselected: {'identifier': 'rm_navigation'}
[0.000283] (-) JobUnselected: {'identifier': 'rplidar_ros'}
[0.000297] (rc_serial_driver) JobQueued: {'identifier': 'rc_serial_driver', 'dependencies': OrderedDict()}
[0.000477] (rc_serial_driver) JobStarted: {'identifier': 'rc_serial_driver'}
[0.008879] (rc_serial_driver) JobProgress: {'identifier': 'rc_serial_driver', 'progress': 'cmake'}
[0.009280] (rc_serial_driver) Command: {'cmd': ['/usr/bin/cmake', '/home/ljhua/ROBOCON2026/lidar_test/CSU-RM-Sentry/src/rc_serial_driver', '-DAMENT_CMAKE_SYMLINK_INSTALL=1', '-DCMAKE_INSTALL_PREFIX=/home/ljhua/ROBOCON2026/lidar_test/CSU-RM-Sentry/install/rc_serial_driver'], 'cwd': '/home/ljhua/ROBOCON2026/lidar_test/CSU-RM-Sentry/build/rc_serial_driver', 'env': OrderedDict([('LESSOPEN', '| /usr/bin/lesspipe %s'), ('VSCODE_CWD', '/home/ljhua/ROBOCON2026/lidar_test/CSU-RM-Sentry'), ('VSCODE_ESM_ENTRYPOINT', 'vs/workbench/api/node/extensionHostProcess'), ('LANGUAGE', 'zh_CN:zh'), ('USER', 'ljhua'), ('VSCODE_NLS_CONFIG', '{"userLocale":"zh-cn","osLocale":"zh-cn","resolvedLanguage":"zh-cn","defaultMessagesFile":"/usr/share/cursor/resources/app/out/nls.messages.json","languagePack":{"translationsConfigFile":"/home/ljhua/.config/Cursor/clp/3bfb7f1471a52e527cfc1587dd57c7c1.zh-cn/tcf.json","messagesFile":"/home/ljhua/.config/Cursor/clp/3bfb7f1471a52e527cfc1587dd57c7c1.zh-cn/dc8361355d709f306d5159635a677a571b277bc0/nls.messages.json","corruptMarkerFile":"/home/ljhua/.config/Cursor/clp/3bfb7f1471a52e527cfc1587dd57c7c1.zh-cn/corrupted.info"},"locale":"zh-cn","availableLanguages":{"*":"zh-cn"},"_languagePackId":"3bfb7f1471a52e527cfc1587dd57c7c1.zh-cn","_languagePackSupport":true,"_translationsConfigFile":"/home/ljhua/.config/Cursor/clp/3bfb7f1471a52e527cfc1587dd57c7c1.zh-cn/tcf.json","_cacheRoot":"/home/ljhua/.config/Cursor/clp/3bfb7f1471a52e527cfc1587dd57c7c1.zh-cn","_resolvedLanguagePackCoreLocation":"/home/ljhua/.config/Cursor/clp/3bfb7f1471a52e527cfc1587dd57c7c1.zh-cn/dc8361355d709f306d5159635a677a571b277bc0","_corruptedFile":"/home/ljhua/.config/Cursor/clp/3bfb7f1471a52e527cfc1587dd57c7c1.zh-cn/corrupted.info"}'), ('CI', '1'), ('VSCODE_HANDLES_UNCAUGHT_ERRORS', 'true'), ('XDG_SESSION_TYPE', 'wayland'), ('SHLVL', '2'), ('LD_LIBRARY_PATH', '/home/ljhua/ROBOCON2026/lidar_test/CSU-RM-Sentry/install/pointcloud_to_laserscan/lib:/home/ljhua/ROBOCON2026/lidar_test/CSU-RM-Sentry/install/fast_lio/lib:/home/ljhua/ROBOCON2026/lidar_test/CSU-RM-Sentry/install/livox_ros_driver2/lib:/home/ljhua/ROBOCON2026/lidar_test/CSU-RM-Sentry/install/linefit_ground_segmentation/lib:/home/ljhua/ROBOCON2026/lidar_test/CSU-RM-Sentry/install/imu_complementary_filter/lib:/opt/ros/humble/opt/rviz_ogre_vendor/lib:/opt/ros/humble/lib/x86_64-linux-gnu:/opt/ros/humble/lib'), ('HOME', '/home/ljhua'), ('CHROME_DESKTOP', 'cursor.desktop'), ('OLDPWD', '/home/ljhua/ROBOCON2026/lidar_test/CSU-RM-Sentry'), ('DESKTOP_SESSION', 'ubuntu'), ('VSCODE_IPC_HOOK', '/run/user/1000/vscode-a5402819-2.4.-main.sock'), ('ROS_PYTHON_VERSION', '3'), ('GNOME_SHELL_SESSION_MODE', 'ubuntu'), ('GTK_MODULES', 'gail:atk-bridge'), ('DBUS_STARTER_BUS_TYPE', 'session'), ('SYSTEMD_EXEC_PID', '1586'), ('IM_CONFIG_CHECK_ENV', '1'), ('NO_COLOR', '1'), ('DBUS_SESSION_BUS_ADDRESS', 'unix:path=/run/user/1000/bus,guid=20c4a38c53bfafd6c73dc57b6976153f'), ('COLORTERM', 'truecolor'), ('VSCODE_CRASH_REPORTER_PROCESS_TYPE', 'extensionHost'), ('IM_CONFIG_PHASE', '1'), ('WAYLAND_DISPLAY', 'wayland-0'), ('VSCODE_L10N_BUNDLE_LOCATION', 'file:///home/ljhua/.cursor/extensions/ms-ceintl.vscode-language-pack-zh-hans-1.105.0-universal/translations/extensions/vscode.markdown-language-features.i18n.json'), ('COLCON_PREFIX_PATH', '/home/ljhua/ROBOCON2026/lidar_test/CSU-RM-Sentry/install'), ('ROS_DISTRO', 'humble'), ('LOGNAME', 'ljhua'), ('FORCE_COLOR', '0'), ('_', '/usr/bin/colcon'), ('ROS_VERSION', '2'), ('PKG_CONFIG_PATH', ':/usr/local/lib/pkgconfig:/usr/local/lib/pkgconfig'), ('XDG_SESSION_CLASS', 'user'), ('USERNAME', 'ljhua'), ('TERM', 'dumb'), ('EVERYSPHERE_RIPGREP_PATH', '/usr/share/cursor/resources/app/node_modules/@vscode/ripgrep/bin/rg'), ('GNOME_DESKTOP_SESSION_ID', 'this-is-deprecated'), ('FC_FONTATIONS', '1'), ('ROS_LOCALHOST_ONLY', '0'), ('PATH', '/home/ljhua/.local/bin:/home/ljhua/anaconda3/bin:/opt/ros/humble/bin:/home/ljhua/.local/bin:/home/ljhua/anaconda3/bin:/usr/local/sbin:/usr/local/bin:/usr/sbin:/usr/bin:/sbin:/bin:/usr/games:/usr/local/games:/snap/bin:/snap/bin'), ('SESSION_MANAGER', 'local/ljhua-ASUS-TUF-Gaming-F15-FX507VV-FX507VV:@/tmp/.ICE-unix/1586,unix/ljhua-ASUS-TUF-Gaming-F15-FX507VV-FX507VV:/tmp/.ICE-unix/1586'), ('XDG_MENU_PREFIX', 'gnome-'), ('VSCODE_PROCESS_TITLE', 'extension-host  [1-1]'), ('GNOME_TERMINAL_SCREEN', '/org/gnome/Terminal/screen/a243a385_e559_482e_96c3_ea4058bc2752'), ('GNOME_SETUP_DISPLAY', ':1'), ('XDG_RUNTIME_DIR', '/run/user/1000'), ('GDK_BACKEND', 'wayland'), ('CURSOR_AGENT', '1'), ('DISPLAY', ':0'), ('LANG', 'zh_CN.UTF-8'), ('XDG_CURRENT_DESKTOP', 'ubuntu:GNOME'), ('XMODIFIERS', '@im=ibus'), ('XDG_SESSION_DESKTOP', 'ubuntu'), ('XAUTHORITY', '/run/user/1000/.mutter-Xwaylandauth.JBIZJ3'), ('LS_COLORS', ''), ('GNOME_TERMINAL_SERVICE', ':1.103'), ('CURSOR_TRACE_ID', 'a405cf5bec924e049958dbdba875da33'), ('SSH_AGENT_LAUNCHER', 'gnome-keyring'), ('SSH_AUTH_SOCK', '/run/user/1000/keyring/ssh'), ('AMENT_PREFIX_PATH', '/home/ljhua/ROBOCON2026/lidar_test/CSU-RM-Sentry/install/rplidar_ros:/home/ljhua/ROBOCON2026/lidar_test/CSU-RM-Sentry/install/rm_serial_driver:/home/ljhua/ROBOCON2026/lidar_test/CSU-RM-Sentry/install/rm_navigation:/home/ljhua/ROBOCON2026/lidar_test/CSU-RM-Sentry/install/pointcloud_to_laserscan:/home/ljhua/ROBOCON2026/lidar_test/CSU-RM-Sentry/install/fast_lio:/home/ljhua/ROBOCON2026/lidar_test/CSU-RM-Sentry/install/livox_ros_driver2:/home/ljhua/ROBOCON2026/lidar_test/CSU-RM-Sentry/install/linefit_ground_segmentation_ros:/home/ljhua/ROBOCON2026/lidar_test/CSU-RM-Sentry/install/linefit_ground_segmentation:/home/ljhua/ROBOCON2026/lidar_test/CSU-RM-Sentry/install/imu_complementary_filter:/home/ljhua/ROBOCON2026/lidar_test/CSU-RM-Sentry/install/icp_localization_ros2:/opt/ros/humble'), ('CURSOR_CLI_MODE', 'local'), ('SHELL', '/bin/bash'), ('CURSOR_SANDBOX', 'native'), ('QT_ACCESSIBILITY', '1'), ('ELECTRON_RUN_AS_NODE', '1'), ('CURSOR_CLI', 'ELECTRON_RUN_AS_NODE=1 "/usr/share/cursor/bin/../cursor" "/usr/share/cursor/bin/../resources/app/out/cli.js"'), ('GDMSESSION', 'ubuntu'), ('LESSCLOSE', '/usr/bin/lesspipe %s %s'), ('QT_IM_MODULE', 'ibus'), ('PWD', '/home/ljhua/ROBOCON2026/lidar_test/CSU-RM-Sentry/build/rc_serial_driver'), ('VSCODE_CLI', '1'), ('XDG_CONFIG_DIRS', '/etc/xdg/xdg-ubuntu:/etc/xdg'), ('VSCODE_CODE_CACHE_PATH', '/home/ljhua/.config/Cursor/CachedData/dc8361355d709f306d5159635a677a571b277bc0'), ('DBUS_STARTER_ADDRESS', 'unix:path=/run/user/1000/bus,guid=20c4a38c53bfafd6c73dc57b6976153f'), ('XDG_DATA_DIRS', '/usr/share/ubuntu:/usr/local/share/:/usr/share/:/var/lib/snapd/desktop'), ('PYTHONPATH', '/home/ljhua/ROBOCON2026/lidar_test/CSU-RM-Sentry/install/fast_lio/local/lib/python3.10/dist-packages:/home/ljhua/ROBOCON2026/lidar_test/CSU-RM-Sentry/install/livox_ros_driver2/local/lib/python3.10/dist-packages:/opt/ros/humble/lib/python3.10/site-packages:/opt/ros/humble/local/lib/python3.10/dist-packages'), ('COLCON', '1'), ('_ZO_DOCTOR', '0'), ('VTE_VERSION', '6800'), ('CURSOR_SANDBOX_LANDLOCK_STATUS', 'fully_enforced'), ('ELECTRON_NO_ATTACH_CONSOLE', '1'), ('CMAKE_PREFIX_PATH', '/home/ljhua/ROBOCON2026/lidar_test/CSU-RM-Sentry/install/rplidar_ros:/home/ljhua/ROBOCON2026/lidar_test/CSU-RM-Sentry/install/rm_serial_driver:/home/ljhua/ROBOCON2026/lidar_test/CSU-RM-Sentry/install/rm_navigation:/home/ljhua/ROBOCON2026/lidar_test/CSU-RM-Sentry/install/pointcloud_to_laserscan:/home/ljhua/ROBOCON2026/lidar_test/CSU-RM-Sentry/install/fast_lio:/home/ljhua/ROBOCON2026/lidar_test/CSU-RM-Sentry/install/livox_ros_driver2:/home/ljhua/ROBOCON2026/lidar_test/CSU-RM-Sentry/install/linefit_ground_segmentation_ros:/home/ljhua/ROBOCON2026/lidar_test/CSU-RM-Sentry/install/linefit_ground_segmentation:/home/ljhua/ROBOCON2026/lidar_test/CSU-RM-Sentry/install/imu_complementary_filter:/home/ljhua/ROBOCON2026/lidar_test/CSU-RM-Sentry/install/icp_localization_ros2:/opt/ros/humble'), ('VSCODE_PID', '2743')]), 'shell': False}
[0.053959] (rc_serial_driver) StdoutLine: {'line': b'-- The C compiler identification is GNU 11.4.0\n'}
[0.099823] (-) TimerEvent: {}
[0.102971] (rc_serial_driver) StdoutLine: {'line': b'-- The CXX compiler identification is GNU 11.4.0\n'}
[0.109966] (rc_serial_driver) StdoutLine: {'line': b'-- Detecting C compiler ABI info\n'}
[0.175408] (rc_serial_driver) StdoutLine: {'line': b'-- Detecting C compiler ABI info - done\n'}
[0.181902] (rc_serial_driver) StdoutLine: {'line': b'-- Check for working C compiler: /usr/bin/cc - skipped\n'}
[0.182089] (rc_serial_driver) StdoutLine: {'line': b'-- Detecting C compile features\n'}
[0.182359] (rc_serial_driver) StdoutLine: {'line': b'-- Detecting C compile features - done\n'}
[0.184608] (rc_serial_driver) StdoutLine: {'line': b'-- Detecting CXX compiler ABI info\n'}
[0.199923] (-) TimerEvent: {}
[0.253729] (rc_serial_driver) StdoutLine: {'line': b'-- Detecting CXX compiler ABI info - done\n'}
[0.259140] (rc_serial_driver) StdoutLine: {'line': b'-- Check for working CXX compiler: /usr/bin/c++ - skipped\n'}
[0.259357] (rc_serial_driver) StdoutLine: {'line': b'-- Detecting CXX compile features\n'}
[0.259614] (rc_serial_driver) StdoutLine: {'line': b'-- Detecting CXX compile features - done\n'}
[0.261847] (rc_serial_driver) StdoutLine: {'line': b'-- Found ament_cmake: 1.3.12 (/opt/ros/humble/share/ament_cmake/cmake)\n'}
[0.300010] (-) TimerEvent: {}
[0.400156] (-) TimerEvent: {}
[0.500295] (-) TimerEvent: {}
[0.600463] (-) TimerEvent: {}
[0.700624] (-) TimerEvent: {}
[0.800790] (-) TimerEvent: {}
[0.801702] (rc_serial_driver) StdoutLine: {'line': b'-- Found Python3: /usr/bin/python3 (found version "3.10.12") found components: Interpreter \n'}
[0.856784] (rc_serial_driver) StdoutLine: {'line': b'-- Override CMake install command with custom implementation using symlinks instead of copying resources\n'}
[0.900871] (-) TimerEvent: {}
[0.903021] (rc_serial_driver) StdoutLine: {'line': b'-- Found rclcpp: 16.0.14 (/opt/ros/humble/share/rclcpp/cmake)\n'}
[0.948161] (rc_serial_driver) StdoutLine: {'line': b'-- Found rosidl_generator_c: 3.1.7 (/opt/ros/humble/share/rosidl_generator_c/cmake)\n'}
[0.953128] (rc_serial_driver) StdoutLine: {'line': b'-- Found rosidl_adapter: 3.1.7 (/opt/ros/humble/share/rosidl_adapter/cmake)\n'}
[0.960433] (rc_serial_driver) StdoutLine: {'line': b'-- Found rosidl_generator_cpp: 3.1.7 (/opt/ros/humble/share/rosidl_generator_cpp/cmake)\n'}
[0.969938] (rc_serial_driver) StdoutLine: {'line': b'-- Using all available rosidl_typesupport_c: rosidl_typesupport_fastrtps_c;rosidl_typesupport_introspection_c\n'}
[0.983149] (rc_serial_driver) StdoutLine: {'line': b'-- Using all available rosidl_typesupport_cpp: rosidl_typesupport_fastrtps_cpp;rosidl_typesupport_introspection_cpp\n'}
[1.000958] (-) TimerEvent: {}
[1.032753] (rc_serial_driver) StdoutLine: {'line': b'-- Found rmw_implementation_cmake: 6.1.2 (/opt/ros/humble/share/rmw_implementation_cmake/cmake)\n'}
[1.037054] (rc_serial_driver) StdoutLine: {'line': b'-- Found rmw_fastrtps_cpp: 6.2.8 (/opt/ros/humble/share/rmw_fastrtps_cpp/cmake)\n'}
[1.101047] (-) TimerEvent: {}
[1.132028] (rc_serial_driver) StdoutLine: {'line': b'-- Found OpenSSL: /usr/lib/x86_64-linux-gnu/libcrypto.so (found version "3.0.2")  \n'}
[1.162303] (rc_serial_driver) StdoutLine: {'line': b'-- Found FastRTPS: /opt/ros/humble/include  \n'}
[1.201170] (rc_serial_driver) StdoutLine: {'line': b"-- Using RMW implementation 'rmw_fastrtps_cpp' as default\n"}
[1.201346] (-) TimerEvent: {}
[1.212616] (rc_serial_driver) StdoutLine: {'line': b'-- Looking for pthread.h\n'}
[1.270495] (rc_serial_driver) StdoutLine: {'line': b'-- Looking for pthread.h - found\n'}
[1.270996] (rc_serial_driver) StdoutLine: {'line': b'-- Performing Test CMAKE_HAVE_LIBC_PTHREAD\n'}
[1.301441] (-) TimerEvent: {}
[1.329338] (rc_serial_driver) StdoutLine: {'line': b'-- Performing Test CMAKE_HAVE_LIBC_PTHREAD - Success\n'}
[1.330646] (rc_serial_driver) StdoutLine: {'line': b'-- Found Threads: TRUE  \n'}
[1.381215] (rc_serial_driver) StdoutLine: {'line': b'-- Found geometry_msgs: 4.9.0 (/opt/ros/humble/share/geometry_msgs/cmake)\n'}
[1.397080] (rc_serial_driver) StdoutLine: {'line': b'-- Found nav_msgs: 4.9.0 (/opt/ros/humble/share/nav_msgs/cmake)\n'}
[1.401517] (-) TimerEvent: {}
[1.419390] (rc_serial_driver) StdoutLine: {'line': b'-- Found ament_lint_auto: 0.12.14 (/opt/ros/humble/share/ament_lint_auto/cmake)\n'}
[1.501623] (-) TimerEvent: {}
[1.502525] (rc_serial_driver) StdoutLine: {'line': b"-- Added test 'copyright' to check source files copyright and LICENSE\n"}
[1.504365] (rc_serial_driver) StdoutLine: {'line': b"-- Added test 'cppcheck' to perform static code analysis on C / C++ code\n"}
[1.504724] (rc_serial_driver) StdoutLine: {'line': b'-- Configured cppcheck include dirs: /home/ljhua/ROBOCON2026/lidar_test/CSU-RM-Sentry/src/rc_serial_driver/include\n'}
[1.504813] (rc_serial_driver) StdoutLine: {'line': b'-- Configured cppcheck exclude dirs and/or files: \n'}
[1.506483] (rc_serial_driver) StdoutLine: {'line': b"-- Added test 'cpplint' to check C / C++ code against the Google style\n"}
[1.506538] (rc_serial_driver) StdoutLine: {'line': b'-- Configured cpplint exclude dirs and/or files: \n'}
[1.507356] (rc_serial_driver) StdoutLine: {'line': b"-- Added test 'flake8' to check Python code syntax and style conventions\n"}
[1.508350] (rc_serial_driver) StdoutLine: {'line': b"-- Added test 'lint_cmake' to check CMake code style\n"}
[1.509207] (rc_serial_driver) StdoutLine: {'line': b"-- Added test 'pep257' to check Python code against some of the docstring style conventions in PEP 257\n"}
[1.510874] (rc_serial_driver) StdoutLine: {'line': b"-- Added test 'uncrustify' to check C / C++ code style\n"}
[1.510984] (rc_serial_driver) StdoutLine: {'line': b'-- Configured uncrustify additional arguments: \n'}
[1.511694] (rc_serial_driver) StdoutLine: {'line': b"-- Added test 'xmllint' to check XML markup files\n"}
[1.513940] (rc_serial_driver) StdoutLine: {'line': b'-- Configuring done\n'}
[1.527770] (rc_serial_driver) StdoutLine: {'line': b'-- Generating done\n'}
[1.531740] (rc_serial_driver) StdoutLine: {'line': b'-- Build files have been written to: /home/ljhua/ROBOCON2026/lidar_test/CSU-RM-Sentry/build/rc_serial_driver\n'}
[1.540918] (rc_serial_driver) CommandEnded: {'returncode': 0}
[1.541623] (rc_serial_driver) JobProgress: {'identifier': 'rc_serial_driver', 'progress': 'build'}
[1.542612] (rc_serial_driver) Command: {'cmd': ['/usr/bin/cmake', '--build', '/home/ljhua/ROBOCON2026/lidar_test/CSU-RM-Sentry/build/rc_serial_driver', '--', '-j20', '-l20'], 'cwd': '/home/ljhua/ROBOCON2026/lidar_test/CSU-RM-Sentry/build/rc_serial_driver', 'env': OrderedDict([('LESSOPEN', '| /usr/bin/lesspipe %s'), ('VSCODE_CWD', '/home/ljhua/ROBOCON2026/lidar_test/CSU-RM-Sentry'), ('VSCODE_ESM_ENTRYPOINT', 'vs/workbench/api/node/extensionHostProcess'), ('LANGUAGE', 'zh_CN:zh'), ('USER', 'ljhua'), ('VSCODE_NLS_CONFIG', '{"userLocale":"zh-cn","osLocale":"zh-cn","resolvedLanguage":"zh-cn","defaultMessagesFile":"/usr/share/cursor/resources/app/out/nls.messages.json","languagePack":{"translationsConfigFile":"/home/ljhua/.config/Cursor/clp/3bfb7f1471a52e527cfc1587dd57c7c1.zh-cn/tcf.json","messagesFile":"/home/ljhua/.config/Cursor/clp/3bfb7f1471a52e527cfc1587dd57c7c1.zh-cn/dc8361355d709f306d5159635a677a571b277bc0/nls.messages.json","corruptMarkerFile":"/home/ljhua/.config/Cursor/clp/3bfb7f1471a52e527cfc1587dd57c7c1.zh-cn/corrupted.info"},"locale":"zh-cn","availableLanguages":{"*":"zh-cn"},"_languagePackId":"3bfb7f1471a52e527cfc1587dd57c7c1.zh-cn","_languagePackSupport":true,"_translationsConfigFile":"/home/ljhua/.config/Cursor/clp/3bfb7f1471a52e527cfc1587dd57c7c1.zh-cn/tcf.json","_cacheRoot":"/home/ljhua/.config/Cursor/clp/3bfb7f1471a52e527cfc1587dd57c7c1.zh-cn","_resolvedLanguagePackCoreLocation":"/home/ljhua/.config/Cursor/clp/3bfb7f1471a52e527cfc1587dd57c7c1.zh-cn/dc8361355d709f306d5159635a677a571b277bc0","_corruptedFile":"/home/ljhua/.config/Cursor/clp/3bfb7f1471a52e527cfc1587dd57c7c1.zh-cn/corrupted.info"}'), ('CI', '1'), ('VSCODE_HANDLES_UNCAUGHT_ERRORS', 'true'), ('XDG_SESSION_TYPE', 'wayland'), ('SHLVL', '2'), ('LD_LIBRARY_PATH', '/home/ljhua/ROBOCON2026/lidar_test/CSU-RM-Sentry/install/pointcloud_to_laserscan/lib:/home/ljhua/ROBOCON2026/lidar_test/CSU-RM-Sentry/install/fast_lio/lib:/home/ljhua/ROBOCON2026/lidar_test/CSU-RM-Sentry/install/livox_ros_driver2/lib:/home/ljhua/ROBOCON2026/lidar_test/CSU-RM-Sentry/install/linefit_ground_segmentation/lib:/home/ljhua/ROBOCON2026/lidar_test/CSU-RM-Sentry/install/imu_complementary_filter/lib:/opt/ros/humble/opt/rviz_ogre_vendor/lib:/opt/ros/humble/lib/x86_64-linux-gnu:/opt/ros/humble/lib'), ('HOME', '/home/ljhua'), ('CHROME_DESKTOP', 'cursor.desktop'), ('OLDPWD', '/home/ljhua/ROBOCON2026/lidar_test/CSU-RM-Sentry'), ('DESKTOP_SESSION', 'ubuntu'), ('VSCODE_IPC_HOOK', '/run/user/1000/vscode-a5402819-2.4.-main.sock'), ('ROS_PYTHON_VERSION', '3'), ('GNOME_SHELL_SESSION_MODE', 'ubuntu'), ('GTK_MODULES', 'gail:atk-bridge'), ('DBUS_STARTER_BUS_TYPE', 'session'), ('SYSTEMD_EXEC_PID', '1586'), ('IM_CONFIG_CHECK_ENV', '1'), ('NO_COLOR', '1'), ('DBUS_SESSION_BUS_ADDRESS', 'unix:path=/run/user/1000/bus,guid=20c4a38c53bfafd6c73dc57b6976153f'), ('COLORTERM', 'truecolor'), ('VSCODE_CRASH_REPORTER_PROCESS_TYPE', 'extensionHost'), ('IM_CONFIG_PHASE', '1'), ('WAYLAND_DISPLAY', 'wayland-0'), ('VSCODE_L10N_BUNDLE_LOCATION', 'file:///home/ljhua/.cursor/extensions/ms-ceintl.vscode-language-pack-zh-hans-1.105.0-universal/translations/extensions/vscode.markdown-language-features.i18n.json'), ('COLCON_PREFIX_PATH', '/home/ljhua/ROBOCON2026/lidar_test/CSU-RM-Sentry/install'), ('ROS_DISTRO', 'humble'), ('LOGNAME', 'ljhua'), ('FORCE_COLOR', '0'), ('_', '/usr/bin/colcon'), ('ROS_VERSION', '2'), ('PKG_CONFIG_PATH', ':/usr/local/lib/pkgconfig:/usr/local/lib/pkgconfig'), ('XDG_SESSION_CLASS', 'user'), ('USERNAME', 'ljhua'), ('TERM', 'dumb'), ('EVERYSPHERE_RIPGREP_PATH', '/usr/share/cursor/resources/app/node_modules/@vscode/ripgrep/bin/rg'), ('GNOME_DESKTOP_SESSION_ID', 'this-is-deprecated'), ('FC_FONTATIONS', '1'), ('ROS_LOCALHOST_ONLY', '0'), ('PATH', '/home/ljhua/.local/bin:/home/ljhua/anaconda3/bin:/opt/ros/humble/bin:/home/ljhua/.local/bin:/home/ljhua/anaconda3/bin:/usr/local/sbin:/usr/local/bin:/usr/sbin:/usr/bin:/sbin:/bin:/usr/games:/usr/local/games:/snap/bin:/snap/bin'), ('SESSION_MANAGER', 'local/ljhua-ASUS-TUF-Gaming-F15-FX507VV-FX507VV:@/tmp/.ICE-unix/1586,unix/ljhua-ASUS-TUF-Gaming-F15-FX507VV-FX507VV:/tmp/.ICE-unix/1586'), ('XDG_MENU_PREFIX', 'gnome-'), ('VSCODE_PROCESS_TITLE', 'extension-host  [1-1]'), ('GNOME_TERMINAL_SCREEN', '/org/gnome/Terminal/screen/a243a385_e559_482e_96c3_ea4058bc2752'), ('GNOME_SETUP_DISPLAY', ':1'), ('XDG_RUNTIME_DIR', '/run/user/1000'), ('GDK_BACKEND', 'wayland'), ('CURSOR_AGENT', '1'), ('DISPLAY', ':0'), ('LANG', 'zh_CN.UTF-8'), ('XDG_CURRENT_DESKTOP', 'ubuntu:GNOME'), ('XMODIFIERS', '@im=ibus'), ('XDG_SESSION_DESKTOP', 'ubuntu'), ('XAUTHORITY', '/run/user/1000/.mutter-Xwaylandauth.JBIZJ3'), ('LS_COLORS', ''), ('GNOME_TERMINAL_SERVICE', ':1.103'), ('CURSOR_TRACE_ID', 'a405cf5bec924e049958dbdba875da33'), ('SSH_AGENT_LAUNCHER', 'gnome-keyring'), ('SSH_AUTH_SOCK', '/run/user/1000/keyring/ssh'), ('AMENT_PREFIX_PATH', '/home/ljhua/ROBOCON2026/lidar_test/CSU-RM-Sentry/install/rplidar_ros:/home/ljhua/ROBOCON2026/lidar_test/CSU-RM-Sentry/install/rm_serial_driver:/home/ljhua/ROBOCON2026/lidar_test/CSU-RM-Sentry/install/rm_navigation:/home/ljhua/ROBOCON2026/lidar_test/CSU-RM-Sentry/install/pointcloud_to_laserscan:/home/ljhua/ROBOCON2026/lidar_test/CSU-RM-Sentry/install/fast_lio:/home/ljhua/ROBOCON2026/lidar_test/CSU-RM-Sentry/install/livox_ros_driver2:/home/ljhua/ROBOCON2026/lidar_test/CSU-RM-Sentry/install/linefit_ground_segmentation_ros:/home/ljhua/ROBOCON2026/lidar_test/CSU-RM-Sentry/install/linefit_ground_segmentation:/home/ljhua/ROBOCON2026/lidar_test/CSU-RM-Sentry/install/imu_complementary_filter:/home/ljhua/ROBOCON2026/lidar_test/CSU-RM-Sentry/install/icp_localization_ros2:/opt/ros/humble'), ('CURSOR_CLI_MODE', 'local'), ('SHELL', '/bin/bash'), ('CURSOR_SANDBOX', 'native'), ('QT_ACCESSIBILITY', '1'), ('ELECTRON_RUN_AS_NODE', '1'), ('CURSOR_CLI', 'ELECTRON_RUN_AS_NODE=1 "/usr/share/cursor/bin/../cursor" "/usr/share/cursor/bin/../resources/app/out/cli.js"'), ('GDMSESSION', 'ubuntu'), ('LESSCLOSE', '/usr/bin/lesspipe %s %s'), ('QT_IM_MODULE', 'ibus'), ('PWD', '/home/ljhua/ROBOCON2026/lidar_test/CSU-RM-Sentry/build/rc_serial_driver'), ('VSCODE_CLI', '1'), ('XDG_CONFIG_DIRS', '/etc/xdg/xdg-ubuntu:/etc/xdg'), ('VSCODE_CODE_CACHE_PATH', '/home/ljhua/.config/Cursor/CachedData/dc8361355d709f306d5159635a677a571b277bc0'), ('DBUS_STARTER_ADDRESS', 'unix:path=/run/user/1000/bus,guid=20c4a38c53bfafd6c73dc57b6976153f'), ('XDG_DATA_DIRS', '/usr/share/ubuntu:/usr/local/share/:/usr/share/:/var/lib/snapd/desktop'), ('PYTHONPATH', '/home/ljhua/ROBOCON2026/lidar_test/CSU-RM-Sentry/install/fast_lio/local/lib/python3.10/dist-packages:/home/ljhua/ROBOCON2026/lidar_test/CSU-RM-Sentry/install/livox_ros_driver2/local/lib/python3.10/dist-packages:/opt/ros/humble/lib/python3.10/site-packages:/opt/ros/humble/local/lib/python3.10/dist-packages'), ('COLCON', '1'), ('_ZO_DOCTOR', '0'), ('VTE_VERSION', '6800'), ('CURSOR_SANDBOX_LANDLOCK_STATUS', 'fully_enforced'), ('ELECTRON_NO_ATTACH_CONSOLE', '1'), ('CMAKE_PREFIX_PATH', '/home/ljhua/ROBOCON2026/lidar_test/CSU-RM-Sentry/install/rplidar_ros:/home/ljhua/ROBOCON2026/lidar_test/CSU-RM-Sentry/install/rm_serial_driver:/home/ljhua/ROBOCON2026/lidar_test/CSU-RM-Sentry/install/rm_navigation:/home/ljhua/ROBOCON2026/lidar_test/CSU-RM-Sentry/install/pointcloud_to_laserscan:/home/ljhua/ROBOCON2026/lidar_test/CSU-RM-Sentry/install/fast_lio:/home/ljhua/ROBOCON2026/lidar_test/CSU-RM-Sentry/install/livox_ros_driver2:/home/ljhua/ROBOCON2026/lidar_test/CSU-RM-Sentry/install/linefit_ground_segmentation_ros:/home/ljhua/ROBOCON2026/lidar_test/CSU-RM-Sentry/install/linefit_ground_segmentation:/home/ljhua/ROBOCON2026/lidar_test/CSU-RM-Sentry/install/imu_complementary_filter:/home/ljhua/ROBOCON2026/lidar_test/CSU-RM-Sentry/install/icp_localization_ros2:/opt/ros/humble'), ('VSCODE_PID', '2743')]), 'shell': False}
[1.591262] (rc_serial_driver) StdoutLine: {'line': b'[ 20%] Building CXX object CMakeFiles/serial_port.dir/src/protocol.cpp.o\n'}
[1.592548] (rc_serial_driver) StdoutLine: {'line': b'[ 40%] Building CXX object CMakeFiles/serial_port.dir/src/serial_port.cpp.o\n'}
[1.601735] (-) TimerEvent: {}
[1.701970] (-) TimerEvent: {}
[1.802167] (-) TimerEvent: {}
[1.823536] (rc_serial_driver) StdoutLine: {'line': b'[ 60%] Linking CXX shared library libserial_port.so\n'}
[1.902103] (rc_serial_driver) StdoutLine: {'line': b'[ 60%] Built target serial_port\n'}
[1.902252] (-) TimerEvent: {}
[1.920747] (rc_serial_driver) StdoutLine: {'line': b'[ 80%] Building CXX object CMakeFiles/serial_driver_node.dir/src/serial_driver_node.cpp.o\n'}
[2.002354] (-) TimerEvent: {}
[2.102557] (-) TimerEvent: {}
[2.202734] (-) TimerEvent: {}
[2.302936] (-) TimerEvent: {}
[2.403103] (-) TimerEvent: {}
[2.503278] (-) TimerEvent: {}
[2.603452] (-) TimerEvent: {}
[2.703628] (-) TimerEvent: {}
[2.803831] (-) TimerEvent: {}
[2.904054] (-) TimerEvent: {}
[3.004254] (-) TimerEvent: {}
[3.104450] (-) TimerEvent: {}
[3.204697] (-) TimerEvent: {}
[3.304889] (-) TimerEvent: {}
[3.405077] (-) TimerEvent: {}
[3.505268] (-) TimerEvent: {}
[3.605509] (-) TimerEvent: {}
[3.705696] (-) TimerEvent: {}
[3.805851] (-) TimerEvent: {}
[3.906022] (-) TimerEvent: {}
[4.006210] (-) TimerEvent: {}
[4.106373] (-) TimerEvent: {}
[4.206533] (-) TimerEvent: {}
[4.306700] (-) TimerEvent: {}
[4.406875] (-) TimerEvent: {}
[4.507082] (-) TimerEvent: {}
[4.607290] (-) TimerEvent: {}
[4.707504] (-) TimerEvent: {}
[4.807703] (-) TimerEvent: {}
[4.907895] (-) TimerEvent: {}
[5.008090] (-) TimerEvent: {}
[5.108282] (-) TimerEvent: {}
[5.208469] (-) TimerEvent: {}
[5.308677] (-) TimerEvent: {}
[5.408856] (-) TimerEvent: {}
[5.509049] (-) TimerEvent: {}
[5.609212] (-) TimerEvent: {}
[5.709380] (-) TimerEvent: {}
[5.809556] (-) TimerEvent: {}
[5.909744] (-) TimerEvent: {}
[6.009890] (-) TimerEvent: {}
[6.110048] (-) TimerEvent: {}
[6.210242] (-) TimerEvent: {}
[6.310390] (-) TimerEvent: {}
[6.410544] (-) TimerEvent: {}
[6.510704] (-) TimerEvent: {}
[6.610863] (-) TimerEvent: {}
[6.711023] (-) TimerEvent: {}
[6.811176] (-) TimerEvent: {}
[6.911334] (-) TimerEvent: {}
[7.011502] (-) TimerEvent: {}
[7.111693] (-) TimerEvent: {}
[7.211858] (-) TimerEvent: {}
[7.312030] (-) TimerEvent: {}
[7.412195] (-) TimerEvent: {}
[7.512365] (-) TimerEvent: {}
[7.612542] (-) TimerEvent: {}
[7.712696] (-) TimerEvent: {}
[7.812843] (-) TimerEvent: {}
[7.912995] (-) TimerEvent: {}
[8.013148] (-) TimerEvent: {}
[8.113297] (-) TimerEvent: {}
[8.213435] (-) TimerEvent: {}
[8.313637] (-) TimerEvent: {}
[8.413814] (-) TimerEvent: {}
[8.462399] (rc_serial_driver) StdoutLine: {'line': b'[100%] Linking CXX executable serial_driver_node\n'}
[8.513911] (-) TimerEvent: {}
[8.614099] (-) TimerEvent: {}
[8.714300] (-) TimerEvent: {}
[8.776386] (rc_serial_driver) StdoutLine: {'line': b'[100%] Built target serial_driver_node\n'}
[8.787880] (rc_serial_driver) CommandEnded: {'returncode': 0}
[8.788546] (rc_serial_driver) JobProgress: {'identifier': 'rc_serial_driver', 'progress': 'install'}
[8.798640] (rc_serial_driver) Command: {'cmd': ['/usr/bin/cmake', '--install', '/home/ljhua/ROBOCON2026/lidar_test/CSU-RM-Sentry/build/rc_serial_driver'], 'cwd': '/home/ljhua/ROBOCON2026/lidar_test/CSU-RM-Sentry/build/rc_serial_driver', 'env': OrderedDict([('LESSOPEN', '| /usr/bin/lesspipe %s'), ('VSCODE_CWD', '/home/ljhua/ROBOCON2026/lidar_test/CSU-RM-Sentry'), ('VSCODE_ESM_ENTRYPOINT', 'vs/workbench/api/node/extensionHostProcess'), ('LANGUAGE', 'zh_CN:zh'), ('USER', 'ljhua'), ('VSCODE_NLS_CONFIG', '{"userLocale":"zh-cn","osLocale":"zh-cn","resolvedLanguage":"zh-cn","defaultMessagesFile":"/usr/share/cursor/resources/app/out/nls.messages.json","languagePack":{"translationsConfigFile":"/home/ljhua/.config/Cursor/clp/3bfb7f1471a52e527cfc1587dd57c7c1.zh-cn/tcf.json","messagesFile":"/home/ljhua/.config/Cursor/clp/3bfb7f1471a52e527cfc1587dd57c7c1.zh-cn/dc8361355d709f306d5159635a677a571b277bc0/nls.messages.json","corruptMarkerFile":"/home/ljhua/.config/Cursor/clp/3bfb7f1471a52e527cfc1587dd57c7c1.zh-cn/corrupted.info"},"locale":"zh-cn","availableLanguages":{"*":"zh-cn"},"_languagePackId":"3bfb7f1471a52e527cfc1587dd57c7c1.zh-cn","_languagePackSupport":true,"_translationsConfigFile":"/home/ljhua/.config/Cursor/clp/3bfb7f1471a52e527cfc1587dd57c7c1.zh-cn/tcf.json","_cacheRoot":"/home/ljhua/.config/Cursor/clp/3bfb7f1471a52e527cfc1587dd57c7c1.zh-cn","_resolvedLanguagePackCoreLocation":"/home/ljhua/.config/Cursor/clp/3bfb7f1471a52e527cfc1587dd57c7c1.zh-cn/dc8361355d709f306d5159635a677a571b277bc0","_corruptedFile":"/home/ljhua/.config/Cursor/clp/3bfb7f1471a52e527cfc1587dd57c7c1.zh-cn/corrupted.info"}'), ('CI', '1'), ('VSCODE_HANDLES_UNCAUGHT_ERRORS', 'true'), ('XDG_SESSION_TYPE', 'wayland'), ('SHLVL', '2'), ('LD_LIBRARY_PATH', '/home/ljhua/ROBOCON2026/lidar_test/CSU-RM-Sentry/install/pointcloud_to_laserscan/lib:/home/ljhua/ROBOCON2026/lidar_test/CSU-RM-Sentry/install/fast_lio/lib:/home/ljhua/ROBOCON2026/lidar_test/CSU-RM-Sentry/install/livox_ros_driver2/lib:/home/ljhua/ROBOCON2026/lidar_test/CSU-RM-Sentry/install/linefit_ground_segmentation/lib:/home/ljhua/ROBOCON2026/lidar_test/CSU-RM-Sentry/install/imu_complementary_filter/lib:/opt/ros/humble/opt/rviz_ogre_vendor/lib:/opt/ros/humble/lib/x86_64-linux-gnu:/opt/ros/humble/lib'), ('HOME', '/home/ljhua'), ('CHROME_DESKTOP', 'cursor.desktop'), ('OLDPWD', '/home/ljhua/ROBOCON2026/lidar_test/CSU-RM-Sentry'), ('DESKTOP_SESSION', 'ubuntu'), ('VSCODE_IPC_HOOK', '/run/user/1000/vscode-a5402819-2.4.-main.sock'), ('ROS_PYTHON_VERSION', '3'), ('GNOME_SHELL_SESSION_MODE', 'ubuntu'), ('GTK_MODULES', 'gail:atk-bridge'), ('DBUS_STARTER_BUS_TYPE', 'session'), ('SYSTEMD_EXEC_PID', '1586'), ('IM_CONFIG_CHECK_ENV', '1'), ('NO_COLOR', '1'), ('DBUS_SESSION_BUS_ADDRESS', 'unix:path=/run/user/1000/bus,guid=20c4a38c53bfafd6c73dc57b6976153f'), ('COLORTERM', 'truecolor'), ('VSCODE_CRASH_REPORTER_PROCESS_TYPE', 'extensionHost'), ('IM_CONFIG_PHASE', '1'), ('WAYLAND_DISPLAY', 'wayland-0'), ('VSCODE_L10N_BUNDLE_LOCATION', 'file:///home/ljhua/.cursor/extensions/ms-ceintl.vscode-language-pack-zh-hans-1.105.0-universal/translations/extensions/vscode.markdown-language-features.i18n.json'), ('COLCON_PREFIX_PATH', '/home/ljhua/ROBOCON2026/lidar_test/CSU-RM-Sentry/install'), ('ROS_DISTRO', 'humble'), ('LOGNAME', 'ljhua'), ('FORCE_COLOR', '0'), ('_', '/usr/bin/colcon'), ('ROS_VERSION', '2'), ('PKG_CONFIG_PATH', ':/usr/local/lib/pkgconfig:/usr/local/lib/pkgconfig'), ('XDG_SESSION_CLASS', 'user'), ('USERNAME', 'ljhua'), ('TERM', 'dumb'), ('EVERYSPHERE_RIPGREP_PATH', '/usr/share/cursor/resources/app/node_modules/@vscode/ripgrep/bin/rg'), ('GNOME_DESKTOP_SESSION_ID', 'this-is-deprecated'), ('FC_FONTATIONS', '1'), ('ROS_LOCALHOST_ONLY', '0'), ('PATH', '/home/ljhua/.local/bin:/home/ljhua/anaconda3/bin:/opt/ros/humble/bin:/home/ljhua/.local/bin:/home/ljhua/anaconda3/bin:/usr/local/sbin:/usr/local/bin:/usr/sbin:/usr/bin:/sbin:/bin:/usr/games:/usr/local/games:/snap/bin:/snap/bin'), ('SESSION_MANAGER', 'local/ljhua-ASUS-TUF-Gaming-F15-FX507VV-FX507VV:@/tmp/.ICE-unix/1586,unix/ljhua-ASUS-TUF-Gaming-F15-FX507VV-FX507VV:/tmp/.ICE-unix/1586'), ('XDG_MENU_PREFIX', 'gnome-'), ('VSCODE_PROCESS_TITLE', 'extension-host  [1-1]'), ('GNOME_TERMINAL_SCREEN', '/org/gnome/Terminal/screen/a243a385_e559_482e_96c3_ea4058bc2752'), ('GNOME_SETUP_DISPLAY', ':1'), ('XDG_RUNTIME_DIR', '/run/user/1000'), ('GDK_BACKEND', 'wayland'), ('CURSOR_AGENT', '1'), ('DISPLAY', ':0'), ('LANG', 'zh_CN.UTF-8'), ('XDG_CURRENT_DESKTOP', 'ubuntu:GNOME'), ('XMODIFIERS', '@im=ibus'), ('XDG_SESSION_DESKTOP', 'ubuntu'), ('XAUTHORITY', '/run/user/1000/.mutter-Xwaylandauth.JBIZJ3'), ('LS_COLORS', ''), ('GNOME_TERMINAL_SERVICE', ':1.103'), ('CURSOR_TRACE_ID', 'a405cf5bec924e049958dbdba875da33'), ('SSH_AGENT_LAUNCHER', 'gnome-keyring'), ('SSH_AUTH_SOCK', '/run/user/1000/keyring/ssh'), ('AMENT_PREFIX_PATH', '/home/ljhua/ROBOCON2026/lidar_test/CSU-RM-Sentry/install/rplidar_ros:/home/ljhua/ROBOCON2026/lidar_test/CSU-RM-Sentry/install/rm_serial_driver:/home/ljhua/ROBOCON2026/lidar_test/CSU-RM-Sentry/install/rm_navigation:/home/ljhua/ROBOCON2026/lidar_test/CSU-RM-Sentry/install/pointcloud_to_laserscan:/home/ljhua/ROBOCON2026/lidar_test/CSU-RM-Sentry/install/fast_lio:/home/ljhua/ROBOCON2026/lidar_test/CSU-RM-Sentry/install/livox_ros_driver2:/home/ljhua/ROBOCON2026/lidar_test/CSU-RM-Sentry/install/linefit_ground_segmentation_ros:/home/ljhua/ROBOCON2026/lidar_test/CSU-RM-Sentry/install/linefit_ground_segmentation:/home/ljhua/ROBOCON2026/lidar_test/CSU-RM-Sentry/install/imu_complementary_filter:/home/ljhua/ROBOCON2026/lidar_test/CSU-RM-Sentry/install/icp_localization_ros2:/opt/ros/humble'), ('CURSOR_CLI_MODE', 'local'), ('SHELL', '/bin/bash'), ('CURSOR_SANDBOX', 'native'), ('QT_ACCESSIBILITY', '1'), ('ELECTRON_RUN_AS_NODE', '1'), ('CURSOR_CLI', 'ELECTRON_RUN_AS_NODE=1 "/usr/share/cursor/bin/../cursor" "/usr/share/cursor/bin/../resources/app/out/cli.js"'), ('GDMSESSION', 'ubuntu'), ('LESSCLOSE', '/usr/bin/lesspipe %s %s'), ('QT_IM_MODULE', 'ibus'), ('PWD', '/home/ljhua/ROBOCON2026/lidar_test/CSU-RM-Sentry/build/rc_serial_driver'), ('VSCODE_CLI', '1'), ('XDG_CONFIG_DIRS', '/etc/xdg/xdg-ubuntu:/etc/xdg'), ('VSCODE_CODE_CACHE_PATH', '/home/ljhua/.config/Cursor/CachedData/dc8361355d709f306d5159635a677a571b277bc0'), ('DBUS_STARTER_ADDRESS', 'unix:path=/run/user/1000/bus,guid=20c4a38c53bfafd6c73dc57b6976153f'), ('XDG_DATA_DIRS', '/usr/share/ubuntu:/usr/local/share/:/usr/share/:/var/lib/snapd/desktop'), ('PYTHONPATH', '/home/ljhua/ROBOCON2026/lidar_test/CSU-RM-Sentry/install/fast_lio/local/lib/python3.10/dist-packages:/home/ljhua/ROBOCON2026/lidar_test/CSU-RM-Sentry/install/livox_ros_driver2/local/lib/python3.10/dist-packages:/opt/ros/humble/lib/python3.10/site-packages:/opt/ros/humble/local/lib/python3.10/dist-packages'), ('COLCON', '1'), ('_ZO_DOCTOR', '0'), ('VTE_VERSION', '6800'), ('CURSOR_SANDBOX_LANDLOCK_STATUS', 'fully_enforced'), ('ELECTRON_NO_ATTACH_CONSOLE', '1'), ('CMAKE_PREFIX_PATH', '/home/ljhua/ROBOCON2026/lidar_test/CSU-RM-Sentry/install/rplidar_ros:/home/ljhua/ROBOCON2026/lidar_test/CSU-RM-Sentry/install/rm_serial_driver:/home/ljhua/ROBOCON2026/lidar_test/CSU-RM-Sentry/install/rm_navigation:/home/ljhua/ROBOCON2026/lidar_test/CSU-RM-Sentry/install/pointcloud_to_laserscan:/home/ljhua/ROBOCON2026/lidar_test/CSU-RM-Sentry/install/fast_lio:/home/ljhua/ROBOCON2026/lidar_test/CSU-RM-Sentry/install/livox_ros_driver2:/home/ljhua/ROBOCON2026/lidar_test/CSU-RM-Sentry/install/linefit_ground_segmentation_ros:/home/ljhua/ROBOCON2026/lidar_test/CSU-RM-Sentry/install/linefit_ground_segmentation:/home/ljhua/ROBOCON2026/lidar_test/CSU-RM-Sentry/install/imu_complementary_filter:/home/ljhua/ROBOCON2026/lidar_test/CSU-RM-Sentry/install/icp_localization_ros2:/opt/ros/humble'), ('VSCODE_PID', '2743')]), 'shell': False}
[8.805843] (rc_serial_driver) StdoutLine: {'line': b'-- Install configuration: ""\n'}
[8.806361] (rc_serial_driver) StdoutLine: {'line': b'-- Execute custom install script\n'}
[8.806594] (rc_serial_driver) StdoutLine: {'line': b'-- Symlinking: /home/ljhua/ROBOCON2026/lidar_test/CSU-RM-Sentry/install/rc_serial_driver/lib/rc_serial_driver/libserial_port.so\n'}
[8.814414] (-) TimerEvent: {}
[8.819585] (rc_serial_driver) StdoutLine: {'line': b'-- Symlinking: /home/ljhua/ROBOCON2026/lidar_test/CSU-RM-Sentry/install/rc_serial_driver/lib/rc_serial_driver/serial_driver_node\n'}
[8.827626] (rc_serial_driver) StdoutLine: {'line': b'-- Symlinking: /home/ljhua/ROBOCON2026/lidar_test/CSU-RM-Sentry/install/rc_serial_driver/share/rc_serial_driver//serial_driver.launch.py\n'}
[8.835980] (rc_serial_driver) StdoutLine: {'line': b'-- Symlinking: /home/ljhua/ROBOCON2026/lidar_test/CSU-RM-Sentry/install/rc_serial_driver/share/rc_serial_driver//serial_driver_params.yaml\n'}
[8.842169] (rc_serial_driver) StdoutLine: {'line': b'-- Symlinking: /home/ljhua/ROBOCON2026/lidar_test/CSU-RM-Sentry/install/rc_serial_driver/share/ament_index/resource_index/package_run_dependencies/rc_serial_driver\n'}
[8.849553] (rc_serial_driver) StdoutLine: {'line': b'-- Symlinking: /home/ljhua/ROBOCON2026/lidar_test/CSU-RM-Sentry/install/rc_serial_driver/share/ament_index/resource_index/parent_prefix_path/rc_serial_driver\n'}
[8.861836] (rc_serial_driver) StdoutLine: {'line': b'-- Symlinking: /home/ljhua/ROBOCON2026/lidar_test/CSU-RM-Sentry/install/rc_serial_driver/share/rc_serial_driver/environment/ament_prefix_path.sh\n'}
[8.870513] (rc_serial_driver) StdoutLine: {'line': b'-- Symlinking: /home/ljhua/ROBOCON2026/lidar_test/CSU-RM-Sentry/install/rc_serial_driver/share/rc_serial_driver/environment/ament_prefix_path.dsv\n'}
[8.878488] (rc_serial_driver) StdoutLine: {'line': b'-- Symlinking: /home/ljhua/ROBOCON2026/lidar_test/CSU-RM-Sentry/install/rc_serial_driver/share/rc_serial_driver/environment/path.sh\n'}
[8.887031] (rc_serial_driver) StdoutLine: {'line': b'-- Symlinking: /home/ljhua/ROBOCON2026/lidar_test/CSU-RM-Sentry/install/rc_serial_driver/share/rc_serial_driver/environment/path.dsv\n'}
[8.895015] (rc_serial_driver) StdoutLine: {'line': b'-- Symlinking: /home/ljhua/ROBOCON2026/lidar_test/CSU-RM-Sentry/install/rc_serial_driver/share/rc_serial_driver/local_setup.bash\n'}
[8.904323] (rc_serial_driver) StdoutLine: {'line': b'-- Symlinking: /home/ljhua/ROBOCON2026/lidar_test/CSU-RM-Sentry/install/rc_serial_driver/share/rc_serial_driver/local_setup.sh\n'}
[8.911619] (rc_serial_driver) StdoutLine: {'line': b'-- Symlinking: /home/ljhua/ROBOCON2026/lidar_test/CSU-RM-Sentry/install/rc_serial_driver/share/rc_serial_driver/local_setup.zsh\n'}
[8.914501] (-) TimerEvent: {}
[8.919109] (rc_serial_driver) StdoutLine: {'line': b'-- Symlinking: /home/ljhua/ROBOCON2026/lidar_test/CSU-RM-Sentry/install/rc_serial_driver/share/rc_serial_driver/local_setup.dsv\n'}
[8.927951] (rc_serial_driver) StdoutLine: {'line': b'-- Symlinking: /home/ljhua/ROBOCON2026/lidar_test/CSU-RM-Sentry/install/rc_serial_driver/share/rc_serial_driver/package.dsv\n'}
[8.933938] (rc_serial_driver) StdoutLine: {'line': b'-- Symlinking: /home/ljhua/ROBOCON2026/lidar_test/CSU-RM-Sentry/install/rc_serial_driver/share/ament_index/resource_index/packages/rc_serial_driver\n'}
[8.940540] (rc_serial_driver) StdoutLine: {'line': b'-- Symlinking: /home/ljhua/ROBOCON2026/lidar_test/CSU-RM-Sentry/install/rc_serial_driver/share/rc_serial_driver/cmake/rc_serial_driverConfig.cmake\n'}
[8.947511] (rc_serial_driver) StdoutLine: {'line': b'-- Symlinking: /home/ljhua/ROBOCON2026/lidar_test/CSU-RM-Sentry/install/rc_serial_driver/share/rc_serial_driver/cmake/rc_serial_driverConfig-version.cmake\n'}
[8.953467] (rc_serial_driver) StdoutLine: {'line': b'-- Symlinking: /home/ljhua/ROBOCON2026/lidar_test/CSU-RM-Sentry/install/rc_serial_driver/share/rc_serial_driver/package.xml\n'}
[8.963248] (rc_serial_driver) CommandEnded: {'returncode': 0}
[8.975631] (rc_serial_driver) JobEnded: {'identifier': 'rc_serial_driver', 'rc': 0}
[8.976070] (-) EventReactorShutdown: {}
