[0.020s] Invoking command in '/home/ljhua/ROBOCON2026/lidar_test/CSU-RM-Sentry/build/livox_ros_driver2': CMAKE_PREFIX_PATH=/opt/ros/humble /usr/bin/cmake /home/ljhua/ROBOCON2026/lidar_test/CSU-RM-Sentry/src/rm_sensors/livox_ros_driver2 -DAMENT_CMAKE_SYMLINK_INSTALL=1 -DCMAKE_INSTALL_PREFIX=/home/ljhua/ROBOCON2026/lidar_test/CSU-RM-Sentry/install/livox_ros_driver2
[0.090s] -- The C compiler identification is GNU 11.4.0
[0.150s] -- The CXX compiler identification is GNU 11.4.0
[0.158s] -- Detecting C compiler ABI info
[0.221s] -- Detecting C compiler ABI info - done
[0.228s] -- Check for working C compiler: /usr/bin/cc - skipped
[0.228s] -- Detecting C compile features
[0.228s] -- Detecting C compile features - done
[0.230s] -- Detecting CXX compiler ABI info
[0.292s] -- Detecting CXX compiler ABI info - done
[0.298s] -- Check for working CXX compiler: /usr/bin/c++ - skipped
[0.298s] -- Detecting CXX compile features
[0.298s] -- Detecting CXX compile features - done
[0.299s] -- livox_ros_driver2 version: 1.0.0
[0.300s] -- Found ament_cmake_auto: 1.3.12 (/opt/ros/humble/share/ament_cmake_auto/cmake)
[1.068s] -- Found Python3: /usr/bin/python3 (found version "3.10.12") found components: Interpreter 
[1.117s] -- Override CMake install command with custom implementation using symlinks instead of copying resources
[1.191s] -- Using all available rosidl_typesupport_c: rosidl_typesupport_fastrtps_c;rosidl_typesupport_introspection_c
[1.199s] -- Found rosidl_adapter: 3.1.7 (/opt/ros/humble/share/rosidl_adapter/cmake)
[1.234s] -- Using all available rosidl_typesupport_cpp: rosidl_typesupport_fastrtps_cpp;rosidl_typesupport_introspection_cpp
[1.308s] -- Found rmw_implementation_cmake: 6.1.2 (/opt/ros/humble/share/rmw_implementation_cmake/cmake)
[1.310s] -- Found rmw_fastrtps_cpp: 6.2.8 (/opt/ros/humble/share/rmw_fastrtps_cpp/cmake)
[1.378s] -- Found OpenSSL: /usr/lib/x86_64-linux-gnu/libcrypto.so (found version "3.0.2")  
[1.401s] -- Found FastRTPS: /opt/ros/humble/include  
[1.442s] -- Using RMW implementation 'rmw_fastrtps_cpp' as default
[1.450s] -- Looking for pthread.h
[1.507s] -- Looking for pthread.h - found
[1.508s] -- Performing Test CMAKE_HAVE_LIBC_PTHREAD
[1.566s] -- Performing Test CMAKE_HAVE_LIBC_PTHREAD - Success
[1.567s] -- Found Threads: TRUE  
[1.714s] -- Checking for module 'eigen3'
[1.731s] --   Found eigen3, version 3.4.0
[1.786s] -- Found Eigen: /usr/include/eigen3 (Required is at least version "3.1") 
[1.786s] -- Eigen found (include: /usr/include/eigen3, version: 3.4.0)
[1.837s] -- Checking for module 'flann'
[1.862s] --   Found flann, version 1.9.1
[1.961s] -- Found FLANN: /usr/lib/x86_64-linux-gnu/libflann_cpp.so  
[1.961s] -- FLANN found (include: /usr/include, lib: /usr/lib/x86_64-linux-gnu/libflann_cpp.so)
[3.395s] -- Checking for module 'libusb-1.0'
[3.408s] --   Found libusb-1.0, version 1.0.25
[3.448s] -- Found libusb: /usr/lib/x86_64-linux-gnu/libusb-1.0.so  
[3.449s] -- OpenNI found (version: 1.5.4.0, include: /usr/include/ni, lib: /usr/lib/libOpenNI.so;libusb::libusb)
[3.507s] -- OpenNI2 found (version: 2.2.0.33, include: /usr/include/openni2, lib: /usr/lib/x86_64-linux-gnu/libOpenNI2.so;libusb::libusb)
[3.698s] -- Eigen found (include: /usr/include/eigen3, version: 3.4.0)
[3.706s] -- OpenNI found (version: 1.5.4.0, include: /usr/include/ni, lib: /usr/lib/libOpenNI.so;libusb::libusb)
[3.716s] -- OpenNI2 found (version: 2.2.0.33, include: /usr/include/openni2, lib: /usr/lib/x86_64-linux-gnu/libOpenNI2.so;libusb::libusb)
[3.850s] -- Found Qhull version 8.0.2
[3.984s] -- OpenNI found (version: 1.5.4.0, include: /usr/include/ni, lib: /usr/lib/libOpenNI.so;libusb::libusb)
[4.126s] -- Found PCL_COMMON: /usr/lib/x86_64-linux-gnu/libpcl_common.so  
[4.127s] -- Found PCL_KDTREE: /usr/lib/x86_64-linux-gnu/libpcl_kdtree.so  
[4.128s] -- Found PCL_OCTREE: /usr/lib/x86_64-linux-gnu/libpcl_octree.so  
[4.129s] -- Found PCL_SEARCH: /usr/lib/x86_64-linux-gnu/libpcl_search.so  
[4.130s] -- Found PCL_SAMPLE_CONSENSUS: /usr/lib/x86_64-linux-gnu/libpcl_sample_consensus.so  
[4.131s] -- Found PCL_FILTERS: /usr/lib/x86_64-linux-gnu/libpcl_filters.so  
[4.131s] -- Found PCL_2D: /usr/include/pcl-1.12  
[4.134s] -- Found PCL_GEOMETRY: /usr/include/pcl-1.12  
[4.134s] -- Found PCL_IO: /usr/lib/x86_64-linux-gnu/libpcl_io.so  
[4.134s] -- Found PCL_FEATURES: /usr/lib/x86_64-linux-gnu/libpcl_features.so  
[4.135s] -- Found PCL_ML: /usr/lib/x86_64-linux-gnu/libpcl_ml.so  
[4.136s] -- Found PCL_SEGMENTATION: /usr/lib/x86_64-linux-gnu/libpcl_segmentation.so  
[4.137s] -- Found PCL_VISUALIZATION: /usr/lib/x86_64-linux-gnu/libpcl_visualization.so  
[4.138s] -- Found PCL_SURFACE: /usr/lib/x86_64-linux-gnu/libpcl_surface.so  
[4.139s] -- Found PCL_REGISTRATION: /usr/lib/x86_64-linux-gnu/libpcl_registration.so  
[4.139s] -- Found PCL_KEYPOINTS: /usr/lib/x86_64-linux-gnu/libpcl_keypoints.so  
[4.140s] -- Found PCL_TRACKING: /usr/lib/x86_64-linux-gnu/libpcl_tracking.so  
[4.141s] -- Found PCL_RECOGNITION: /usr/lib/x86_64-linux-gnu/libpcl_recognition.so  
[4.142s] -- Found PCL_STEREO: /usr/lib/x86_64-linux-gnu/libpcl_stereo.so  
[4.143s] -- Found PCL_APPS: /usr/lib/x86_64-linux-gnu/libpcl_apps.so  
[4.144s] -- Found PCL_IN_HAND_SCANNER: /usr/include/pcl-1.12  
[4.144s] -- Found PCL_MODELER: /usr/include/pcl-1.12  
[4.144s] -- Found PCL_POINT_CLOUD_EDITOR: /usr/include/pcl-1.12  
[4.145s] -- Found PCL_OUTOFCORE: /usr/lib/x86_64-linux-gnu/libpcl_outofcore.so  
[4.146s] -- Found PCL_PEOPLE: /usr/lib/x86_64-linux-gnu/libpcl_people.so  
[4.195s] -- Found PkgConfig: /usr/bin/pkg-config (found version "0.29.2") 
[4.196s] -- Checking for module 'apr-1'
[4.211s] --   Found apr-1, version 1.7.0
[4.243s] [0m/usr/include/apr-1.0[0m
[4.243s] [0mapr-1[0m
[4.641s] -- Found ament_cmake_ros: 0.10.0 (/opt/ros/humble/share/ament_cmake_ros/cmake)
[5.237s] -- Using all available rosidl_typesupport_c: rosidl_typesupport_fastrtps_c;rosidl_typesupport_introspection_c
[5.889s] -- Using all available rosidl_typesupport_cpp: rosidl_typesupport_fastrtps_cpp;rosidl_typesupport_introspection_cpp
[5.950s] -- Found PythonInterp: /usr/bin/python3 (found suitable version "3.10.12", minimum required is "3.6") 
[5.950s] -- Found python_cmake_module: 0.10.0 (/opt/ros/humble/share/python_cmake_module/cmake)
[6.008s] -- Found PythonLibs: /usr/lib/x86_64-linux-gnu/libpython3.10.so (found suitable version "3.10.12", minimum required is "3.5") 
[6.008s] -- Using PYTHON_EXECUTABLE: /usr/bin/python3
[6.008s] -- Using PYTHON_INCLUDE_DIRS: /usr/include/python3.10
[6.009s] -- Using PYTHON_LIBRARIES: /usr/lib/x86_64-linux-gnu/libpython3.10.so
[6.057s] -- Found PythonExtra: .so  
[6.188s] [0m/usr/local/lib/liblivox_lidar_sdk_shared.so[0m
[6.221s] -- Found ament_lint_auto: 0.12.14 (/opt/ros/humble/share/ament_lint_auto/cmake)
[6.284s] -- Added test 'copyright' to check source files copyright and LICENSE
[6.292s] -- Added test 'cppcheck' to perform static code analysis on C / C++ code
[6.296s] -- Configured cppcheck include dirs: /home/ljhua/ROBOCON2026/lidar_test/CSU-RM-Sentry/src/rm_sensors/livox_ros_driver2/3rdparty;/home/ljhua/ROBOCON2026/lidar_test/CSU-RM-Sentry/src/rm_sensors/livox_ros_driver2/src
[6.296s] -- Configured cppcheck exclude dirs and/or files: 
[6.300s] -- Added test 'cpplint' to check C / C++ code against the Google style
[6.300s] -- Configured cpplint exclude dirs and/or files: 
[6.304s] -- Added test 'flake8' to check Python code syntax and style conventions
[6.309s] -- Added test 'lint_cmake' to check CMake code style
[6.310s] -- Added test 'pep257' to check Python code against some of the docstring style conventions in PEP 257
[6.318s] -- Added test 'uncrustify' to check C / C++ code style
[6.318s] -- Configured uncrustify additional arguments: 
[6.319s] -- Added test 'xmllint' to check XML markup files
[6.335s] -- Configuring done
[6.533s] -- Generating done
[6.590s] -- Build files have been written to: /home/ljhua/ROBOCON2026/lidar_test/CSU-RM-Sentry/build/livox_ros_driver2
[6.622s] Invoked command in '/home/ljhua/ROBOCON2026/lidar_test/CSU-RM-Sentry/build/livox_ros_driver2' returned '0': CMAKE_PREFIX_PATH=/opt/ros/humble /usr/bin/cmake /home/ljhua/ROBOCON2026/lidar_test/CSU-RM-Sentry/src/rm_sensors/livox_ros_driver2 -DAMENT_CMAKE_SYMLINK_INSTALL=1 -DCMAKE_INSTALL_PREFIX=/home/ljhua/ROBOCON2026/lidar_test/CSU-RM-Sentry/install/livox_ros_driver2
[6.623s] Invoking command in '/home/ljhua/ROBOCON2026/lidar_test/CSU-RM-Sentry/build/livox_ros_driver2': CMAKE_PREFIX_PATH=/opt/ros/humble /usr/bin/cmake --build /home/ljhua/ROBOCON2026/lidar_test/CSU-RM-Sentry/build/livox_ros_driver2 -- -j20 -l20
[6.721s] [  1%] [34m[1mGenerating C code for ROS interfaces[0m
[6.733s] [  3%] [34m[1mGenerating C++ code for ROS interfaces[0m
[6.752s] [  5%] [32mBuilding CXX object CMakeFiles/livox_ros_driver2_node.dir/rclcpp_components/node_main_livox_ros_driver2_node.cpp.o[0m
[6.854s] [  5%] Built target ament_cmake_python_symlink_livox_ros_driver2
[7.567s] running egg_info
[7.568s] creating livox_ros_driver2.egg-info
[7.589s] writing livox_ros_driver2.egg-info/PKG-INFO
[7.590s] writing dependency_links to livox_ros_driver2.egg-info/dependency_links.txt
[7.591s] writing top-level names to livox_ros_driver2.egg-info/top_level.txt
[7.592s] writing manifest file 'livox_ros_driver2.egg-info/SOURCES.txt'
[7.660s] reading manifest file 'livox_ros_driver2.egg-info/SOURCES.txt'
[7.661s] writing manifest file 'livox_ros_driver2.egg-info/SOURCES.txt'
[7.735s] [  5%] Built target ament_cmake_python_build_livox_ros_driver2_egg
[7.902s] [  7%] [32mBuilding C object CMakeFiles/livox_interfaces2__rosidl_generator_c.dir/rosidl_generator_c/livox_ros_driver2/msg/detail/custom_point__functions.c.o[0m
[7.905s] [  8%] [32mBuilding C object CMakeFiles/livox_interfaces2__rosidl_generator_c.dir/rosidl_generator_c/livox_ros_driver2/msg/detail/custom_msg__functions.c.o[0m
[8.026s] [ 10%] [32m[1mLinking C shared library liblivox_ros_driver2__rosidl_generator_c.so[0m
[8.142s] [ 10%] Built target livox_interfaces2__rosidl_generator_c
[8.167s] [ 14%] [34m[1mGenerating C type support for eProsima Fast-RTPS[0m
[8.167s] [ 15%] [34m[1mGenerating C introspection for ROS interfaces[0m
[8.167s] [ 15%] [34m[1mGenerating C type support dispatch for ROS interfaces[0m
[8.231s] [ 15%] Built target livox_interfaces2__cpp
[8.252s] [ 17%] [34m[1mGenerating C++ type support dispatch for ROS interfaces[0m
[8.252s] [ 19%] [34m[1mGenerating C++ type support for eProsima Fast-RTPS[0m
[8.266s] [ 21%] [34m[1mGenerating C++ introspection for ROS interfaces[0m
[8.933s] [ 22%] [32mBuilding CXX object CMakeFiles/livox_interfaces2__rosidl_typesupport_c.dir/rosidl_typesupport_c/livox_ros_driver2/msg/custom_point__type_support.cpp.o[0m
[8.934s] [ 24%] [32mBuilding CXX object CMakeFiles/livox_interfaces2__rosidl_typesupport_c.dir/rosidl_typesupport_c/livox_ros_driver2/msg/custom_msg__type_support.cpp.o[0m
[9.014s] [ 26%] [32m[1mLinking CXX shared library liblivox_ros_driver2__rosidl_typesupport_c.so[0m
[9.102s] [ 26%] Built target livox_interfaces2__rosidl_typesupport_c
[9.132s] [ 28%] [32mBuilding CXX object CMakeFiles/livox_interfaces2__rosidl_typesupport_introspection_cpp.dir/rosidl_typesupport_introspection_cpp/livox_ros_driver2/msg/detail/custom_msg__type_support.cpp.o[0m
[9.135s] [ 29%] [32mBuilding CXX object CMakeFiles/livox_interfaces2__rosidl_typesupport_introspection_cpp.dir/rosidl_typesupport_introspection_cpp/livox_ros_driver2/msg/detail/custom_point__type_support.cpp.o[0m
[9.164s] [ 31%] [32mBuilding CXX object CMakeFiles/livox_interfaces2__rosidl_typesupport_fastrtps_c.dir/rosidl_typesupport_fastrtps_c/livox_ros_driver2/msg/detail/custom_point__type_support_c.cpp.o[0m
[9.192s] [ 33%] [32mBuilding CXX object CMakeFiles/livox_interfaces2__rosidl_typesupport_fastrtps_c.dir/rosidl_typesupport_fastrtps_c/livox_ros_driver2/msg/detail/custom_msg__type_support_c.cpp.o[0m
[9.389s] [ 35%] [32mBuilding CXX object CMakeFiles/livox_interfaces2__rosidl_typesupport_cpp.dir/rosidl_typesupport_cpp/livox_ros_driver2/msg/custom_point__type_support.cpp.o[0m
[9.392s] [ 36%] [32mBuilding CXX object CMakeFiles/livox_interfaces2__rosidl_typesupport_cpp.dir/rosidl_typesupport_cpp/livox_ros_driver2/msg/custom_msg__type_support.cpp.o[0m
[9.683s] [ 38%] [32mBuilding CXX object CMakeFiles/livox_interfaces2__rosidl_typesupport_fastrtps_cpp.dir/rosidl_typesupport_fastrtps_cpp/livox_ros_driver2/msg/detail/dds_fastrtps/custom_point__type_support.cpp.o[0m
[9.687s] [ 40%] [32mBuilding CXX object CMakeFiles/livox_interfaces2__rosidl_typesupport_fastrtps_cpp.dir/rosidl_typesupport_fastrtps_cpp/livox_ros_driver2/msg/detail/dds_fastrtps/custom_msg__type_support.cpp.o[0m
[9.843s] [ 42%] [32mBuilding C object CMakeFiles/livox_interfaces2__rosidl_typesupport_introspection_c.dir/rosidl_typesupport_introspection_c/livox_ros_driver2/msg/detail/custom_point__type_support.c.o[0m
[9.859s] [ 43%] [32mBuilding C object CMakeFiles/livox_interfaces2__rosidl_typesupport_introspection_c.dir/rosidl_typesupport_introspection_c/livox_ros_driver2/msg/detail/custom_msg__type_support.c.o[0m
[9.989s] [ 45%] [32m[1mLinking C shared library liblivox_ros_driver2__rosidl_typesupport_introspection_c.so[0m
[10.059s] [ 45%] Built target livox_interfaces2__rosidl_typesupport_introspection_c
[10.200s] [ 47%] [32m[1mLinking CXX shared library liblivox_ros_driver2__rosidl_typesupport_introspection_cpp.so[0m
[10.204s] [ 49%] [32m[1mLinking CXX shared library liblivox_ros_driver2__rosidl_typesupport_fastrtps_c.so[0m
[10.368s] [ 49%] Built target livox_interfaces2__rosidl_typesupport_introspection_cpp
[10.405s] [ 49%] Built target livox_interfaces2__rosidl_typesupport_fastrtps_c
[10.692s] [ 50%] [32m[1mLinking CXX shared library liblivox_ros_driver2__rosidl_typesupport_cpp.so[0m
[10.769s] [ 50%] Built target livox_interfaces2__rosidl_typesupport_cpp
[10.832s] [ 52%] [32m[1mLinking CXX shared library liblivox_ros_driver2__rosidl_typesupport_fastrtps_cpp.so[0m
[10.833s] [ 54%] [32mBuilding CXX object CMakeFiles/livox_ros_driver2.dir/src/lddc.cpp.o[0m
[10.844s] [ 57%] [32mBuilding CXX object CMakeFiles/livox_ros_driver2.dir/src/livox_ros_driver2.cpp.o[0m
[10.848s] [ 57%] [32mBuilding CXX object CMakeFiles/livox_ros_driver2.dir/src/driver_node.cpp.o[0m
[10.852s] [ 59%] [32mBuilding CXX object CMakeFiles/livox_ros_driver2.dir/src/lds.cpp.o[0m
[10.856s] [ 61%] [32mBuilding CXX object CMakeFiles/livox_ros_driver2.dir/src/lds_lidar.cpp.o[0m
[10.867s] [ 63%] [32mBuilding CXX object CMakeFiles/livox_ros_driver2.dir/src/comm/ldq.cpp.o[0m
[10.870s] [ 64%] [32mBuilding CXX object CMakeFiles/livox_ros_driver2.dir/src/comm/comm.cpp.o[0m
[10.878s] [ 66%] [32mBuilding CXX object CMakeFiles/livox_ros_driver2.dir/src/comm/semaphore.cpp.o[0m
[10.878s] [ 68%] [32mBuilding CXX object CMakeFiles/livox_ros_driver2.dir/src/parse_cfg_file/parse_livox_lidar_cfg.cpp.o[0m
[10.883s] [ 70%] [32mBuilding CXX object CMakeFiles/livox_ros_driver2.dir/src/comm/lidar_imu_data_queue.cpp.o[0m
[10.893s] In file included from [01m[K/home/ljhua/ROBOCON2026/lidar_test/CSU-RM-Sentry/src/rm_sensors/livox_ros_driver2/src/driver_node.h:28[m[K,
[10.893s]                  from [01m[K/home/ljhua/ROBOCON2026/lidar_test/CSU-RM-Sentry/src/rm_sensors/livox_ros_driver2/src/driver_node.cpp:25[m[K:
[10.893s] [01m[K/home/ljhua/ROBOCON2026/lidar_test/CSU-RM-Sentry/src/rm_sensors/livox_ros_driver2/src/include/ros_headers.h:28:[m[K [01;35m[Kwarning: [m[K"BUILDING_ROS2" redefined
[10.893s]    28 | #define BUILDING_ROS2
[10.894s]       | 
[10.894s] [01m[K<command-line>:[m[K [01;36m[Knote: [m[Kthis is the location of the previous definition
[10.894s] [ 73%] [32mBuilding CXX object CMakeFiles/livox_ros_driver2.dir/src/comm/cache_index.cpp.o[0m
[10.894s] [ 75%] [32mBuilding CXX object CMakeFiles/livox_ros_driver2.dir/src/call_back/livox_lidar_callback.cpp.o[0m
[10.896s] [ 77%] [32mBuilding CXX object CMakeFiles/livox_ros_driver2.dir/src/comm/pub_handler.cpp.o[0m
[10.902s] [ 75%] [32mBuilding CXX object CMakeFiles/livox_ros_driver2.dir/src/call_back/lidar_common_callback.cpp.o[0m
[10.902s] [ 78%] [32mBuilding CXX object CMakeFiles/livox_ros_driver2.dir/src/parse_cfg_file/parse_cfg_file.cpp.o[0m
[11.214s] [ 78%] Built target livox_interfaces2__rosidl_typesupport_fastrtps_cpp
[11.283s] [ 78%] Built target livox_interfaces2
[11.364s] [ 80%] [34m[1mGenerating Python code for ROS interfaces[0m
[11.372s] In file included from [01m[K/home/ljhua/ROBOCON2026/lidar_test/CSU-RM-Sentry/src/rm_sensors/livox_ros_driver2/src/driver_node.h:28[m[K,
[11.372s]                  from [01m[K/home/ljhua/ROBOCON2026/lidar_test/CSU-RM-Sentry/src/rm_sensors/livox_ros_driver2/src/livox_ros_driver2.cpp:32[m[K:
[11.372s] [01m[K/home/ljhua/ROBOCON2026/lidar_test/CSU-RM-Sentry/src/rm_sensors/livox_ros_driver2/src/include/ros_headers.h:28:[m[K [01;35m[Kwarning: [m[K"BUILDING_ROS2" redefined
[11.372s]    28 | #define BUILDING_ROS2
[11.372s]       | 
[11.377s] [01m[K<command-line>:[m[K [01;36m[Knote: [m[Kthis is the location of the previous definition
[11.632s] In file included from [01m[K/home/ljhua/ROBOCON2026/lidar_test/CSU-RM-Sentry/src/rm_sensors/livox_ros_driver2/src/driver_node.h:28[m[K,
[11.632s]                  from [01m[K/home/ljhua/ROBOCON2026/lidar_test/CSU-RM-Sentry/src/rm_sensors/livox_ros_driver2/src/lddc.h:31[m[K,
[11.632s]                  from [01m[K/home/ljhua/ROBOCON2026/lidar_test/CSU-RM-Sentry/src/rm_sensors/livox_ros_driver2/src/lddc.cpp:25[m[K:
[11.632s] [01m[K/home/ljhua/ROBOCON2026/lidar_test/CSU-RM-Sentry/src/rm_sensors/livox_ros_driver2/src/include/ros_headers.h:28:[m[K [01;35m[Kwarning: [m[K"BUILDING_ROS2" redefined
[11.632s]    28 | #define BUILDING_ROS2
[11.632s]       | 
[11.632s] [01m[K<command-line>:[m[K [01;36m[Knote: [m[Kthis is the location of the previous definition
[13.011s] In file included from [01m[K/home/ljhua/ROBOCON2026/lidar_test/CSU-RM-Sentry/src/rm_sensors/livox_ros_driver2/src/lds_lidar.cpp:47[m[K:
[13.011s] [01m[K/home/ljhua/ROBOCON2026/lidar_test/CSU-RM-Sentry/src/rm_sensors/livox_ros_driver2/src/comm/pub_handler.h:44:29:[m[K [01;35m[Kwarning: [m[K‘[01m[Klivox_ros::extrinsic_global[m[K’ defined but not used [[01;35m[K]8;;https://gcc.gnu.org/onlinedocs/gcc/Warning-Options.html#index-Wunused-variable-Wunused-variable]8;;[m[K]
[13.011s]    44 | static ExtParameterDetailed [01;35m[Kextrinsic_global[m[K = {
[13.011s]       |                             [01;35m[K^~~~~~~~~~~~~~~~[m[K
[13.250s] [ 80%] Built target livox_interfaces2__py
[13.301s] [ 82%] [32mBuilding C object CMakeFiles/livox_interfaces2__rosidl_generator_py.dir/rosidl_generator_py/livox_ros_driver2/msg/_custom_point_s.c.o[0m
[13.303s] [ 84%] [32mBuilding C object CMakeFiles/livox_interfaces2__rosidl_generator_py.dir/rosidl_generator_py/livox_ros_driver2/msg/_custom_msg_s.c.o[0m
[13.640s] [ 85%] [32m[1mLinking C shared library rosidl_generator_py/livox_ros_driver2/liblivox_interfaces2__rosidl_generator_py.so[0m
[13.772s] [ 85%] Built target livox_interfaces2__rosidl_generator_py
[13.803s] [ 87%] [32mBuilding C object CMakeFiles/livox_ros_driver2__rosidl_typesupport_c__pyext.dir/rosidl_generator_py/livox_ros_driver2/_livox_ros_driver2_s.ep.rosidl_typesupport_c.c.o[0m
[13.832s] [ 89%] [32mBuilding C object CMakeFiles/livox_ros_driver2__rosidl_typesupport_fastrtps_c__pyext.dir/rosidl_generator_py/livox_ros_driver2/_livox_ros_driver2_s.ep.rosidl_typesupport_fastrtps_c.c.o[0m
[13.832s] [ 91%] [32mBuilding C object CMakeFiles/livox_ros_driver2__rosidl_typesupport_introspection_c__pyext.dir/rosidl_generator_py/livox_ros_driver2/_livox_ros_driver2_s.ep.rosidl_typesupport_introspection_c.c.o[0m
[14.028s] [ 92%] [32m[1mLinking C shared library rosidl_generator_py/livox_ros_driver2/livox_ros_driver2_s__rosidl_typesupport_fastrtps_c.cpython-310-x86_64-linux-gnu.so[0m
[14.029s] [ 94%] [32m[1mLinking C shared library rosidl_generator_py/livox_ros_driver2/livox_ros_driver2_s__rosidl_typesupport_c.cpython-310-x86_64-linux-gnu.so[0m
[14.080s] [ 96%] [32m[1mLinking C shared library rosidl_generator_py/livox_ros_driver2/livox_ros_driver2_s__rosidl_typesupport_introspection_c.cpython-310-x86_64-linux-gnu.so[0m
[14.110s] [ 96%] Built target livox_ros_driver2__rosidl_typesupport_c__pyext
[14.125s] [ 96%] Built target livox_ros_driver2__rosidl_typesupport_fastrtps_c__pyext
[14.183s] [ 96%] Built target livox_ros_driver2__rosidl_typesupport_introspection_c__pyext
[16.647s] [ 98%] [32m[1mLinking CXX executable livox_ros_driver2_node[0m
[16.848s] [ 98%] Built target livox_ros_driver2_node
[26.106s] [100%] [32m[1mLinking CXX shared library liblivox_ros_driver2.so[0m
[26.725s] [100%] Built target livox_ros_driver2
[26.737s] Invoked command in '/home/ljhua/ROBOCON2026/lidar_test/CSU-RM-Sentry/build/livox_ros_driver2' returned '0': CMAKE_PREFIX_PATH=/opt/ros/humble /usr/bin/cmake --build /home/ljhua/ROBOCON2026/lidar_test/CSU-RM-Sentry/build/livox_ros_driver2 -- -j20 -l20
[26.739s] Invoking command in '/home/ljhua/ROBOCON2026/lidar_test/CSU-RM-Sentry/build/livox_ros_driver2': CMAKE_PREFIX_PATH=/opt/ros/humble /usr/bin/cmake --install /home/ljhua/ROBOCON2026/lidar_test/CSU-RM-Sentry/build/livox_ros_driver2
[26.746s] -- Install configuration: ""
[26.747s] -- Execute custom install script
[26.747s] -- Symlinking: /home/ljhua/ROBOCON2026/lidar_test/CSU-RM-Sentry/install/livox_ros_driver2/share/ament_index/resource_index/rosidl_interfaces/livox_ros_driver2
[26.757s] -- Symlinking: /home/ljhua/ROBOCON2026/lidar_test/CSU-RM-Sentry/install/livox_ros_driver2/include/livox_ros_driver2/livox_ros_driver2/msg/custom_msg.h
[26.764s] -- Symlinking: /home/ljhua/ROBOCON2026/lidar_test/CSU-RM-Sentry/install/livox_ros_driver2/include/livox_ros_driver2/livox_ros_driver2/msg/custom_point.h
[26.774s] -- Symlinking: /home/ljhua/ROBOCON2026/lidar_test/CSU-RM-Sentry/install/livox_ros_driver2/include/livox_ros_driver2/livox_ros_driver2/msg/detail/custom_msg__functions.h
[26.780s] -- Symlinking: /home/ljhua/ROBOCON2026/lidar_test/CSU-RM-Sentry/install/livox_ros_driver2/include/livox_ros_driver2/livox_ros_driver2/msg/detail/custom_msg__struct.h
[26.788s] -- Symlinking: /home/ljhua/ROBOCON2026/lidar_test/CSU-RM-Sentry/install/livox_ros_driver2/include/livox_ros_driver2/livox_ros_driver2/msg/detail/custom_msg__type_support.h
[26.794s] -- Symlinking: /home/ljhua/ROBOCON2026/lidar_test/CSU-RM-Sentry/install/livox_ros_driver2/include/livox_ros_driver2/livox_ros_driver2/msg/detail/custom_point__functions.h
[26.803s] -- Symlinking: /home/ljhua/ROBOCON2026/lidar_test/CSU-RM-Sentry/install/livox_ros_driver2/include/livox_ros_driver2/livox_ros_driver2/msg/detail/custom_point__struct.h
[26.810s] -- Symlinking: /home/ljhua/ROBOCON2026/lidar_test/CSU-RM-Sentry/install/livox_ros_driver2/include/livox_ros_driver2/livox_ros_driver2/msg/detail/custom_point__type_support.h
[26.818s] -- Symlinking: /home/ljhua/ROBOCON2026/lidar_test/CSU-RM-Sentry/install/livox_ros_driver2/include/livox_ros_driver2/livox_ros_driver2/msg/rosidl_generator_c__visibility_control.h
[26.826s] -- Symlinking: /home/ljhua/ROBOCON2026/lidar_test/CSU-RM-Sentry/install/livox_ros_driver2/share/livox_ros_driver2/environment/library_path.sh
[26.836s] -- Symlinking: /home/ljhua/ROBOCON2026/lidar_test/CSU-RM-Sentry/install/livox_ros_driver2/share/livox_ros_driver2/environment/library_path.dsv
[26.844s] -- Symlinking: /home/ljhua/ROBOCON2026/lidar_test/CSU-RM-Sentry/install/livox_ros_driver2/include/livox_ros_driver2/livox_ros_driver2/msg/detail/custom_msg__rosidl_typesupport_fastrtps_c.h
[26.852s] -- Symlinking: /home/ljhua/ROBOCON2026/lidar_test/CSU-RM-Sentry/install/livox_ros_driver2/include/livox_ros_driver2/livox_ros_driver2/msg/detail/custom_point__rosidl_typesupport_fastrtps_c.h
[26.860s] -- Symlinking: /home/ljhua/ROBOCON2026/lidar_test/CSU-RM-Sentry/install/livox_ros_driver2/include/livox_ros_driver2/livox_ros_driver2/msg/rosidl_typesupport_fastrtps_c__visibility_control.h
[26.866s] -- Symlinking: /home/ljhua/ROBOCON2026/lidar_test/CSU-RM-Sentry/install/livox_ros_driver2/include/livox_ros_driver2/livox_ros_driver2/msg/detail/custom_msg__rosidl_typesupport_introspection_c.h
[26.874s] -- Symlinking: /home/ljhua/ROBOCON2026/lidar_test/CSU-RM-Sentry/install/livox_ros_driver2/include/livox_ros_driver2/livox_ros_driver2/msg/detail/custom_point__rosidl_typesupport_introspection_c.h
[26.883s] -- Symlinking: /home/ljhua/ROBOCON2026/lidar_test/CSU-RM-Sentry/install/livox_ros_driver2/include/livox_ros_driver2/livox_ros_driver2/msg/rosidl_typesupport_introspection_c__visibility_control.h
[26.890s] -- Symlinking: /home/ljhua/ROBOCON2026/lidar_test/CSU-RM-Sentry/install/livox_ros_driver2/include/livox_ros_driver2/livox_ros_driver2/msg/custom_msg.hpp
[26.897s] -- Symlinking: /home/ljhua/ROBOCON2026/lidar_test/CSU-RM-Sentry/install/livox_ros_driver2/include/livox_ros_driver2/livox_ros_driver2/msg/custom_point.hpp
[26.904s] -- Symlinking: /home/ljhua/ROBOCON2026/lidar_test/CSU-RM-Sentry/install/livox_ros_driver2/include/livox_ros_driver2/livox_ros_driver2/msg/detail/custom_msg__builder.hpp
[26.911s] -- Symlinking: /home/ljhua/ROBOCON2026/lidar_test/CSU-RM-Sentry/install/livox_ros_driver2/include/livox_ros_driver2/livox_ros_driver2/msg/detail/custom_msg__struct.hpp
[26.920s] -- Symlinking: /home/ljhua/ROBOCON2026/lidar_test/CSU-RM-Sentry/install/livox_ros_driver2/include/livox_ros_driver2/livox_ros_driver2/msg/detail/custom_msg__traits.hpp
[26.926s] -- Symlinking: /home/ljhua/ROBOCON2026/lidar_test/CSU-RM-Sentry/install/livox_ros_driver2/include/livox_ros_driver2/livox_ros_driver2/msg/detail/custom_msg__type_support.hpp
[26.934s] -- Symlinking: /home/ljhua/ROBOCON2026/lidar_test/CSU-RM-Sentry/install/livox_ros_driver2/include/livox_ros_driver2/livox_ros_driver2/msg/detail/custom_point__builder.hpp
[26.943s] -- Symlinking: /home/ljhua/ROBOCON2026/lidar_test/CSU-RM-Sentry/install/livox_ros_driver2/include/livox_ros_driver2/livox_ros_driver2/msg/detail/custom_point__struct.hpp
[26.950s] -- Symlinking: /home/ljhua/ROBOCON2026/lidar_test/CSU-RM-Sentry/install/livox_ros_driver2/include/livox_ros_driver2/livox_ros_driver2/msg/detail/custom_point__traits.hpp
[26.960s] -- Symlinking: /home/ljhua/ROBOCON2026/lidar_test/CSU-RM-Sentry/install/livox_ros_driver2/include/livox_ros_driver2/livox_ros_driver2/msg/detail/custom_point__type_support.hpp
[26.966s] -- Symlinking: /home/ljhua/ROBOCON2026/lidar_test/CSU-RM-Sentry/install/livox_ros_driver2/include/livox_ros_driver2/livox_ros_driver2/msg/rosidl_generator_cpp__visibility_control.hpp
[26.973s] -- Symlinking: /home/ljhua/ROBOCON2026/lidar_test/CSU-RM-Sentry/install/livox_ros_driver2/include/livox_ros_driver2/livox_ros_driver2/msg/detail/custom_msg__rosidl_typesupport_fastrtps_cpp.hpp
[26.983s] -- Symlinking: /home/ljhua/ROBOCON2026/lidar_test/CSU-RM-Sentry/install/livox_ros_driver2/include/livox_ros_driver2/livox_ros_driver2/msg/detail/custom_point__rosidl_typesupport_fastrtps_cpp.hpp
[26.990s] -- Symlinking: /home/ljhua/ROBOCON2026/lidar_test/CSU-RM-Sentry/install/livox_ros_driver2/include/livox_ros_driver2/livox_ros_driver2/msg/rosidl_typesupport_fastrtps_cpp__visibility_control.h
[26.997s] -- Symlinking: /home/ljhua/ROBOCON2026/lidar_test/CSU-RM-Sentry/install/livox_ros_driver2/include/livox_ros_driver2/livox_ros_driver2/msg/detail/custom_msg__rosidl_typesupport_introspection_cpp.hpp
[27.005s] -- Symlinking: /home/ljhua/ROBOCON2026/lidar_test/CSU-RM-Sentry/install/livox_ros_driver2/include/livox_ros_driver2/livox_ros_driver2/msg/detail/custom_point__rosidl_typesupport_introspection_cpp.hpp
[27.012s] -- Symlinking: /home/ljhua/ROBOCON2026/lidar_test/CSU-RM-Sentry/install/livox_ros_driver2/share/livox_ros_driver2/environment/pythonpath.sh
[27.018s] -- Symlinking: /home/ljhua/ROBOCON2026/lidar_test/CSU-RM-Sentry/install/livox_ros_driver2/share/livox_ros_driver2/environment/pythonpath.dsv
[27.025s] -- Symlinking: /home/ljhua/ROBOCON2026/lidar_test/CSU-RM-Sentry/install/livox_ros_driver2/local/lib/python3.10/dist-packages/livox_ros_driver2-1.0.0-py3.10.egg-info/PKG-INFO
[27.032s] -- Symlinking: /home/ljhua/ROBOCON2026/lidar_test/CSU-RM-Sentry/install/livox_ros_driver2/local/lib/python3.10/dist-packages/livox_ros_driver2-1.0.0-py3.10.egg-info/SOURCES.txt
[27.040s] -- Symlinking: /home/ljhua/ROBOCON2026/lidar_test/CSU-RM-Sentry/install/livox_ros_driver2/local/lib/python3.10/dist-packages/livox_ros_driver2-1.0.0-py3.10.egg-info/dependency_links.txt
[27.045s] -- Symlinking: /home/ljhua/ROBOCON2026/lidar_test/CSU-RM-Sentry/install/livox_ros_driver2/local/lib/python3.10/dist-packages/livox_ros_driver2-1.0.0-py3.10.egg-info/top_level.txt
[27.053s] -- Symlinking: /home/ljhua/ROBOCON2026/lidar_test/CSU-RM-Sentry/install/livox_ros_driver2/local/lib/python3.10/dist-packages/livox_ros_driver2/__init__.py
[27.061s] -- Symlinking: /home/ljhua/ROBOCON2026/lidar_test/CSU-RM-Sentry/install/livox_ros_driver2/local/lib/python3.10/dist-packages/livox_ros_driver2/_livox_ros_driver2_s.ep.rosidl_typesupport_c.c
[27.067s] -- Symlinking: /home/ljhua/ROBOCON2026/lidar_test/CSU-RM-Sentry/install/livox_ros_driver2/local/lib/python3.10/dist-packages/livox_ros_driver2/_livox_ros_driver2_s.ep.rosidl_typesupport_fastrtps_c.c
[27.076s] -- Symlinking: /home/ljhua/ROBOCON2026/lidar_test/CSU-RM-Sentry/install/livox_ros_driver2/local/lib/python3.10/dist-packages/livox_ros_driver2/_livox_ros_driver2_s.ep.rosidl_typesupport_introspection_c.c
[27.083s] -- Symlinking: /home/ljhua/ROBOCON2026/lidar_test/CSU-RM-Sentry/install/livox_ros_driver2/local/lib/python3.10/dist-packages/livox_ros_driver2/liblivox_interfaces2__rosidl_generator_py.so
[27.091s] -- Symlinking: /home/ljhua/ROBOCON2026/lidar_test/CSU-RM-Sentry/install/livox_ros_driver2/local/lib/python3.10/dist-packages/livox_ros_driver2/livox_ros_driver2_s__rosidl_typesupport_c.cpython-310-x86_64-linux-gnu.so
[27.099s] -- Symlinking: /home/ljhua/ROBOCON2026/lidar_test/CSU-RM-Sentry/install/livox_ros_driver2/local/lib/python3.10/dist-packages/livox_ros_driver2/livox_ros_driver2_s__rosidl_typesupport_fastrtps_c.cpython-310-x86_64-linux-gnu.so
[27.108s] -- Symlinking: /home/ljhua/ROBOCON2026/lidar_test/CSU-RM-Sentry/install/livox_ros_driver2/local/lib/python3.10/dist-packages/livox_ros_driver2/livox_ros_driver2_s__rosidl_typesupport_introspection_c.cpython-310-x86_64-linux-gnu.so
[27.118s] -- Symlinking: /home/ljhua/ROBOCON2026/lidar_test/CSU-RM-Sentry/install/livox_ros_driver2/local/lib/python3.10/dist-packages/livox_ros_driver2/msg/__init__.py
[27.124s] -- Symlinking: /home/ljhua/ROBOCON2026/lidar_test/CSU-RM-Sentry/install/livox_ros_driver2/local/lib/python3.10/dist-packages/livox_ros_driver2/msg/_custom_msg.py
[27.134s] -- Symlinking: /home/ljhua/ROBOCON2026/lidar_test/CSU-RM-Sentry/install/livox_ros_driver2/local/lib/python3.10/dist-packages/livox_ros_driver2/msg/_custom_msg_s.c
[27.141s] -- Symlinking: /home/ljhua/ROBOCON2026/lidar_test/CSU-RM-Sentry/install/livox_ros_driver2/local/lib/python3.10/dist-packages/livox_ros_driver2/msg/_custom_point.py
[27.149s] -- Symlinking: /home/ljhua/ROBOCON2026/lidar_test/CSU-RM-Sentry/install/livox_ros_driver2/local/lib/python3.10/dist-packages/livox_ros_driver2/msg/_custom_point_s.c
[27.158s] -- Up-to-date symlink: /home/ljhua/ROBOCON2026/lidar_test/CSU-RM-Sentry/install/livox_ros_driver2/local/lib/python3.10/dist-packages/livox_ros_driver2/livox_ros_driver2_s__rosidl_typesupport_fastrtps_c.cpython-310-x86_64-linux-gnu.so
[27.158s] -- Up-to-date symlink: /home/ljhua/ROBOCON2026/lidar_test/CSU-RM-Sentry/install/livox_ros_driver2/local/lib/python3.10/dist-packages/livox_ros_driver2/livox_ros_driver2_s__rosidl_typesupport_introspection_c.cpython-310-x86_64-linux-gnu.so
[27.158s] -- Up-to-date symlink: /home/ljhua/ROBOCON2026/lidar_test/CSU-RM-Sentry/install/livox_ros_driver2/local/lib/python3.10/dist-packages/livox_ros_driver2/livox_ros_driver2_s__rosidl_typesupport_c.cpython-310-x86_64-linux-gnu.so
[27.158s] -- Symlinking: /home/ljhua/ROBOCON2026/lidar_test/CSU-RM-Sentry/install/livox_ros_driver2/share/livox_ros_driver2/msg/CustomPoint.idl
[27.167s] -- Symlinking: /home/ljhua/ROBOCON2026/lidar_test/CSU-RM-Sentry/install/livox_ros_driver2/share/livox_ros_driver2/msg/CustomMsg.idl
[27.175s] -- Symlinking: /home/ljhua/ROBOCON2026/lidar_test/CSU-RM-Sentry/install/livox_ros_driver2/share/livox_ros_driver2/msg/CustomPoint.msg
[27.181s] -- Symlinking: /home/ljhua/ROBOCON2026/lidar_test/CSU-RM-Sentry/install/livox_ros_driver2/share/livox_ros_driver2/msg/CustomMsg.msg
[27.188s] -- Symlinking: /home/ljhua/ROBOCON2026/lidar_test/CSU-RM-Sentry/install/livox_ros_driver2/lib/livox_ros_driver2/livox_ros_driver2_node
[27.194s] -- Symlinking: /home/ljhua/ROBOCON2026/lidar_test/CSU-RM-Sentry/install/livox_ros_driver2/lib/liblivox_ros_driver2.so
[27.201s] -- Symlinking: /home/ljhua/ROBOCON2026/lidar_test/CSU-RM-Sentry/install/livox_ros_driver2/share/livox_ros_driver2/config/HAP_config.json
[27.208s] -- Symlinking: /home/ljhua/ROBOCON2026/lidar_test/CSU-RM-Sentry/install/livox_ros_driver2/share/livox_ros_driver2/config/MID360_config.json
[27.216s] -- Symlinking: /home/ljhua/ROBOCON2026/lidar_test/CSU-RM-Sentry/install/livox_ros_driver2/share/livox_ros_driver2/config/display_point_cloud.rviz
[27.223s] -- Symlinking: /home/ljhua/ROBOCON2026/lidar_test/CSU-RM-Sentry/install/livox_ros_driver2/share/livox_ros_driver2/config/mixed_HAP_MID360_config.json
[27.233s] -- Symlinking: /home/ljhua/ROBOCON2026/lidar_test/CSU-RM-Sentry/install/livox_ros_driver2/share/livox_ros_driver2/launch/msg_HAP_launch.py
[27.242s] -- Symlinking: /home/ljhua/ROBOCON2026/lidar_test/CSU-RM-Sentry/install/livox_ros_driver2/share/livox_ros_driver2/launch/msg_MID360_launch.py
[27.250s] -- Symlinking: /home/ljhua/ROBOCON2026/lidar_test/CSU-RM-Sentry/install/livox_ros_driver2/share/livox_ros_driver2/launch/rviz_HAP_launch.py
[27.262s] -- Symlinking: /home/ljhua/ROBOCON2026/lidar_test/CSU-RM-Sentry/install/livox_ros_driver2/share/livox_ros_driver2/launch/rviz_MID360_launch.py
[27.280s] -- Symlinking: /home/ljhua/ROBOCON2026/lidar_test/CSU-RM-Sentry/install/livox_ros_driver2/share/livox_ros_driver2/launch/rviz_mixed.py
[27.290s] -- Symlinking: /home/ljhua/ROBOCON2026/lidar_test/CSU-RM-Sentry/install/livox_ros_driver2/share/ament_index/resource_index/package_run_dependencies/livox_ros_driver2
[27.300s] -- Symlinking: /home/ljhua/ROBOCON2026/lidar_test/CSU-RM-Sentry/install/livox_ros_driver2/share/ament_index/resource_index/parent_prefix_path/livox_ros_driver2
[27.308s] -- Symlinking: /home/ljhua/ROBOCON2026/lidar_test/CSU-RM-Sentry/install/livox_ros_driver2/share/livox_ros_driver2/environment/ament_prefix_path.sh
[27.318s] -- Symlinking: /home/ljhua/ROBOCON2026/lidar_test/CSU-RM-Sentry/install/livox_ros_driver2/share/livox_ros_driver2/environment/ament_prefix_path.dsv
[27.325s] -- Symlinking: /home/ljhua/ROBOCON2026/lidar_test/CSU-RM-Sentry/install/livox_ros_driver2/share/livox_ros_driver2/environment/path.sh
[27.332s] -- Symlinking: /home/ljhua/ROBOCON2026/lidar_test/CSU-RM-Sentry/install/livox_ros_driver2/share/livox_ros_driver2/environment/path.dsv
[27.342s] -- Symlinking: /home/ljhua/ROBOCON2026/lidar_test/CSU-RM-Sentry/install/livox_ros_driver2/share/livox_ros_driver2/local_setup.bash
[27.348s] -- Symlinking: /home/ljhua/ROBOCON2026/lidar_test/CSU-RM-Sentry/install/livox_ros_driver2/share/livox_ros_driver2/local_setup.sh
[27.355s] -- Symlinking: /home/ljhua/ROBOCON2026/lidar_test/CSU-RM-Sentry/install/livox_ros_driver2/share/livox_ros_driver2/local_setup.zsh
[27.361s] -- Symlinking: /home/ljhua/ROBOCON2026/lidar_test/CSU-RM-Sentry/install/livox_ros_driver2/share/livox_ros_driver2/local_setup.dsv
[27.367s] -- Symlinking: /home/ljhua/ROBOCON2026/lidar_test/CSU-RM-Sentry/install/livox_ros_driver2/share/livox_ros_driver2/package.dsv
[27.374s] -- Symlinking: /home/ljhua/ROBOCON2026/lidar_test/CSU-RM-Sentry/install/livox_ros_driver2/share/ament_index/resource_index/packages/livox_ros_driver2
[27.381s] -- Symlinking: /home/ljhua/ROBOCON2026/lidar_test/CSU-RM-Sentry/install/livox_ros_driver2/share/ament_index/resource_index/rclcpp_components/livox_ros_driver2
[27.387s] -- Symlinking: /home/ljhua/ROBOCON2026/lidar_test/CSU-RM-Sentry/install/livox_ros_driver2/share/livox_ros_driver2/cmake/rosidl_cmake-extras.cmake
[27.394s] -- Symlinking: /home/ljhua/ROBOCON2026/lidar_test/CSU-RM-Sentry/install/livox_ros_driver2/share/livox_ros_driver2/cmake/ament_cmake_export_dependencies-extras.cmake
[27.400s] -- Symlinking: /home/ljhua/ROBOCON2026/lidar_test/CSU-RM-Sentry/install/livox_ros_driver2/share/livox_ros_driver2/cmake/ament_cmake_export_include_directories-extras.cmake
[27.408s] -- Symlinking: /home/ljhua/ROBOCON2026/lidar_test/CSU-RM-Sentry/install/livox_ros_driver2/share/livox_ros_driver2/cmake/ament_cmake_export_libraries-extras.cmake
[27.415s] -- Symlinking: /home/ljhua/ROBOCON2026/lidar_test/CSU-RM-Sentry/install/livox_ros_driver2/share/livox_ros_driver2/cmake/ament_cmake_export_targets-extras.cmake
[27.425s] -- Symlinking: /home/ljhua/ROBOCON2026/lidar_test/CSU-RM-Sentry/install/livox_ros_driver2/share/livox_ros_driver2/cmake/rosidl_cmake_export_typesupport_targets-extras.cmake
[27.433s] -- Symlinking: /home/ljhua/ROBOCON2026/lidar_test/CSU-RM-Sentry/install/livox_ros_driver2/share/livox_ros_driver2/cmake/rosidl_cmake_export_typesupport_libraries-extras.cmake
[27.440s] -- Symlinking: /home/ljhua/ROBOCON2026/lidar_test/CSU-RM-Sentry/install/livox_ros_driver2/share/livox_ros_driver2/cmake/livox_ros_driver2Config.cmake
[27.447s] -- Symlinking: /home/ljhua/ROBOCON2026/lidar_test/CSU-RM-Sentry/install/livox_ros_driver2/share/livox_ros_driver2/cmake/livox_ros_driver2Config-version.cmake
[27.454s] -- Symlinking: /home/ljhua/ROBOCON2026/lidar_test/CSU-RM-Sentry/install/livox_ros_driver2/share/livox_ros_driver2/package.xml
[27.461s] -- Installing: /home/ljhua/ROBOCON2026/lidar_test/CSU-RM-Sentry/install/livox_ros_driver2/lib/liblivox_ros_driver2__rosidl_generator_c.so
[27.461s] -- Set runtime path of "/home/ljhua/ROBOCON2026/lidar_test/CSU-RM-Sentry/install/livox_ros_driver2/lib/liblivox_ros_driver2__rosidl_generator_c.so" to ""
[27.461s] -- Installing: /home/ljhua/ROBOCON2026/lidar_test/CSU-RM-Sentry/install/livox_ros_driver2/lib/liblivox_ros_driver2__rosidl_typesupport_fastrtps_c.so
[27.462s] -- Set runtime path of "/home/ljhua/ROBOCON2026/lidar_test/CSU-RM-Sentry/install/livox_ros_driver2/lib/liblivox_ros_driver2__rosidl_typesupport_fastrtps_c.so" to ""
[27.462s] -- Installing: /home/ljhua/ROBOCON2026/lidar_test/CSU-RM-Sentry/install/livox_ros_driver2/lib/liblivox_ros_driver2__rosidl_typesupport_introspection_c.so
[27.462s] -- Set runtime path of "/home/ljhua/ROBOCON2026/lidar_test/CSU-RM-Sentry/install/livox_ros_driver2/lib/liblivox_ros_driver2__rosidl_typesupport_introspection_c.so" to ""
[27.463s] -- Installing: /home/ljhua/ROBOCON2026/lidar_test/CSU-RM-Sentry/install/livox_ros_driver2/lib/liblivox_ros_driver2__rosidl_typesupport_c.so
[27.463s] -- Set runtime path of "/home/ljhua/ROBOCON2026/lidar_test/CSU-RM-Sentry/install/livox_ros_driver2/lib/liblivox_ros_driver2__rosidl_typesupport_c.so" to ""
[27.463s] -- Installing: /home/ljhua/ROBOCON2026/lidar_test/CSU-RM-Sentry/install/livox_ros_driver2/lib/liblivox_ros_driver2__rosidl_typesupport_fastrtps_cpp.so
[27.463s] -- Set runtime path of "/home/ljhua/ROBOCON2026/lidar_test/CSU-RM-Sentry/install/livox_ros_driver2/lib/liblivox_ros_driver2__rosidl_typesupport_fastrtps_cpp.so" to ""
[27.464s] -- Installing: /home/ljhua/ROBOCON2026/lidar_test/CSU-RM-Sentry/install/livox_ros_driver2/lib/liblivox_ros_driver2__rosidl_typesupport_introspection_cpp.so
[27.464s] -- Set runtime path of "/home/ljhua/ROBOCON2026/lidar_test/CSU-RM-Sentry/install/livox_ros_driver2/lib/liblivox_ros_driver2__rosidl_typesupport_introspection_cpp.so" to ""
[27.464s] -- Installing: /home/ljhua/ROBOCON2026/lidar_test/CSU-RM-Sentry/install/livox_ros_driver2/lib/liblivox_ros_driver2__rosidl_typesupport_cpp.so
[27.465s] -- Set runtime path of "/home/ljhua/ROBOCON2026/lidar_test/CSU-RM-Sentry/install/livox_ros_driver2/lib/liblivox_ros_driver2__rosidl_typesupport_cpp.so" to ""
[27.495s] Listing '/home/ljhua/ROBOCON2026/lidar_test/CSU-RM-Sentry/install/livox_ros_driver2/local/lib/python3.10/dist-packages/livox_ros_driver2'...
[27.495s] Compiling '/home/ljhua/ROBOCON2026/lidar_test/CSU-RM-Sentry/install/livox_ros_driver2/local/lib/python3.10/dist-packages/livox_ros_driver2/__init__.py'...
[27.495s] Listing '/home/ljhua/ROBOCON2026/lidar_test/CSU-RM-Sentry/install/livox_ros_driver2/local/lib/python3.10/dist-packages/livox_ros_driver2/msg'...
[27.495s] Compiling '/home/ljhua/ROBOCON2026/lidar_test/CSU-RM-Sentry/install/livox_ros_driver2/local/lib/python3.10/dist-packages/livox_ros_driver2/msg/__init__.py'...
[27.495s] Compiling '/home/ljhua/ROBOCON2026/lidar_test/CSU-RM-Sentry/install/livox_ros_driver2/local/lib/python3.10/dist-packages/livox_ros_driver2/msg/_custom_msg.py'...
[27.495s] Compiling '/home/ljhua/ROBOCON2026/lidar_test/CSU-RM-Sentry/install/livox_ros_driver2/local/lib/python3.10/dist-packages/livox_ros_driver2/msg/_custom_point.py'...
[27.499s] -- Installing: /home/ljhua/ROBOCON2026/lidar_test/CSU-RM-Sentry/install/livox_ros_driver2/lib/liblivox_interfaces2__rosidl_generator_py.so
[27.500s] -- Set runtime path of "/home/ljhua/ROBOCON2026/lidar_test/CSU-RM-Sentry/install/livox_ros_driver2/lib/liblivox_interfaces2__rosidl_generator_py.so" to ""
[27.500s] -- Installing: /home/ljhua/ROBOCON2026/lidar_test/CSU-RM-Sentry/install/livox_ros_driver2/share/livox_ros_driver2/cmake/export_livox_interfaces2__rosidl_generator_cExport.cmake
[27.500s] -- Installing: /home/ljhua/ROBOCON2026/lidar_test/CSU-RM-Sentry/install/livox_ros_driver2/share/livox_ros_driver2/cmake/export_livox_interfaces2__rosidl_generator_cExport-noconfig.cmake
[27.500s] -- Installing: /home/ljhua/ROBOCON2026/lidar_test/CSU-RM-Sentry/install/livox_ros_driver2/share/livox_ros_driver2/cmake/export_livox_interfaces2__rosidl_typesupport_fastrtps_cExport.cmake
[27.500s] -- Installing: /home/ljhua/ROBOCON2026/lidar_test/CSU-RM-Sentry/install/livox_ros_driver2/share/livox_ros_driver2/cmake/export_livox_interfaces2__rosidl_typesupport_fastrtps_cExport-noconfig.cmake
[27.500s] -- Installing: /home/ljhua/ROBOCON2026/lidar_test/CSU-RM-Sentry/install/livox_ros_driver2/share/livox_ros_driver2/cmake/livox_interfaces2__rosidl_typesupport_introspection_cExport.cmake
[27.501s] -- Installing: /home/ljhua/ROBOCON2026/lidar_test/CSU-RM-Sentry/install/livox_ros_driver2/share/livox_ros_driver2/cmake/livox_interfaces2__rosidl_typesupport_introspection_cExport-noconfig.cmake
[27.501s] -- Installing: /home/ljhua/ROBOCON2026/lidar_test/CSU-RM-Sentry/install/livox_ros_driver2/share/livox_ros_driver2/cmake/livox_interfaces2__rosidl_typesupport_cExport.cmake
[27.501s] -- Installing: /home/ljhua/ROBOCON2026/lidar_test/CSU-RM-Sentry/install/livox_ros_driver2/share/livox_ros_driver2/cmake/livox_interfaces2__rosidl_typesupport_cExport-noconfig.cmake
[27.501s] -- Installing: /home/ljhua/ROBOCON2026/lidar_test/CSU-RM-Sentry/install/livox_ros_driver2/share/livox_ros_driver2/cmake/export_livox_interfaces2__rosidl_generator_cppExport.cmake
[27.501s] -- Installing: /home/ljhua/ROBOCON2026/lidar_test/CSU-RM-Sentry/install/livox_ros_driver2/share/livox_ros_driver2/cmake/export_livox_interfaces2__rosidl_typesupport_fastrtps_cppExport.cmake
[27.502s] -- Installing: /home/ljhua/ROBOCON2026/lidar_test/CSU-RM-Sentry/install/livox_ros_driver2/share/livox_ros_driver2/cmake/export_livox_interfaces2__rosidl_typesupport_fastrtps_cppExport-noconfig.cmake
[27.502s] -- Installing: /home/ljhua/ROBOCON2026/lidar_test/CSU-RM-Sentry/install/livox_ros_driver2/share/livox_ros_driver2/cmake/livox_interfaces2__rosidl_typesupport_introspection_cppExport.cmake
[27.502s] -- Installing: /home/ljhua/ROBOCON2026/lidar_test/CSU-RM-Sentry/install/livox_ros_driver2/share/livox_ros_driver2/cmake/livox_interfaces2__rosidl_typesupport_introspection_cppExport-noconfig.cmake
[27.502s] -- Installing: /home/ljhua/ROBOCON2026/lidar_test/CSU-RM-Sentry/install/livox_ros_driver2/share/livox_ros_driver2/cmake/livox_interfaces2__rosidl_typesupport_cppExport.cmake
[27.502s] -- Installing: /home/ljhua/ROBOCON2026/lidar_test/CSU-RM-Sentry/install/livox_ros_driver2/share/livox_ros_driver2/cmake/livox_interfaces2__rosidl_typesupport_cppExport-noconfig.cmake
[27.503s] -- Installing: /home/ljhua/ROBOCON2026/lidar_test/CSU-RM-Sentry/install/livox_ros_driver2/share/livox_ros_driver2/cmake/export_livox_interfaces2__rosidl_generator_pyExport.cmake
[27.503s] -- Installing: /home/ljhua/ROBOCON2026/lidar_test/CSU-RM-Sentry/install/livox_ros_driver2/share/livox_ros_driver2/cmake/export_livox_interfaces2__rosidl_generator_pyExport-noconfig.cmake
[27.505s] Invoked command in '/home/ljhua/ROBOCON2026/lidar_test/CSU-RM-Sentry/build/livox_ros_driver2' returned '0': CMAKE_PREFIX_PATH=/opt/ros/humble /usr/bin/cmake --install /home/ljhua/ROBOCON2026/lidar_test/CSU-RM-Sentry/build/livox_ros_driver2
